Clock: gpio_in[38]
Sources: gpio_in[38] 
Generated: no
Virtual: yes
Propagated: no
Period: 25.000000

===========================================================================
report_clock_properties
============================================================================
Clock                   Period          Waveform
----------------------------------------------------
gpio_in[38]          25.000000    0.000000 12.500000

===========================================================================
report_clock_latency
============================================================================
Clock gpio_in[38]
rise -> rise
    min     max
0.000000 0.000000 source latency
1.407066         network latency _103_/CLK
        1.426735 network latency _100_/CLK
---------------
1.407066 1.426735 latency
        0.019669 skew

fall -> fall
    min     max
0.000000 0.000000 source latency
1.142695         network latency _103_/CLK
        1.158349 network latency _100_/CLK
---------------
1.142695 1.158349 latency
        0.015654 skew



===========================================================================
report_clock_min_period
============================================================================
gpio_in[38] period_min = 6.72 fmax = 148.74
