Clock: gpio_in[38]
Sources: gpio_in[38] 
Generated: no
Virtual: yes
Propagated: no
Period: 25.000000

===========================================================================
report_clock_properties
============================================================================
Clock                   Period          Waveform
----------------------------------------------------
gpio_in[38]          25.000000    0.000000 12.500000

===========================================================================
report_clock_latency
============================================================================
Clock gpio_in[38]
rise -> rise
    min     max
0.000000 0.000000 source latency
1.301668         network latency _106_/CLK
        1.315847 network latency _100_/CLK
---------------
1.301668 1.315847 latency
        0.014179 skew

fall -> fall
    min     max
0.000000 0.000000 source latency
1.061460         network latency _106_/CLK
        1.072324 network latency _100_/CLK
---------------
1.061460 1.072324 latency
        0.010863 skew



===========================================================================
report_clock_min_period
============================================================================
gpio_in[38] period_min = 6.51 fmax = 153.71
