Clock: __VIRTUAL_CLK__
Sources: 
Generated: no
Virtual: yes
Propagated: no
Period: 10.000000

===========================================================================
report_clock_properties
============================================================================
Clock                   Period          Waveform
----------------------------------------------------
__VIRTUAL_CLK__      10.000000    0.000000  5.000000

===========================================================================
report_clock_latency
============================================================================
Clock __VIRTUAL_CLK__
rise -> rise
    min     max
0.000000 0.000000 source latency
2.591083         network latency mprj/gpio_in[38]
        2.591083 network latency mprj/gpio_in[38]
---------------
2.591083 2.591083 latency
        0.000000 skew

rise -> fall
    min     max
0.000000 0.000000 source latency
2.282640         network latency mprj/gpio_in[38]
        2.282640 network latency mprj/gpio_in[38]
---------------
2.282640 2.282640 latency
        0.000000 skew



===========================================================================
report_clock_min_period
============================================================================
__VIRTUAL_CLK__ period_min = 0.00 fmax = inf
