
===========================================================================
report_checks -path_delay min (Hold)
============================================================================
======================= max_ff_n40C_1v95 Corner ===================================

Startpoint: gpio_in[0] (input port clocked by __VIRTUAL_CLK__)
Endpoint: gpio_oeb[20] (output port clocked by __VIRTUAL_CLK__)
Path Group: __VIRTUAL_CLK__
Path Type: min

Fanout         Cap        Slew       Delay        Time   Description
---------------------------------------------------------------------------------------------
                      0.000000    0.000000    0.000000   clock __VIRTUAL_CLK__ (rise edge)
                                  0.000000    0.000000   clock network delay (ideal)
                                  2.000000    2.000000 ^ input external delay
     1    0.379134    1.277108    0.942420    2.942420 ^ gpio_in[0] (in)
                                                         gpio_in[0] (net)
                      1.290149    0.000000    2.942420 ^ mprj/gpio_in[0] (counter_gpio_config_example)
     1    0.693009    1.538536    1.588721    4.531140 v mprj/gpio_oeb[20] (counter_gpio_config_example)
                                                         gpio_oeb[20] (net)
                      1.687329    0.363761    4.894901 v gpio_oeb[20] (out)
                                              4.894901   data arrival time

                      0.000000    0.000000    0.000000   clock __VIRTUAL_CLK__ (rise edge)
                                  0.000000    0.000000   clock network delay (ideal)
                                  0.250000    0.250000   clock uncertainty
                                  0.000000    0.250000   clock reconvergence pessimism
                                 -2.000000   -1.750000   output external delay
                                             -1.750000   data required time
---------------------------------------------------------------------------------------------
                                             -1.750000   data required time
                                             -4.894901   data arrival time
---------------------------------------------------------------------------------------------
                                              6.644902   slack (MET)


Startpoint: gpio_in[0] (input port clocked by __VIRTUAL_CLK__)
Endpoint: gpio_oeb[19] (output port clocked by __VIRTUAL_CLK__)
Path Group: __VIRTUAL_CLK__
Path Type: min

Fanout         Cap        Slew       Delay        Time   Description
---------------------------------------------------------------------------------------------
                      0.000000    0.000000    0.000000   clock __VIRTUAL_CLK__ (rise edge)
                                  0.000000    0.000000   clock network delay (ideal)
                                  2.000000    2.000000 ^ input external delay
     1    0.379134    1.277108    0.942420    2.942420 ^ gpio_in[0] (in)
                                                         gpio_in[0] (net)
                      1.290149    0.000000    2.942420 ^ mprj/gpio_in[0] (counter_gpio_config_example)
     1    0.737108    1.304806    1.353761    4.296181 v mprj/gpio_oeb[19] (counter_gpio_config_example)
                                                         gpio_oeb[19] (net)
                      2.853702    1.258993    5.555174 v gpio_oeb[19] (out)
                                              5.555174   data arrival time

                      0.000000    0.000000    0.000000   clock __VIRTUAL_CLK__ (rise edge)
                                  0.000000    0.000000   clock network delay (ideal)
                                  0.250000    0.250000   clock uncertainty
                                  0.000000    0.250000   clock reconvergence pessimism
                                 -2.000000   -1.750000   output external delay
                                             -1.750000   data required time
---------------------------------------------------------------------------------------------
                                             -1.750000   data required time
                                             -5.555174   data arrival time
---------------------------------------------------------------------------------------------
                                              7.305173   slack (MET)


Startpoint: gpio_in[0] (input port clocked by __VIRTUAL_CLK__)
Endpoint: gpio_oeb[18] (output port clocked by __VIRTUAL_CLK__)
Path Group: __VIRTUAL_CLK__
Path Type: min

Fanout         Cap        Slew       Delay        Time   Description
---------------------------------------------------------------------------------------------
                      0.000000    0.000000    0.000000   clock __VIRTUAL_CLK__ (rise edge)
                                  0.000000    0.000000   clock network delay (ideal)
                                  2.000000    2.000000 ^ input external delay
     1    0.379134    1.277108    0.942420    2.942420 ^ gpio_in[0] (in)
                                                         gpio_in[0] (net)
                      1.290149    0.000000    2.942420 ^ mprj/gpio_in[0] (counter_gpio_config_example)
     1    0.687451    1.144907    1.052286    3.994706 v mprj/gpio_oeb[18] (counter_gpio_config_example)
                                                         gpio_oeb[18] (net)
                      3.537548    1.727608    5.722314 v gpio_oeb[18] (out)
                                              5.722314   data arrival time

                      0.000000    0.000000    0.000000   clock __VIRTUAL_CLK__ (rise edge)
                                  0.000000    0.000000   clock network delay (ideal)
                                  0.250000    0.250000   clock uncertainty
                                  0.000000    0.250000   clock reconvergence pessimism
                                 -2.000000   -1.750000   output external delay
                                             -1.750000   data required time
---------------------------------------------------------------------------------------------
                                             -1.750000   data required time
                                             -5.722314   data arrival time
---------------------------------------------------------------------------------------------
                                              7.472314   slack (MET)


Startpoint: gpio_in[0] (input port clocked by __VIRTUAL_CLK__)
Endpoint: gpio_oeb[21] (output port clocked by __VIRTUAL_CLK__)
Path Group: __VIRTUAL_CLK__
Path Type: min

Fanout         Cap        Slew       Delay        Time   Description
---------------------------------------------------------------------------------------------
                      0.000000    0.000000    0.000000   clock __VIRTUAL_CLK__ (rise edge)
                                  0.000000    0.000000   clock network delay (ideal)
                                  2.000000    2.000000 ^ input external delay
     1    0.379134    1.277108    0.942420    2.942420 ^ gpio_in[0] (in)
                                                         gpio_in[0] (net)
                      1.290149    0.000000    2.942420 ^ mprj/gpio_in[0] (counter_gpio_config_example)
     1    0.724505    0.864288    1.190977    4.133397 v mprj/gpio_oeb[21] (counter_gpio_config_example)
                                                         gpio_oeb[21] (net)
                      4.085629    1.961035    6.094432 v gpio_oeb[21] (out)
                                              6.094432   data arrival time

                      0.000000    0.000000    0.000000   clock __VIRTUAL_CLK__ (rise edge)
                                  0.000000    0.000000   clock network delay (ideal)
                                  0.250000    0.250000   clock uncertainty
                                  0.000000    0.250000   clock reconvergence pessimism
                                 -2.000000   -1.750000   output external delay
                                             -1.750000   data required time
---------------------------------------------------------------------------------------------
                                             -1.750000   data required time
                                             -6.094432   data arrival time
---------------------------------------------------------------------------------------------
                                              7.844432   slack (MET)



