#### Caravel repo info ####
Repo: caravel-lite  (https://github.com/https://github.com/chipfoundry/caravel-lite )
Branch name: commit 82785967af97887e5f62c19cee1e957462dfe7e6
Author: Marwan Abbas <67271180+marwaneltoukhy@users.noreply.github.com>
Date:   Mon Feb 9 12:38:34 2026 +0200

    Merge pull request #4 from chipfoundry/openframe_support
    
    Add conditional SPI flash instantiation


#### User repo info ####
Repo: openframe_user_project  (https://github.com/chipfoundry/openframe_user_project )
Branch name: main
commit ca732a645568d89efc9db3052eadeca47c60cf4d
Author: Marwan Abbas <67271180+marwaneltoukhy@users.noreply.github.com>
Date:   Mon Feb 9 13:56:30 2026 +0200

    Make mcw_root argument optional in setup-cocotb.py


#### caravel-dynamic-sims repo info ####
Repo: openframe_user_project  (https://github.com/chipfoundry/openframe_user_project )
Branch name: main
commit ca732a645568d89efc9db3052eadeca47c60cf4d
Author: Marwan Abbas <67271180+marwaneltoukhy@users.noreply.github.com>
Date:   Mon Feb 9 13:56:30 2026 +0200

    Make mcw_root argument optional in setup-cocotb.py
