Starting…
Running 'Verilator.Lint' at 'counter_gpio_config_example/runs/26_02_09_04_39/01-verilator-lint'…
Logging subprocess to [repr.filename]'counter_gpio_config_example/runs/26_02_09_04_39/01-verilator-lint/verilator-lint.log'[/repr.filename]…
Running 'Checker.LintTimingConstructs' at 'counter_gpio_config_example/runs/26_02_09_04_39/02-checker-linttimingconstructs'…
Check for Lint Timing Errors clear.
Running 'Checker.LintErrors' at 'counter_gpio_config_example/runs/26_02_09_04_39/03-checker-linterrors'…
Check for Lint errors clear.
Running 'Checker.LintWarnings' at 'counter_gpio_config_example/runs/26_02_09_04_39/04-checker-lintwarnings'…
8 Lint warnings found.
Running 'Yosys.JsonHeader' at 'counter_gpio_config_example/runs/26_02_09_04_39/05-yosys-jsonheader'…
Logging subprocess to [repr.filename]'counter_gpio_config_example/runs/26_02_09_04_39/05-yosys-jsonheader/yosys-jsonheader.log'[/repr.filename]…
Running 'Yosys.Synthesis' at 'counter_gpio_config_example/runs/26_02_09_04_39/06-yosys-synthesis'…
Logging subprocess to [repr.filename]'counter_gpio_config_example/runs/26_02_09_04_39/06-yosys-synthesis/yosys-synthesis.log'[/repr.filename]…
Parsing synthesis checks…
Running 'Checker.YosysUnmappedCells' at 'counter_gpio_config_example/runs/26_02_09_04_39/07-checker-yosysunmappedcells'…
Check for Unmapped Yosys instances clear.
Running 'Checker.YosysSynthChecks' at 'counter_gpio_config_example/runs/26_02_09_04_39/08-checker-yosyssynthchecks'…
Check for Yosys check errors clear.
Running 'Checker.NetlistAssignStatements' at 'counter_gpio_config_example/runs/26_02_09_04_39/09-checker-netlistassignstatements'…
Running 'OpenROAD.CheckSDCFiles' at 'counter_gpio_config_example/runs/26_02_09_04_39/10-openroad-checksdcfiles'…
'PNR_SDC_FILE' is not defined. Using generic fallback SDC for OpenROAD PnR steps.
'SIGNOFF_SDC_FILE' is not defined. Using generic fallback SDC for OpenROAD PnR steps.
Running 'OpenROAD.CheckMacroInstances' at 'counter_gpio_config_example/runs/26_02_09_04_39/11-openroad-checkmacroinstances'…
No macros found, skipping instance check…
Running 'OpenROAD.STAPrePNR' at 'counter_gpio_config_example/runs/26_02_09_04_39/12-openroad-staprepnr'…
Starting STA for the nom_tt_025C_1v80 timing corner…
Starting STA for the nom_ss_100C_1v60 timing corner…
Starting STA for the nom_ff_n40C_1v95 timing corner…
Skipping corner min_tt_025C_1v80 for STA (identical to nom_tt_025C_1v80 at this stage)…
Logging subprocess to [repr.filename]'counter_gpio_config_example/runs/26_02_09_04_39/12-openroad-staprepnr/nom_tt_025C_1v80/sta.log'[/repr.filename]…
Logging subprocess to [repr.filename]'counter_gpio_config_example/runs/26_02_09_04_39/12-openroad-staprepnr/nom_ss_100C_1v60/sta.log'[/repr.filename]…
Skipping corner min_ss_100C_1v60 for STA (identical to nom_ss_100C_1v60 at this stage)…
Logging subprocess to [repr.filename]'counter_gpio_config_example/runs/26_02_09_04_39/12-openroad-staprepnr/nom_ff_n40C_1v95/sta.log'[/repr.filename]…
Skipping corner min_ff_n40C_1v95 for STA (identical to nom_ff_n40C_1v95 at this stage)…
Skipping corner max_tt_025C_1v80 for STA (identical to nom_tt_025C_1v80 at this stage)…
Skipping corner max_ss_100C_1v60 for STA (identical to nom_ss_100C_1v60 at this stage)…
Skipping corner max_ff_n40C_1v95 for STA (identical to nom_ff_n40C_1v95 at this stage)…
Finished STA for the nom_tt_025C_1v80 timing corner.
Finished STA for the nom_ss_100C_1v60 timing corner.
Finished STA for the nom_ff_n40C_1v95 timing corner.
Running 'OpenROAD.Floorplan' at 'counter_gpio_config_example/runs/26_02_09_04_39/13-openroad-floorplan'…
Logging subprocess to [repr.filename]'counter_gpio_config_example/runs/26_02_09_04_39/13-openroad-floorplan/openroad-floorplan.log'[/repr.filename]…
Running 'Odb.CheckMacroAntennaProperties' at 'counter_gpio_config_example/runs/26_02_09_04_39/14-odb-checkmacroantennaproperties'…
No cells provided, skipping…
Running 'Odb.SetPowerConnections' at 'counter_gpio_config_example/runs/26_02_09_04_39/15-odb-setpowerconnections'…
Logging subprocess to [repr.filename]'counter_gpio_config_example/runs/26_02_09_04_39/15-odb-setpowerconnections/odb-setpowerconnections.log'[/repr.filename]…
Running 'Odb.ManualMacroPlacement' at 'counter_gpio_config_example/runs/26_02_09_04_39/16-odb-manualmacroplacement'…
No instances found, skipping 'Odb.ManualMacroPlacement'…
Running 'OpenROAD.CutRows' at 'counter_gpio_config_example/runs/26_02_09_04_39/17-openroad-cutrows'…
Logging subprocess to [repr.filename]'counter_gpio_config_example/runs/26_02_09_04_39/17-openroad-cutrows/openroad-cutrows.log'[/repr.filename]…
Running 'OpenROAD.TapEndcapInsertion' at 'counter_gpio_config_example/runs/26_02_09_04_39/18-openroad-tapendcapinsertion'…
Logging subprocess to [repr.filename]'counter_gpio_config_example/runs/26_02_09_04_39/18-openroad-tapendcapinsertion/openroad-tapendcapinsertion.log'[/repr.filename]…
Running 'Odb.AddPDNObstructions' at 'counter_gpio_config_example/runs/26_02_09_04_39/19-odb-addpdnobstructions'…
'PDN_OBSTRUCTIONS' is not defined. Skipping 'Odb.AddPDNObstructions'…
Running 'OpenROAD.GeneratePDN' at 'counter_gpio_config_example/runs/26_02_09_04_39/20-openroad-generatepdn'…
'FP_PDN_CFG' not explicitly set, setting it to /nix/store/wn1fdnkvfs0r3b197kgsf2fwavmsn82c-python3.11-librelane-2.4.6/lib/python3.11/site-packages/librelane/scripts/openroad/common/pdn_cfg.tcl…
Logging subprocess to [repr.filename]'counter_gpio_config_example/runs/26_02_09_04_39/20-openroad-generatepdn/openroad-generatepdn.log'[/repr.filename]…
Running 'Odb.RemovePDNObstructions' at 'counter_gpio_config_example/runs/26_02_09_04_39/21-odb-removepdnobstructions'…
'PDN_OBSTRUCTIONS' is not defined. Skipping 'Odb.RemovePDNObstructions'…
Running 'Odb.AddRoutingObstructions' at 'counter_gpio_config_example/runs/26_02_09_04_39/22-odb-addroutingobstructions'…
'ROUTING_OBSTRUCTIONS' is not defined. Skipping 'Odb.AddRoutingObstructions'…
Running 'OpenROAD.GlobalPlacementSkipIO' at 'counter_gpio_config_example/runs/26_02_09_04_39/23-openroad-globalplacementskipio'…
Logging subprocess to [repr.filename]'counter_gpio_config_example/runs/26_02_09_04_39/23-openroad-globalplacementskipio/openroad-globalplacementskipio.log'[/repr.filename]…
Running 'OpenROAD.IOPlacement' at 'counter_gpio_config_example/runs/26_02_09_04_39/24-openroad-ioplacement'…
Logging subprocess to [repr.filename]'counter_gpio_config_example/runs/26_02_09_04_39/24-openroad-ioplacement/openroad-ioplacement.log'[/repr.filename]…
Running 'Odb.CustomIOPlacement' at 'counter_gpio_config_example/runs/26_02_09_04_39/25-odb-customioplacement'…
No custom floorplan file configured, skipping…
Running 'Odb.ApplyDEFTemplate' at 'counter_gpio_config_example/runs/26_02_09_04_39/26-odb-applydeftemplate'…
No DEF template provided, skipping…
Running 'OpenROAD.GlobalPlacement' at 'counter_gpio_config_example/runs/26_02_09_04_39/27-openroad-globalplacement'…
Logging subprocess to [repr.filename]'counter_gpio_config_example/runs/26_02_09_04_39/27-openroad-globalplacement/openroad-globalplacement.log'[/repr.filename]…
Running 'Odb.WriteVerilogHeader' at 'counter_gpio_config_example/runs/26_02_09_04_39/28-odb-writeverilogheader'…
Logging subprocess to [repr.filename]'counter_gpio_config_example/runs/26_02_09_04_39/28-odb-writeverilogheader/odb-writeverilogheader.log'[/repr.filename]…
Running 'Checker.PowerGridViolations' at 'counter_gpio_config_example/runs/26_02_09_04_39/29-checker-powergridviolations'…
Check for power grid violations (as reported by OpenROAD PSM- you may ignore these if LVS passes) clear.
Running 'OpenROAD.STAMidPNR' at 'counter_gpio_config_example/runs/26_02_09_04_39/30-openroad-stamidpnr'…
Logging subprocess to [repr.filename]'counter_gpio_config_example/runs/26_02_09_04_39/30-openroad-stamidpnr/openroad-stamidpnr.log'[/repr.filename]…
[GRT-0097] No global routing found for nets.
Running 'OpenROAD.RepairDesignPostGPL' at 'counter_gpio_config_example/runs/26_02_09_04_39/31-openroad-repairdesignpostgpl'…
Logging subprocess to [repr.filename]'counter_gpio_config_example/runs/26_02_09_04_39/31-openroad-repairdesignpostgpl/openroad-repairdesignpostgpl.log'[/repr.filename]…
Running 'Odb.ManualGlobalPlacement' at 'counter_gpio_config_example/runs/26_02_09_04_39/32-odb-manualglobalplacement'…
'MANUAL_GLOBAL_PLACEMENTS' not set, skipping…
Running 'OpenROAD.DetailedPlacement' at 'counter_gpio_config_example/runs/26_02_09_04_39/33-openroad-detailedplacement'…
Logging subprocess to [repr.filename]'counter_gpio_config_example/runs/26_02_09_04_39/33-openroad-detailedplacement/openroad-detailedplacement.log'[/repr.filename]…
Running 'OpenROAD.CTS' at 'counter_gpio_config_example/runs/26_02_09_04_39/34-openroad-cts'…
Logging subprocess to [repr.filename]'counter_gpio_config_example/runs/26_02_09_04_39/34-openroad-cts/openroad-cts.log'[/repr.filename]…
Running 'OpenROAD.STAMidPNR-1' at 'counter_gpio_config_example/runs/26_02_09_04_39/35-openroad-stamidpnr-1'…
Logging subprocess to [repr.filename]'counter_gpio_config_example/runs/26_02_09_04_39/35-openroad-stamidpnr-1/openroad-stamidpnr-1.log'[/repr.filename]…
[GRT-0097] No global routing found for nets.
Running 'OpenROAD.ResizerTimingPostCTS' at 'counter_gpio_config_example/runs/26_02_09_04_39/36-openroad-resizertimingpostcts'…
Logging subprocess to [repr.filename]'counter_gpio_config_example/runs/26_02_09_04_39/36-openroad-resizertimingpostcts/openroad-resizertimingpostcts.log'[/repr.filename]…
Running 'OpenROAD.STAMidPNR-2' at 'counter_gpio_config_example/runs/26_02_09_04_39/37-openroad-stamidpnr-2'…
Logging subprocess to [repr.filename]'counter_gpio_config_example/runs/26_02_09_04_39/37-openroad-stamidpnr-2/openroad-stamidpnr-2.log'[/repr.filename]…
[GRT-0097] No global routing found for nets.
Running 'OpenROAD.GlobalRouting' at 'counter_gpio_config_example/runs/26_02_09_04_39/38-openroad-globalrouting'…
Logging subprocess to [repr.filename]'counter_gpio_config_example/runs/26_02_09_04_39/38-openroad-globalrouting/openroad-globalrouting.log'[/repr.filename]…
Running 'OpenROAD.CheckAntennas' at 'counter_gpio_config_example/runs/26_02_09_04_39/39-openroad-checkantennas'…
Logging subprocess to [repr.filename]'counter_gpio_config_example/runs/26_02_09_04_39/39-openroad-checkantennas/openroad-checkantennas.log'[/repr.filename]…
Gating variable for step 'OpenROAD.RepairDesignPostGRT' set to 'False'- the step will be skipped.
Skipping step 'Repair Design (Post-Global Routing)'…
Running 'Odb.DiodesOnPorts' at 'counter_gpio_config_example/runs/26_02_09_04_39/40-odb-diodesonports'…
'DIODE_ON_PORTS' is set to 'none': skipping…
Running 'Odb.HeuristicDiodeInsertion' at 'counter_gpio_config_example/runs/26_02_09_04_39/41-odb-heuristicdiodeinsertion'…
Running 'Odb.FuzzyDiodePlacement' at 'counter_gpio_config_example/runs/26_02_09_04_39/41-odb-heuristicdiodeinsertion/1-odb-fuzzydiodeplacement'…
'GPL_CELL_PADDING' is set to 0. This step may cause overlap failures.
Logging subprocess to [repr.filename]'counter_gpio_config_example/runs/26_02_09_04_39/41-odb-heuristicdiodeinsertion/1-odb-fuzzydiodeplacement/odb-fuzzydiodeplacement.log'[/repr.filename]…
Running 'OpenROAD.DetailedPlacement' at 'counter_gpio_config_example/runs/26_02_09_04_39/41-odb-heuristicdiodeinsertion/2-openroad-detailedplacement'…
Logging subprocess to [repr.filename]'counter_gpio_config_example/runs/26_02_09_04_39/41-odb-heuristicdiodeinsertion/2-openroad-detailedplacement/openroad-detailedplacement.log'[/repr.filename]…
Running 'OpenROAD.GlobalRouting' at 'counter_gpio_config_example/runs/26_02_09_04_39/41-odb-heuristicdiodeinsertion/3-openroad-globalrouting'…
Logging subprocess to [repr.filename]'counter_gpio_config_example/runs/26_02_09_04_39/41-odb-heuristicdiodeinsertion/3-openroad-globalrouting/openroad-globalrouting.log'[/repr.filename]…
Running 'OpenROAD.RepairAntennas' at 'counter_gpio_config_example/runs/26_02_09_04_39/42-openroad-repairantennas'…
Running 'DiodeInsertion' at 'counter_gpio_config_example/runs/26_02_09_04_39/42-openroad-repairantennas/1-diodeinsertion'…
Logging subprocess to [repr.filename]'counter_gpio_config_example/runs/26_02_09_04_39/42-openroad-repairantennas/1-diodeinsertion/diodeinsertion.log'[/repr.filename]…
Running 'OpenROAD.CheckAntennas' at 'counter_gpio_config_example/runs/26_02_09_04_39/42-openroad-repairantennas/2-openroad-checkantennas'…
Logging subprocess to [repr.filename]'counter_gpio_config_example/runs/26_02_09_04_39/42-openroad-repairantennas/2-openroad-checkantennas/openroad-checkantennas.log'[/repr.filename]…
Gating variable for step 'OpenROAD.ResizerTimingPostGRT' set to 'False'- the step will be skipped.
Skipping step 'Resizer Timing Optimizations (Post-Global Routing)'…
Running 'OpenROAD.STAMidPNR-3' at 'counter_gpio_config_example/runs/26_02_09_04_39/43-openroad-stamidpnr-3'…
Logging subprocess to [repr.filename]'counter_gpio_config_example/runs/26_02_09_04_39/43-openroad-stamidpnr-3/openroad-stamidpnr-3.log'[/repr.filename]…
Running 'OpenROAD.DetailedRouting' at 'counter_gpio_config_example/runs/26_02_09_04_39/44-openroad-detailedrouting'…
Running TritonRoute with 8 threads…
Logging subprocess to [repr.filename]'counter_gpio_config_example/runs/26_02_09_04_39/44-openroad-detailedrouting/openroad-detailedrouting.log'[/repr.filename]…
[DRT-0349] LEF58_ENCLOSURE with no CUTCLASS is not supported. Skipping for layer mcon
[DRT-0349] LEF58_ENCLOSURE with no CUTCLASS is not supported. Skipping for layer mcon
[DRT-0349] LEF58_ENCLOSURE with no CUTCLASS is not supported. Skipping for layer via
[DRT-0349] LEF58_ENCLOSURE with no CUTCLASS is not supported. Skipping for layer via
[DRT-0349] LEF58_ENCLOSURE with no CUTCLASS is not supported. Skipping for layer via2
[DRT-0349] LEF58_ENCLOSURE with no CUTCLASS is not supported. Skipping for layer via2
[DRT-0349] LEF58_ENCLOSURE with no CUTCLASS is not supported. Skipping for layer via3
[DRT-0349] LEF58_ENCLOSURE with no CUTCLASS is not supported. Skipping for layer via3
[DRT-0349] LEF58_ENCLOSURE with no CUTCLASS is not supported. Skipping for layer via4
[DRT-0349] LEF58_ENCLOSURE with no CUTCLASS is not supported. Skipping for layer via4
Running 'Odb.RemoveRoutingObstructions' at 'counter_gpio_config_example/runs/26_02_09_04_39/45-odb-removeroutingobstructions'…
'ROUTING_OBSTRUCTIONS' is not defined. Skipping 'Odb.RemoveRoutingObstructions'…
Running 'OpenROAD.CheckAntennas-1' at 'counter_gpio_config_example/runs/26_02_09_04_39/46-openroad-checkantennas-1'…
Logging subprocess to [repr.filename]'counter_gpio_config_example/runs/26_02_09_04_39/46-openroad-checkantennas-1/openroad-checkantennas-1.log'[/repr.filename]…
Running 'Checker.TrDRC' at 'counter_gpio_config_example/runs/26_02_09_04_39/47-checker-trdrc'…
Check for Routing DRC errors clear.
Running 'Odb.ReportDisconnectedPins' at 'counter_gpio_config_example/runs/26_02_09_04_39/48-odb-reportdisconnectedpins'…
Logging subprocess to [repr.filename]'counter_gpio_config_example/runs/26_02_09_04_39/48-odb-reportdisconnectedpins/odb-reportdisconnectedpins.log'[/repr.filename]…
Running 'Checker.DisconnectedPins' at 'counter_gpio_config_example/runs/26_02_09_04_39/49-checker-disconnectedpins'…
Check for critical disconnected pins clear.
Running 'Odb.ReportWireLength' at 'counter_gpio_config_example/runs/26_02_09_04_39/50-odb-reportwirelength'…
Logging subprocess to [repr.filename]'counter_gpio_config_example/runs/26_02_09_04_39/50-odb-reportwirelength/odb-reportwirelength.log'[/repr.filename]…
Running 'Checker.WireLength' at 'counter_gpio_config_example/runs/26_02_09_04_39/51-checker-wirelength'…
Threshold for Threshold-surpassing long wires is not set. The checker will be skipped.
Running 'OpenROAD.FillInsertion' at 'counter_gpio_config_example/runs/26_02_09_04_39/52-openroad-fillinsertion'…
Logging subprocess to [repr.filename]'counter_gpio_config_example/runs/26_02_09_04_39/52-openroad-fillinsertion/openroad-fillinsertion.log'[/repr.filename]…
Running 'Odb.CellFrequencyTables' at 'counter_gpio_config_example/runs/26_02_09_04_39/53-odb-cellfrequencytables'…
Logging subprocess to [repr.filename]'counter_gpio_config_example/runs/26_02_09_04_39/53-odb-cellfrequencytables/buffer_list.txt'[/repr.filename]…
Logging subprocess to [repr.filename]'counter_gpio_config_example/runs/26_02_09_04_39/53-odb-cellfrequencytables/odb-cellfrequencytables.log'[/repr.filename]…
Running 'OpenROAD.RCX' at 'counter_gpio_config_example/runs/26_02_09_04_39/54-openroad-rcx'…
Running RCX for corners matching nom_* (/home/marwan/webinar_demo/openlane/counter_gpio_config_example/runs/26_02_09_04_39/54-openroad-rcx/nom/rcx.log)…
Running RCX for corners matching min_* (/home/marwan/webinar_demo/openlane/counter_gpio_config_example/runs/26_02_09_04_39/54-openroad-rcx/min/rcx.log)…
Running RCX for corners matching max_* (/home/marwan/webinar_demo/openlane/counter_gpio_config_example/runs/26_02_09_04_39/54-openroad-rcx/max/rcx.log)…
Logging subprocess to [repr.filename]'counter_gpio_config_example/runs/26_02_09_04_39/54-openroad-rcx/max/rcx.log'[/repr.filename]…
Logging subprocess to [repr.filename]'counter_gpio_config_example/runs/26_02_09_04_39/54-openroad-rcx/min/rcx.log'[/repr.filename]…
Logging subprocess to [repr.filename]'counter_gpio_config_example/runs/26_02_09_04_39/54-openroad-rcx/nom/rcx.log'[/repr.filename]…
Finished RCX for corners matching nom_*.
Finished RCX for corners matching max_*.
Finished RCX for corners matching min_*.
Running 'OpenROAD.STAPostPNR' at 'counter_gpio_config_example/runs/26_02_09_04_39/55-openroad-stapostpnr'…
Starting STA for the nom_tt_025C_1v80 timing corner…
Starting STA for the nom_ss_100C_1v60 timing corner…
Starting STA for the nom_ff_n40C_1v95 timing corner…
Starting STA for the min_tt_025C_1v80 timing corner…
Starting STA for the min_ss_100C_1v60 timing corner…
Starting STA for the min_ff_n40C_1v95 timing corner…
Logging subprocess to [repr.filename]'counter_gpio_config_example/runs/26_02_09_04_39/55-openroad-stapostpnr/nom_tt_025C_1v80/sta.log'[/repr.filename]…
Logging subprocess to [repr.filename]'counter_gpio_config_example/runs/26_02_09_04_39/55-openroad-stapostpnr/nom_ss_100C_1v60/sta.log'[/repr.filename]…
Starting STA for the max_tt_025C_1v80 timing corner…
Starting STA for the max_ss_100C_1v60 timing corner…
Logging subprocess to [repr.filename]'counter_gpio_config_example/runs/26_02_09_04_39/55-openroad-stapostpnr/min_ss_100C_1v60/sta.log'[/repr.filename]…
Logging subprocess to [repr.filename]'counter_gpio_config_example/runs/26_02_09_04_39/55-openroad-stapostpnr/min_ff_n40C_1v95/sta.log'[/repr.filename]…
Logging subprocess to [repr.filename]'counter_gpio_config_example/runs/26_02_09_04_39/55-openroad-stapostpnr/nom_ff_n40C_1v95/sta.log'[/repr.filename]…
Logging subprocess to [repr.filename]'counter_gpio_config_example/runs/26_02_09_04_39/55-openroad-stapostpnr/min_tt_025C_1v80/sta.log'[/repr.filename]…
Logging subprocess to [repr.filename]'counter_gpio_config_example/runs/26_02_09_04_39/55-openroad-stapostpnr/max_tt_025C_1v80/sta.log'[/repr.filename]…
Logging subprocess to [repr.filename]'counter_gpio_config_example/runs/26_02_09_04_39/55-openroad-stapostpnr/max_ss_100C_1v60/sta.log'[/repr.filename]…
Finished STA for the nom_ss_100C_1v60 timing corner.
Logging subprocess to [repr.filename]'counter_gpio_config_example/runs/26_02_09_04_39/55-openroad-stapostpnr/nom_ss_100C_1v60/filter_unannotated.log'[/repr.filename]…
Finished STA for the nom_tt_025C_1v80 timing corner.
Logging subprocess to [repr.filename]'counter_gpio_config_example/runs/26_02_09_04_39/55-openroad-stapostpnr/nom_tt_025C_1v80/filter_unannotated.log'[/repr.filename]…
Finished STA for the max_tt_025C_1v80 timing corner.
Logging subprocess to [repr.filename]'counter_gpio_config_example/runs/26_02_09_04_39/55-openroad-stapostpnr/max_tt_025C_1v80/filter_unannotated.log'[/repr.filename]…
Finished STA for the min_ff_n40C_1v95 timing corner.
Logging subprocess to [repr.filename]'counter_gpio_config_example/runs/26_02_09_04_39/55-openroad-stapostpnr/min_ff_n40C_1v95/filter_unannotated.log'[/repr.filename]…
Finished STA for the nom_ff_n40C_1v95 timing corner.
Finished STA for the min_ss_100C_1v60 timing corner.
Logging subprocess to [repr.filename]'counter_gpio_config_example/runs/26_02_09_04_39/55-openroad-stapostpnr/nom_ff_n40C_1v95/filter_unannotated.log'[/repr.filename]…
Logging subprocess to [repr.filename]'counter_gpio_config_example/runs/26_02_09_04_39/55-openroad-stapostpnr/min_ss_100C_1v60/filter_unannotated.log'[/repr.filename]…
Finished STA for the max_ss_100C_1v60 timing corner.
Logging subprocess to [repr.filename]'counter_gpio_config_example/runs/26_02_09_04_39/55-openroad-stapostpnr/max_ss_100C_1v60/filter_unannotated.log'[/repr.filename]…
Finished STA for the min_tt_025C_1v80 timing corner.
Logging subprocess to [repr.filename]'counter_gpio_config_example/runs/26_02_09_04_39/55-openroad-stapostpnr/min_tt_025C_1v80/filter_unannotated.log'[/repr.filename]…
Starting STA for the max_ff_n40C_1v95 timing corner…
Logging subprocess to [repr.filename]'counter_gpio_config_example/runs/26_02_09_04_39/55-openroad-stapostpnr/max_ff_n40C_1v95/sta.log'[/repr.filename]…
Finished STA for the max_ff_n40C_1v95 timing corner.
Logging subprocess to [repr.filename]'counter_gpio_config_example/runs/26_02_09_04_39/55-openroad-stapostpnr/max_ff_n40C_1v95/filter_unannotated.log'[/repr.filename]…
Running 'OpenROAD.IRDropReport' at 'counter_gpio_config_example/runs/26_02_09_04_39/56-openroad-irdropreport'…
'VSRC_LOC_FILES' was not given a value, which may make the results of IR drop analysis inaccurate. If you are not integrating a top-level chip for manufacture, you may ignore this warning, otherwise, see the documentation for 'VSRC_LOC_FILES'.
Logging subprocess to [repr.filename]'counter_gpio_config_example/runs/26_02_09_04_39/56-openroad-irdropreport/openroad-irdropreport.log'[/repr.filename]…
[STA-1648] /home/marwan/webinar_demo/openlane/counter_gpio_config_example/runs/26_02_09_04_39/54-openroad-rcx/nom/counter_gpio_config_example.nom.spef line 72352, instance clkbuf_0_gpio_in\[38\] not found.
[STA-1648] /home/marwan/webinar_demo/openlane/counter_gpio_config_example/runs/26_02_09_04_39/54-openroad-rcx/nom/counter_gpio_config_example.nom.spef line 72353, instance ANTENNA_clkbuf_0_gpio_in\[38\]_A not found.
[STA-1650] /home/marwan/webinar_demo/openlane/counter_gpio_config_example/runs/26_02_09_04_39/54-openroad-rcx/nom/counter_gpio_config_example.nom.spef line 72357, net clkbuf_0_gpio_in\[38\] not found.
[STA-1650] /home/marwan/webinar_demo/openlane/counter_gpio_config_example/runs/26_02_09_04_39/54-openroad-rcx/nom/counter_gpio_config_example.nom.spef line 72358, net ANTENNA_clkbuf_0_gpio_in\[38\]_A not found.
[STA-1650] /home/marwan/webinar_demo/openlane/counter_gpio_config_example/runs/26_02_09_04_39/54-openroad-rcx/nom/counter_gpio_config_example.nom.spef line 72376, net ANTENNA_clkbuf_0_gpio_in\[38\]_A not found.
[STA-1650] /home/marwan/webinar_demo/openlane/counter_gpio_config_example/runs/26_02_09_04_39/54-openroad-rcx/nom/counter_gpio_config_example.nom.spef line 72377, net clkbuf_0_gpio_in\[38\] not found.
[STA-1650] /home/marwan/webinar_demo/openlane/counter_gpio_config_example/runs/26_02_09_04_39/54-openroad-rcx/nom/counter_gpio_config_example.nom.spef line 76360, net clkbuf_1_0__f_gpio_in\[38\] not found.
[STA-1648] /home/marwan/webinar_demo/openlane/counter_gpio_config_example/runs/26_02_09_04_39/54-openroad-rcx/nom/counter_gpio_config_example.nom.spef line 76556, instance ANTENNA_clkbuf_1_0__f_gpio_in\[38\]_A not found.
[STA-1648] /home/marwan/webinar_demo/openlane/counter_gpio_config_example/runs/26_02_09_04_39/54-openroad-rcx/nom/counter_gpio_config_example.nom.spef line 76557, instance clkbuf_1_0__f_gpio_in\[38\] not found.
[STA-1648] /home/marwan/webinar_demo/openlane/counter_gpio_config_example/runs/26_02_09_04_39/54-openroad-rcx/nom/counter_gpio_config_example.nom.spef line 76558, instance ANTENNA_clkbuf_0_gpio_in\[38\]_X not found.
[STA-1648] /home/marwan/webinar_demo/openlane/counter_gpio_config_example/runs/26_02_09_04_39/54-openroad-rcx/nom/counter_gpio_config_example.nom.spef line 76559, instance clkbuf_1_1__f_gpio_in\[38\] not found.
[STA-1648] /home/marwan/webinar_demo/openlane/counter_gpio_config_example/runs/26_02_09_04_39/54-openroad-rcx/nom/counter_gpio_config_example.nom.spef line 76560, instance ANTENNA_clkbuf_1_1__f_gpio_in\[38\]_A not found.
[STA-1648] /home/marwan/webinar_demo/openlane/counter_gpio_config_example/runs/26_02_09_04_39/54-openroad-rcx/nom/counter_gpio_config_example.nom.spef line 76561, instance clkbuf_0_gpio_in\[38\] not found.
[STA-1650] /home/marwan/webinar_demo/openlane/counter_gpio_config_example/runs/26_02_09_04_39/54-openroad-rcx/nom/counter_gpio_config_example.nom.spef line 76564, net ANTENNA_clkbuf_1_0__f_gpio_in\[38\]_A not found.
[STA-1650] /home/marwan/webinar_demo/openlane/counter_gpio_config_example/runs/26_02_09_04_39/54-openroad-rcx/nom/counter_gpio_config_example.nom.spef line 76565, net clkbuf_1_0__f_gpio_in\[38\] not found.
[STA-1650] /home/marwan/webinar_demo/openlane/counter_gpio_config_example/runs/26_02_09_04_39/54-openroad-rcx/nom/counter_gpio_config_example.nom.spef line 76566, net ANTENNA_clkbuf_0_gpio_in\[38\]_X not found.
[STA-1650] /home/marwan/webinar_demo/openlane/counter_gpio_config_example/runs/26_02_09_04_39/54-openroad-rcx/nom/counter_gpio_config_example.nom.spef line 76567, net clkbuf_1_1__f_gpio_in\[38\] not found.
[STA-1650] /home/marwan/webinar_demo/openlane/counter_gpio_config_example/runs/26_02_09_04_39/54-openroad-rcx/nom/counter_gpio_config_example.nom.spef line 76568, net ANTENNA_clkbuf_1_1__f_gpio_in\[38\]_A not found.
[STA-1650] /home/marwan/webinar_demo/openlane/counter_gpio_config_example/runs/26_02_09_04_39/54-openroad-rcx/nom/counter_gpio_config_example.nom.spef line 76569, net clkbuf_0_gpio_in\[38\] not found.
[STA-1650] /home/marwan/webinar_demo/openlane/counter_gpio_config_example/runs/26_02_09_04_39/54-openroad-rcx/nom/counter_gpio_config_example.nom.spef line 76576, net clkbuf_1_0__f_gpio_in\[38\] not found.
[STA-1650] /home/marwan/webinar_demo/openlane/counter_gpio_config_example/runs/26_02_09_04_39/54-openroad-rcx/nom/counter_gpio_config_example.nom.spef line 76576, net ANTENNA_clkbuf_1_0__f_gpio_in\[38\]_X not found.
[STA-1650] /home/marwan/webinar_demo/openlane/counter_gpio_config_example/runs/26_02_09_04_39/54-openroad-rcx/nom/counter_gpio_config_example.nom.spef line 76577, net clkbuf_1_1__f_gpio_in\[38\] not found.
[STA-1650] /home/marwan/webinar_demo/openlane/counter_gpio_config_example/runs/26_02_09_04_39/54-openroad-rcx/nom/counter_gpio_config_example.nom.spef line 76578, net clkbuf_1_0__f_gpio_in\[38\] not found.
[STA-1650] /home/marwan/webinar_demo/openlane/counter_gpio_config_example/runs/26_02_09_04_39/54-openroad-rcx/nom/counter_gpio_config_example.nom.spef line 76581, net clkbuf_0_gpio_in\[38\] not found.
[STA-1650] /home/marwan/webinar_demo/openlane/counter_gpio_config_example/runs/26_02_09_04_39/54-openroad-rcx/nom/counter_gpio_config_example.nom.spef line 76584, net ANTENNA_clkbuf_1_1__f_gpio_in\[38\]_A not found.
[STA-1650] /home/marwan/webinar_demo/openlane/counter_gpio_config_example/runs/26_02_09_04_39/54-openroad-rcx/nom/counter_gpio_config_example.nom.spef line 76585, net clkbuf_1_1__f_gpio_in\[38\] not found.
[STA-1650] /home/marwan/webinar_demo/openlane/counter_gpio_config_example/runs/26_02_09_04_39/54-openroad-rcx/nom/counter_gpio_config_example.nom.spef line 76587, net ANTENNA_clkbuf_0_gpio_in\[38\]_X not found.
[STA-1650] /home/marwan/webinar_demo/openlane/counter_gpio_config_example/runs/26_02_09_04_39/54-openroad-rcx/nom/counter_gpio_config_example.nom.spef line 76590, net clkbuf_1_0__f_gpio_in\[38\] not found.
[STA-1650] /home/marwan/webinar_demo/openlane/counter_gpio_config_example/runs/26_02_09_04_39/54-openroad-rcx/nom/counter_gpio_config_example.nom.spef line 76591, net ANTENNA_clkbuf_1_0__f_gpio_in\[38\]_A not found.
[STA-1648] /home/marwan/webinar_demo/openlane/counter_gpio_config_example/runs/26_02_09_04_39/54-openroad-rcx/nom/counter_gpio_config_example.nom.spef line 76595, instance ANTENNA_clkbuf_1_0__f_gpio_in\[38\]_X not found.
[STA-1648] /home/marwan/webinar_demo/openlane/counter_gpio_config_example/runs/26_02_09_04_39/54-openroad-rcx/nom/counter_gpio_config_example.nom.spef line 76620, instance clkbuf_1_0__f_gpio_in\[38\] not found.
[STA-1650] /home/marwan/webinar_demo/openlane/counter_gpio_config_example/runs/26_02_09_04_39/54-openroad-rcx/nom/counter_gpio_config_example.nom.spef line 76623, net ANTENNA_clkbuf_1_0__f_gpio_in\[38\]_X not found.
[STA-1650] /home/marwan/webinar_demo/openlane/counter_gpio_config_example/runs/26_02_09_04_39/54-openroad-rcx/nom/counter_gpio_config_example.nom.spef line 76648, net clkbuf_1_0__f_gpio_in\[38\] not found.
[STA-1650] /home/marwan/webinar_demo/openlane/counter_gpio_config_example/runs/26_02_09_04_39/54-openroad-rcx/nom/counter_gpio_config_example.nom.spef line 76774, net clkbuf_1_0__f_gpio_in\[38\] not found.
[STA-1650] /home/marwan/webinar_demo/openlane/counter_gpio_config_example/runs/26_02_09_04_39/54-openroad-rcx/nom/counter_gpio_config_example.nom.spef line 76774, net ANTENNA_clkbuf_1_0__f_gpio_in\[38\]_X not found.
[STA-1650] /home/marwan/webinar_demo/openlane/counter_gpio_config_example/runs/26_02_09_04_39/54-openroad-rcx/nom/counter_gpio_config_example.nom.spef line 76786, net clkbuf_1_0__f_gpio_in\[38\] not found.
[STA-1650] /home/marwan/webinar_demo/openlane/counter_gpio_config_example/runs/26_02_09_04_39/54-openroad-rcx/nom/counter_gpio_config_example.nom.spef line 76836, net ANTENNA_clkbuf_1_0__f_gpio_in\[38\]_X not found.
[STA-1648] /home/marwan/webinar_demo/openlane/counter_gpio_config_example/runs/26_02_09_04_39/54-openroad-rcx/nom/counter_gpio_config_example.nom.spef line 76840, instance ANTENNA_clkbuf_1_1__f_gpio_in\[38\]_X not found.
[STA-1648] /home/marwan/webinar_demo/openlane/counter_gpio_config_example/runs/26_02_09_04_39/54-openroad-rcx/nom/counter_gpio_config_example.nom.spef line 76859, instance clkbuf_1_1__f_gpio_in\[38\] not found.
[STA-1650] /home/marwan/webinar_demo/openlane/counter_gpio_config_example/runs/26_02_09_04_39/54-openroad-rcx/nom/counter_gpio_config_example.nom.spef line 76862, net ANTENNA_clkbuf_1_1__f_gpio_in\[38\]_X not found.
[STA-1650] /home/marwan/webinar_demo/openlane/counter_gpio_config_example/runs/26_02_09_04_39/54-openroad-rcx/nom/counter_gpio_config_example.nom.spef line 76881, net clkbuf_1_1__f_gpio_in\[38\] not found.
[STA-1650] /home/marwan/webinar_demo/openlane/counter_gpio_config_example/runs/26_02_09_04_39/54-openroad-rcx/nom/counter_gpio_config_example.nom.spef line 76940, net clkbuf_1_1__f_gpio_in\[38\] not found.
[STA-1650] /home/marwan/webinar_demo/openlane/counter_gpio_config_example/runs/26_02_09_04_39/54-openroad-rcx/nom/counter_gpio_config_example.nom.spef line 76948, net clkbuf_1_1__f_gpio_in\[38\] not found.
[STA-1650] /home/marwan/webinar_demo/openlane/counter_gpio_config_example/runs/26_02_09_04_39/54-openroad-rcx/nom/counter_gpio_config_example.nom.spef line 76984, net ANTENNA_clkbuf_1_1__f_gpio_in\[38\]_X not found.
[INFO PSM-0040] All shapes on net vccd1 are connected.
########## IR report #################
Net              : vccd1
Corner           : nom_tt_025C_1v80
Supply voltage   : 1.80e+00 V
Worstcase voltage: 1.80e+00 V
Average voltage  : 1.80e+00 V
Average IR drop  : 3.05e-07 V
Worstcase IR drop: 4.64e-05 V
Percentage drop  : 0.00 %
######################################
[INFO PSM-0040] All shapes on net vssd1 are connected.
########## IR report #################
Net              : vssd1
Corner           : nom_tt_025C_1v80
Supply voltage   : 0.00e+00 V
Worstcase voltage: 8.55e-05 V
Average voltage  : 2.98e-07 V
Average IR drop  : 2.98e-07 V
Worstcase IR drop: 8.55e-05 V
Percentage drop  : 0.00 %
######################################

Running 'Magic.StreamOut' at 'counter_gpio_config_example/runs/26_02_09_04_39/57-magic-streamout'…
Logging subprocess to [repr.filename]'counter_gpio_config_example/runs/26_02_09_04_39/57-magic-streamout/magic-streamout.log'[/repr.filename]…
Running 'KLayout.StreamOut' at 'counter_gpio_config_example/runs/26_02_09_04_39/58-klayout-streamout'…
Logging subprocess to [repr.filename]'counter_gpio_config_example/runs/26_02_09_04_39/58-klayout-streamout/klayout-streamout.log'[/repr.filename]…
Running 'Magic.WriteLEF' at 'counter_gpio_config_example/runs/26_02_09_04_39/59-magic-writelef'…
Logging subprocess to [repr.filename]'counter_gpio_config_example/runs/26_02_09_04_39/59-magic-writelef/magic-writelef.log'[/repr.filename]…
Running 'Odb.CheckDesignAntennaProperties' at 'counter_gpio_config_example/runs/26_02_09_04_39/60-odb-checkdesignantennaproperties'…
Logging subprocess to [repr.filename]'counter_gpio_config_example/runs/26_02_09_04_39/60-odb-checkdesignantennaproperties/odb-checkdesignantennaproperties.log'[/repr.filename]…
Cell 'counter_gpio_config_example' has (42) input pin(s) without antenna gate information. They might not be connected to a gate.
Cell 'counter_gpio_config_example' has (544) output pin(s) without antenna diffusion information. They might not be driven.
Running 'KLayout.XOR' at 'counter_gpio_config_example/runs/26_02_09_04_39/61-klayout-xor'…
Running XOR with 8 threads…
Logging subprocess to [repr.filename]'counter_gpio_config_example/runs/26_02_09_04_39/61-klayout-xor/klayout-xor.log'[/repr.filename]…
Running 'Checker.XOR' at 'counter_gpio_config_example/runs/26_02_09_04_39/62-checker-xor'…
Check for XOR differences clear.
Running 'Magic.DRC' at 'counter_gpio_config_example/runs/26_02_09_04_39/63-magic-drc'…
Logging subprocess to [repr.filename]'counter_gpio_config_example/runs/26_02_09_04_39/63-magic-drc/magic-drc.log'[/repr.filename]…
Running 'KLayout.DRC' at 'counter_gpio_config_example/runs/26_02_09_04_39/64-klayout-drc'…
Running KLayout DRC with 8 threads…
Logging subprocess to [repr.filename]'counter_gpio_config_example/runs/26_02_09_04_39/64-klayout-drc/klayout-drc.log'[/repr.filename]…
Logging subprocess to [repr.filename]'counter_gpio_config_example/runs/26_02_09_04_39/64-klayout-drc/xml_drc_report_to_json.log'[/repr.filename]…
Running 'Checker.MagicDRC' at 'counter_gpio_config_example/runs/26_02_09_04_39/65-checker-magicdrc'…
Check for Magic DRC errors clear.
Running 'Checker.KLayoutDRC' at 'counter_gpio_config_example/runs/26_02_09_04_39/66-checker-klayoutdrc'…
Check for KLayout DRC errors clear.
Running 'Magic.SpiceExtraction' at 'counter_gpio_config_example/runs/26_02_09_04_39/67-magic-spiceextraction'…
Logging subprocess to [repr.filename]'counter_gpio_config_example/runs/26_02_09_04_39/67-magic-spiceextraction/magic-spiceextraction.log'[/repr.filename]…
Running 'Checker.IllegalOverlap' at 'counter_gpio_config_example/runs/26_02_09_04_39/68-checker-illegaloverlap'…
Check for Magic Illegal Overlap errors clear.
Running 'Netgen.LVS' at 'counter_gpio_config_example/runs/26_02_09_04_39/69-netgen-lvs'…
Logging subprocess to [repr.filename]'counter_gpio_config_example/runs/26_02_09_04_39/69-netgen-lvs/netgen-lvs.log'[/repr.filename]…
Running 'Checker.LVS' at 'counter_gpio_config_example/runs/26_02_09_04_39/70-checker-lvs'…
Check for LVS errors clear.
Gating variable for step 'Yosys.EQY' set to 'False'- the step will be skipped.
Skipping step 'Equivalence Check'…
Running 'Checker.SetupViolations' at 'counter_gpio_config_example/runs/26_02_09_04_39/71-checker-setupviolations'…
No setup violations found
Running 'Checker.HoldViolations' at 'counter_gpio_config_example/runs/26_02_09_04_39/72-checker-holdviolations'…
No hold violations found
Running 'Checker.MaxSlewViolations' at 'counter_gpio_config_example/runs/26_02_09_04_39/73-checker-maxslewviolations'…
No max slew violations found
Running 'Checker.MaxCapViolations' at 'counter_gpio_config_example/runs/26_02_09_04_39/74-checker-maxcapviolations'…
No max cap violations found
Running 'Misc.ReportManufacturability' at 'counter_gpio_config_example/runs/26_02_09_04_39/75-misc-reportmanufacturability'…
Saving views to '/home/marwan/webinar_demo/openlane/counter_gpio_config_example/runs/26_02_09_04_39/final'…
Flow complete.
