Clock: gpio_in[38]
Sources: gpio_in[38] 
Generated: no
Virtual: yes
Propagated: no
Period: 25.000000

===========================================================================
report_clock_properties
============================================================================
Clock                   Period          Waveform
----------------------------------------------------
gpio_in[38]          25.000000    0.000000 12.500000

===========================================================================
report_clock_latency
============================================================================
Clock gpio_in[38]
rise -> rise
    min     max
0.000000 0.000000 source latency
0.541053         network latency _106_/CLK
        0.550247 network latency _100_/CLK
---------------
0.541053 0.550247 latency
        0.009194 skew

fall -> fall
    min     max
0.000000 0.000000 source latency
0.431599         network latency _106_/CLK
        0.438655 network latency _100_/CLK
---------------
0.431599 0.438655 latency
        0.007057 skew



===========================================================================
report_clock_min_period
============================================================================
gpio_in[38] period_min = 2.31 fmax = 432.90
