
===========================================================================
 report_power
============================================================================
======================= nom_ff_n40C_1v95 Corner ===================================

Group                    Internal    Switching      Leakage        Total
                            Power        Power        Power        Power (Watts)
------------------------------------------------------------------------
Sequential           3.756159e-05 0.000000e+00 3.310147e-10 3.756192e-05  33.4%
Combinational        1.193540e-06 4.286873e-06 3.809082e-09 5.484221e-06   4.9%
Clock                3.665921e-05 3.264470e-05 3.000096e-09 6.930692e-05  61.7%
Macro                0.000000e+00 0.000000e+00 0.000000e+00 0.000000e+00   0.0%
Pad                  0.000000e+00 0.000000e+00 0.000000e+00 0.000000e+00   0.0%
------------------------------------------------------------------------
Total                7.541434e-05 3.693158e-05 7.140068e-09 1.123531e-04 100.0%
                            67.1%        32.9%         0.0%

