Starting…
Gating variable for step 'Verilator.Lint' set to 'False'- the step will be skipped.
Skipping step 'Verilator Lint'…
Gating variable for step 'Checker.LintTimingConstructs' set to 'False'- the step will be skipped.
Skipping step 'Lint Timing Error Checker'…
Gating variable for step 'Checker.LintErrors' set to 'False'- the step will be skipped.
Skipping step 'Lint Errors Checker'…
Gating variable for step 'Checker.LintWarnings' set to 'False'- the step will be skipped.
Skipping step 'Lint Warnings Checker'…
Running 'Yosys.JsonHeader' at 'openframe_project_wrapper/runs/26_02_09_04_54/01-yosys-jsonheader'…
Logging subprocess to [repr.filename]'openframe_project_wrapper/runs/26_02_09_04_54/01-yosys-jsonheader/yosys-jsonheader.log'[/repr.filename]…
Running 'Yosys.Synthesis' at 'openframe_project_wrapper/runs/26_02_09_04_54/02-yosys-synthesis'…
Logging subprocess to [repr.filename]'openframe_project_wrapper/runs/26_02_09_04_54/02-yosys-synthesis/yosys-synthesis.log'[/repr.filename]…
Parsing synthesis checks…
Running 'Checker.YosysUnmappedCells' at 'openframe_project_wrapper/runs/26_02_09_04_54/03-checker-yosysunmappedcells'…
Check for Unmapped Yosys instances clear.
Running 'Checker.YosysSynthChecks' at 'openframe_project_wrapper/runs/26_02_09_04_54/04-checker-yosyssynthchecks'…
Check for Yosys check errors clear.
Running 'Checker.NetlistAssignStatements' at 'openframe_project_wrapper/runs/26_02_09_04_54/05-checker-netlistassignstatements'…
Running 'OpenROAD.CheckSDCFiles' at 'openframe_project_wrapper/runs/26_02_09_04_54/06-openroad-checksdcfiles'…
'PNR_SDC_FILE' is not defined. Using generic fallback SDC for OpenROAD PnR steps.
'SIGNOFF_SDC_FILE' is not defined. Using generic fallback SDC for OpenROAD PnR steps.
Running 'OpenROAD.CheckMacroInstances' at 'openframe_project_wrapper/runs/26_02_09_04_54/07-openroad-checkmacroinstances'…
No macros found, skipping instance check…
Running 'OpenROAD.STAPrePNR' at 'openframe_project_wrapper/runs/26_02_09_04_54/08-openroad-staprepnr'…
The configuration variable 'EXTRA_SPEFS' is deprecated. It is recommended to use the new 'MACROS' configuration variable.
Starting STA for the nom_tt_025C_1v80 timing corner…
The configuration variable 'EXTRA_SPEFS' is deprecated. It is recommended to use the new 'MACROS' configuration variable.
Starting STA for the nom_ss_100C_1v60 timing corner…
The configuration variable 'EXTRA_SPEFS' is deprecated. It is recommended to use the new 'MACROS' configuration variable.
Logging subprocess to [repr.filename]'openframe_project_wrapper/runs/26_02_09_04_54/08-openroad-staprepnr/nom_tt_025C_1v80/sta.log'[/repr.filename]…
Starting STA for the nom_ff_n40C_1v95 timing corner…
The configuration variable 'EXTRA_SPEFS' is deprecated. It is recommended to use the new 'MACROS' configuration variable.
Starting STA for the min_tt_025C_1v80 timing corner…
The configuration variable 'EXTRA_SPEFS' is deprecated. It is recommended to use the new 'MACROS' configuration variable.
Logging subprocess to [repr.filename]'openframe_project_wrapper/runs/26_02_09_04_54/08-openroad-staprepnr/nom_ss_100C_1v60/sta.log'[/repr.filename]…
Logging subprocess to [repr.filename]'openframe_project_wrapper/runs/26_02_09_04_54/08-openroad-staprepnr/nom_ff_n40C_1v95/sta.log'[/repr.filename]…
Starting STA for the min_ss_100C_1v60 timing corner…
The configuration variable 'EXTRA_SPEFS' is deprecated. It is recommended to use the new 'MACROS' configuration variable.
Logging subprocess to [repr.filename]'openframe_project_wrapper/runs/26_02_09_04_54/08-openroad-staprepnr/min_tt_025C_1v80/sta.log'[/repr.filename]…
Logging subprocess to [repr.filename]'openframe_project_wrapper/runs/26_02_09_04_54/08-openroad-staprepnr/min_ss_100C_1v60/sta.log'[/repr.filename]…
Starting STA for the min_ff_n40C_1v95 timing corner…
The configuration variable 'EXTRA_SPEFS' is deprecated. It is recommended to use the new 'MACROS' configuration variable.
Starting STA for the max_tt_025C_1v80 timing corner…
The configuration variable 'EXTRA_SPEFS' is deprecated. It is recommended to use the new 'MACROS' configuration variable.
Starting STA for the max_ss_100C_1v60 timing corner…
The configuration variable 'EXTRA_SPEFS' is deprecated. It is recommended to use the new 'MACROS' configuration variable.
Logging subprocess to [repr.filename]'openframe_project_wrapper/runs/26_02_09_04_54/08-openroad-staprepnr/min_ff_n40C_1v95/sta.log'[/repr.filename]…
Logging subprocess to [repr.filename]'openframe_project_wrapper/runs/26_02_09_04_54/08-openroad-staprepnr/max_tt_025C_1v80/sta.log'[/repr.filename]…
Logging subprocess to [repr.filename]'openframe_project_wrapper/runs/26_02_09_04_54/08-openroad-staprepnr/max_ss_100C_1v60/sta.log'[/repr.filename]…
Finished STA for the min_tt_025C_1v80 timing corner.
Starting STA for the max_ff_n40C_1v95 timing corner…
Logging subprocess to [repr.filename]'openframe_project_wrapper/runs/26_02_09_04_54/08-openroad-staprepnr/max_ff_n40C_1v95/sta.log'[/repr.filename]…
Finished STA for the nom_ss_100C_1v60 timing corner.
Finished STA for the nom_ff_n40C_1v95 timing corner.
Finished STA for the min_ss_100C_1v60 timing corner.
Finished STA for the nom_tt_025C_1v80 timing corner.
Finished STA for the max_tt_025C_1v80 timing corner.
Finished STA for the min_ff_n40C_1v95 timing corner.
Finished STA for the max_ss_100C_1v60 timing corner.
Finished STA for the max_ff_n40C_1v95 timing corner.
Running 'OpenROAD.Floorplan' at 'openframe_project_wrapper/runs/26_02_09_04_54/09-openroad-floorplan'…
Logging subprocess to [repr.filename]'openframe_project_wrapper/runs/26_02_09_04_54/09-openroad-floorplan/openroad-floorplan.log'[/repr.filename]…
[ORD-2011] LEF master vccd1_connection has no liberty cell.
[ORD-2011] LEF master vssd1_connection has no liberty cell.
[STA-0366] port '__VIRTUAL_CLK__' not found.
[STA-0366] port '__VIRTUAL_CLK__' not found.
[STA-0419] transition time can not be specified for virtual clocks.
[STA-0450] virtual clock __VIRTUAL_CLK__ can not be propagated.
[IFP-0028] Core area lower left (40.000, 40.000) snapped to (40.020, 40.800).
Running 'Odb.CheckMacroAntennaProperties' at 'openframe_project_wrapper/runs/26_02_09_04_54/10-odb-checkmacroantennaproperties'…
No cells provided, skipping…
Running 'Odb.SetPowerConnections' at 'openframe_project_wrapper/runs/26_02_09_04_54/11-odb-setpowerconnections'…
Logging subprocess to [repr.filename]'openframe_project_wrapper/runs/26_02_09_04_54/11-odb-setpowerconnections/odb-setpowerconnections.log'[/repr.filename]…
Running 'Odb.ManualMacroPlacement' at 'openframe_project_wrapper/runs/26_02_09_04_54/12-odb-manualmacroplacement'…
Using 'MACRO_PLACEMENT_CFG' is deprecated. It is recommended to use the new 'MACROS' configuration variable.
Logging subprocess to [repr.filename]'openframe_project_wrapper/runs/26_02_09_04_54/12-odb-manualmacroplacement/odb-manualmacroplacement.log'[/repr.filename]…
Running 'OpenROAD.CutRows' at 'openframe_project_wrapper/runs/26_02_09_04_54/13-openroad-cutrows'…
Logging subprocess to [repr.filename]'openframe_project_wrapper/runs/26_02_09_04_54/13-openroad-cutrows/openroad-cutrows.log'[/repr.filename]…
[STA-0366] port '__VIRTUAL_CLK__' not found.
[STA-0366] port '__VIRTUAL_CLK__' not found.
[STA-0419] transition time can not be specified for virtual clocks.
[STA-0450] virtual clock __VIRTUAL_CLK__ can not be propagated.
Gating variable for step 'OpenROAD.TapEndcapInsertion' set to 'False'- the step will be skipped.
Skipping step 'Tap/Decap Insertion'…
Running 'Odb.AddPDNObstructions' at 'openframe_project_wrapper/runs/26_02_09_04_54/14-odb-addpdnobstructions'…
'PDN_OBSTRUCTIONS' is not defined. Skipping 'Odb.AddPDNObstructions'…
Running 'OpenROAD.GeneratePDN' at 'openframe_project_wrapper/runs/26_02_09_04_54/15-openroad-generatepdn'…
Logging subprocess to [repr.filename]'openframe_project_wrapper/runs/26_02_09_04_54/15-openroad-generatepdn/openroad-generatepdn.log'[/repr.filename]…
[STA-0366] port '__VIRTUAL_CLK__' not found.
[STA-0366] port '__VIRTUAL_CLK__' not found.
[STA-0419] transition time can not be specified for virtual clocks.
[STA-0450] virtual clock __VIRTUAL_CLK__ can not be propagated.
[PDN-0231] vccd1_connection is not connected to any power/ground nets.
[PDN-0231] vssd1_connection is not connected to any power/ground nets.
Running 'Odb.RemovePDNObstructions' at 'openframe_project_wrapper/runs/26_02_09_04_54/16-odb-removepdnobstructions'…
'PDN_OBSTRUCTIONS' is not defined. Skipping 'Odb.RemovePDNObstructions'…
Running 'Odb.AddRoutingObstructions' at 'openframe_project_wrapper/runs/26_02_09_04_54/17-odb-addroutingobstructions'…
'ROUTING_OBSTRUCTIONS' is not defined. Skipping 'Odb.AddRoutingObstructions'…
Running 'OpenROAD.GlobalPlacementSkipIO' at 'openframe_project_wrapper/runs/26_02_09_04_54/18-openroad-globalplacementskipio'…
I/O pins were loaded from /home/marwan/webinar_demo/openlane/openframe_project_wrapper/fixed_dont_change/openframe_project_wrapper.def. Skipping the first global placement iteration…
Running 'OpenROAD.IOPlacement' at 'openframe_project_wrapper/runs/26_02_09_04_54/19-openroad-ioplacement'…
I/O pins were loaded from /home/marwan/webinar_demo/openlane/openframe_project_wrapper/fixed_dont_change/openframe_project_wrapper.def. Skipping OpenROAD.IOPlacement…
Running 'Odb.CustomIOPlacement' at 'openframe_project_wrapper/runs/26_02_09_04_54/20-odb-customioplacement'…
No custom floorplan file configured, skipping…
Running 'Odb.ApplyDEFTemplate' at 'openframe_project_wrapper/runs/26_02_09_04_54/21-odb-applydeftemplate'…
Logging subprocess to [repr.filename]'openframe_project_wrapper/runs/26_02_09_04_54/21-odb-applydeftemplate/odb-applydeftemplate.log'[/repr.filename]…
Bterm vssd1 is declared as a 'GROUND' pin. It will be ignored.
Bterm vccd1 is declared as a 'POWER' pin. It will be ignored.
[ODB-0293] TECHNOLOGY is ignored
vccd1 not found in template layout, but found in design layout.
vssd1 not found in template layout, but found in design layout.
[ODB-0293] TECHNOLOGY is ignored
Running 'OpenROAD.GlobalPlacement' at 'openframe_project_wrapper/runs/26_02_09_04_54/22-openroad-globalplacement'…
'PL_TARGET_DENSITY_PCT' not explicitly set, using dynamically calculated target density: 14.1970500…
Logging subprocess to [repr.filename]'openframe_project_wrapper/runs/26_02_09_04_54/22-openroad-globalplacement/openroad-globalplacement.log'[/repr.filename]…
[STA-0366] port '__VIRTUAL_CLK__' not found.
[STA-0366] port '__VIRTUAL_CLK__' not found.
[STA-0419] transition time can not be specified for virtual clocks.
[STA-0450] virtual clock __VIRTUAL_CLK__ can not be propagated.
All instances are FIXED/FIRM.
No need to perform global placement.
Skipping…
Running 'Odb.WriteVerilogHeader' at 'openframe_project_wrapper/runs/26_02_09_04_54/23-odb-writeverilogheader'…
Logging subprocess to [repr.filename]'openframe_project_wrapper/runs/26_02_09_04_54/23-odb-writeverilogheader/odb-writeverilogheader.log'[/repr.filename]…
Running 'Checker.PowerGridViolations' at 'openframe_project_wrapper/runs/26_02_09_04_54/24-checker-powergridviolations'…
Check for power grid violations (as reported by OpenROAD PSM- you may ignore these if LVS passes) clear.
Running 'OpenROAD.STAMidPNR' at 'openframe_project_wrapper/runs/26_02_09_04_54/25-openroad-stamidpnr'…
Logging subprocess to [repr.filename]'openframe_project_wrapper/runs/26_02_09_04_54/25-openroad-stamidpnr/openroad-stamidpnr.log'[/repr.filename]…
[STA-0366] port '__VIRTUAL_CLK__' not found.
[STA-0366] port '__VIRTUAL_CLK__' not found.
[STA-0419] transition time can not be specified for virtual clocks.
[STA-0450] virtual clock __VIRTUAL_CLK__ can not be propagated.
[GRT-0097] No global routing found for nets.
Gating variable for step 'OpenROAD.RepairDesignPostGPL' set to 'False'- the step will be skipped.
Skipping step 'Repair Design (Post-Global Placement)'…
Running 'Odb.ManualGlobalPlacement' at 'openframe_project_wrapper/runs/26_02_09_04_54/26-odb-manualglobalplacement'…
'MANUAL_GLOBAL_PLACEMENTS' not set, skipping…
Running 'OpenROAD.DetailedPlacement' at 'openframe_project_wrapper/runs/26_02_09_04_54/27-openroad-detailedplacement'…
Logging subprocess to [repr.filename]'openframe_project_wrapper/runs/26_02_09_04_54/27-openroad-detailedplacement/openroad-detailedplacement.log'[/repr.filename]…
[STA-0366] port '__VIRTUAL_CLK__' not found.
[STA-0366] port '__VIRTUAL_CLK__' not found.
[STA-0419] transition time can not be specified for virtual clocks.
[STA-0450] virtual clock __VIRTUAL_CLK__ can not be propagated.
Gating variable for step 'OpenROAD.CTS' set to 'False'- the step will be skipped.
Skipping step 'Clock Tree Synthesis'…
Running 'OpenROAD.STAMidPNR-1' at 'openframe_project_wrapper/runs/26_02_09_04_54/28-openroad-stamidpnr-1'…
Logging subprocess to [repr.filename]'openframe_project_wrapper/runs/26_02_09_04_54/28-openroad-stamidpnr-1/openroad-stamidpnr-1.log'[/repr.filename]…
[STA-0366] port '__VIRTUAL_CLK__' not found.
[STA-0366] port '__VIRTUAL_CLK__' not found.
[STA-0419] transition time can not be specified for virtual clocks.
[STA-0450] virtual clock __VIRTUAL_CLK__ can not be propagated.
[GRT-0097] No global routing found for nets.
Gating variable for step 'OpenROAD.ResizerTimingPostCTS' set to 'False'- the step will be skipped.
Skipping step 'Resizer Timing Optimizations (Post-Clock Tree Synthesis)'…
Running 'OpenROAD.STAMidPNR-2' at 'openframe_project_wrapper/runs/26_02_09_04_54/29-openroad-stamidpnr-2'…
Logging subprocess to [repr.filename]'openframe_project_wrapper/runs/26_02_09_04_54/29-openroad-stamidpnr-2/openroad-stamidpnr-2.log'[/repr.filename]…
[STA-0366] port '__VIRTUAL_CLK__' not found.
[STA-0366] port '__VIRTUAL_CLK__' not found.
[STA-0419] transition time can not be specified for virtual clocks.
[STA-0450] virtual clock __VIRTUAL_CLK__ can not be propagated.
[GRT-0097] No global routing found for nets.
Running 'OpenROAD.GlobalRouting' at 'openframe_project_wrapper/runs/26_02_09_04_54/30-openroad-globalrouting'…
Logging subprocess to [repr.filename]'openframe_project_wrapper/runs/26_02_09_04_54/30-openroad-globalrouting/openroad-globalrouting.log'[/repr.filename]…
[STA-0366] port '__VIRTUAL_CLK__' not found.
[STA-0366] port '__VIRTUAL_CLK__' not found.
[STA-0419] transition time can not be specified for virtual clocks.
[STA-0450] virtual clock __VIRTUAL_CLK__ can not be propagated.
[STA-0450] virtual clock __VIRTUAL_CLK__ can not be propagated.
[GRT-0036] Pin analog_io[0] is outside die area.
[GRT-0036] Pin analog_io[10] is outside die area.
[GRT-0036] Pin analog_io[11] is outside die area.
[GRT-0036] Pin analog_io[12] is outside die area.
[GRT-0036] Pin analog_io[13] is outside die area.
[GRT-0036] Pin analog_io[14] is outside die area.
[GRT-0036] Pin analog_io[15] is outside die area.
[GRT-0036] Pin analog_io[16] is outside die area.
[GRT-0036] Pin analog_io[17] is outside die area.
[GRT-0036] Pin analog_io[18] is outside die area.
[GRT-0036] Pin analog_io[19] is outside die area.
[GRT-0036] Pin analog_io[1] is outside die area.
[GRT-0036] Pin analog_io[20] is outside die area.
[GRT-0036] Pin analog_io[21] is outside die area.
[GRT-0036] Pin analog_io[22] is outside die area.
[GRT-0036] Pin analog_io[23] is outside die area.
[GRT-0036] Pin analog_io[24] is outside die area.
[GRT-0036] Pin analog_io[25] is outside die area.
[GRT-0036] Pin analog_io[26] is outside die area.
[GRT-0036] Pin analog_io[27] is outside die area.
[GRT-0036] Pin analog_io[28] is outside die area.
[GRT-0036] Pin analog_io[29] is outside die area.
[GRT-0036] Pin analog_io[2] is outside die area.
[GRT-0036] Pin analog_io[30] is outside die area.
[GRT-0036] Pin analog_io[31] is outside die area.
[GRT-0036] Pin analog_io[32] is outside die area.
[GRT-0036] Pin analog_io[33] is outside die area.
[GRT-0036] Pin analog_io[34] is outside die area.
[GRT-0036] Pin analog_io[35] is outside die area.
[GRT-0036] Pin analog_io[36] is outside die area.
[GRT-0036] Pin analog_io[37] is outside die area.
[GRT-0036] Pin analog_io[38] is outside die area.
[GRT-0036] Pin analog_io[39] is outside die area.
[GRT-0036] Pin analog_io[3] is outside die area.
[GRT-0036] Pin analog_io[40] is outside die area.
[GRT-0036] Pin analog_io[41] is outside die area.
[GRT-0036] Pin analog_io[42] is outside die area.
[GRT-0036] Pin analog_io[43] is outside die area.
[GRT-0036] Pin analog_io[4] is outside die area.
[GRT-0036] Pin analog_io[5] is outside die area.
[GRT-0036] Pin analog_io[6] is outside die area.
[GRT-0036] Pin analog_io[7] is outside die area.
[GRT-0036] Pin analog_io[8] is outside die area.
[GRT-0036] Pin analog_io[9] is outside die area.
[GRT-0036] Pin analog_noesd_io[0] is outside die area.
[GRT-0036] Pin analog_noesd_io[10] is outside die area.
[GRT-0036] Pin analog_noesd_io[11] is outside die area.
[GRT-0036] Pin analog_noesd_io[12] is outside die area.
[GRT-0036] Pin analog_noesd_io[13] is outside die area.
[GRT-0036] Pin analog_noesd_io[14] is outside die area.
[GRT-0036] Pin analog_noesd_io[15] is outside die area.
[GRT-0036] Pin analog_noesd_io[16] is outside die area.
[GRT-0036] Pin analog_noesd_io[17] is outside die area.
[GRT-0036] Pin analog_noesd_io[18] is outside die area.
[GRT-0036] Pin analog_noesd_io[19] is outside die area.
[GRT-0036] Pin analog_noesd_io[1] is outside die area.
[GRT-0036] Pin analog_noesd_io[20] is outside die area.
[GRT-0036] Pin analog_noesd_io[21] is outside die area.
[GRT-0036] Pin analog_noesd_io[22] is outside die area.
[GRT-0036] Pin analog_noesd_io[23] is outside die area.
[GRT-0036] Pin analog_noesd_io[24] is outside die area.
[GRT-0036] Pin analog_noesd_io[25] is outside die area.
[GRT-0036] Pin analog_noesd_io[26] is outside die area.
[GRT-0036] Pin analog_noesd_io[27] is outside die area.
[GRT-0036] Pin analog_noesd_io[28] is outside die area.
[GRT-0036] Pin analog_noesd_io[29] is outside die area.
[GRT-0036] Pin analog_noesd_io[2] is outside die area.
[GRT-0036] Pin analog_noesd_io[30] is outside die area.
[GRT-0036] Pin analog_noesd_io[31] is outside die area.
[GRT-0036] Pin analog_noesd_io[32] is outside die area.
[GRT-0036] Pin analog_noesd_io[33] is outside die area.
[GRT-0036] Pin analog_noesd_io[34] is outside die area.
[GRT-0036] Pin analog_noesd_io[35] is outside die area.
[GRT-0036] Pin analog_noesd_io[36] is outside die area.
[GRT-0036] Pin analog_noesd_io[37] is outside die area.
[GRT-0036] Pin analog_noesd_io[38] is outside die area.
[GRT-0036] Pin analog_noesd_io[39] is outside die area.
[GRT-0036] Pin analog_noesd_io[3] is outside die area.
[GRT-0036] Pin analog_noesd_io[40] is outside die area.
[GRT-0036] Pin analog_noesd_io[41] is outside die area.
[GRT-0036] Pin analog_noesd_io[42] is outside die area.
[GRT-0036] Pin analog_noesd_io[43] is outside die area.
[GRT-0036] Pin analog_noesd_io[4] is outside die area.
[GRT-0036] Pin analog_noesd_io[5] is outside die area.
[GRT-0036] Pin analog_noesd_io[6] is outside die area.
[GRT-0036] Pin analog_noesd_io[7] is outside die area.
[GRT-0036] Pin analog_noesd_io[8] is outside die area.
[GRT-0036] Pin analog_noesd_io[9] is outside die area.
[GRT-0036] Pin gpio_analog_en[0] is outside die area.
[GRT-0036] Pin gpio_analog_en[10] is outside die area.
[GRT-0036] Pin gpio_analog_en[11] is outside die area.
[GRT-0036] Pin gpio_analog_en[12] is outside die area.
[GRT-0036] Pin gpio_analog_en[13] is outside die area.
[GRT-0036] Pin gpio_analog_en[14] is outside die area.
[GRT-0036] Pin gpio_analog_en[15] is outside die area.
[GRT-0036] Pin gpio_analog_en[16] is outside die area.
[GRT-0036] Pin gpio_analog_en[17] is outside die area.
[GRT-0036] Pin gpio_analog_en[18] is outside die area.
[GRT-0036] Pin gpio_analog_en[19] is outside die area.
[GRT-0036] Pin gpio_analog_en[1] is outside die area.
[GRT-0036] Pin gpio_analog_en[20] is outside die area.
[GRT-0036] Pin gpio_analog_en[21] is outside die area.
[GRT-0036] Pin gpio_analog_en[22] is outside die area.
[GRT-0036] Pin gpio_analog_en[23] is outside die area.
[GRT-0036] Pin gpio_analog_en[24] is outside die area.
[GRT-0036] Pin gpio_analog_en[25] is outside die area.
[GRT-0036] Pin gpio_analog_en[26] is outside die area.
[GRT-0036] Pin gpio_analog_en[27] is outside die area.
[GRT-0036] Pin gpio_analog_en[28] is outside die area.
[GRT-0036] Pin gpio_analog_en[29] is outside die area.
[GRT-0036] Pin gpio_analog_en[2] is outside die area.
[GRT-0036] Pin gpio_analog_en[30] is outside die area.
[GRT-0036] Pin gpio_analog_en[31] is outside die area.
[GRT-0036] Pin gpio_analog_en[32] is outside die area.
[GRT-0036] Pin gpio_analog_en[33] is outside die area.
[GRT-0036] Pin gpio_analog_en[34] is outside die area.
[GRT-0036] Pin gpio_analog_en[35] is outside die area.
[GRT-0036] Pin gpio_analog_en[36] is outside die area.
[GRT-0036] Pin gpio_analog_en[37] is outside die area.
[GRT-0036] Pin gpio_analog_en[38] is outside die area.
[GRT-0036] Pin gpio_analog_en[39] is outside die area.
[GRT-0036] Pin gpio_analog_en[3] is outside die area.
[GRT-0036] Pin gpio_analog_en[40] is outside die area.
[GRT-0036] Pin gpio_analog_en[41] is outside die area.
[GRT-0036] Pin gpio_analog_en[42] is outside die area.
[GRT-0036] Pin gpio_analog_en[43] is outside die area.
[GRT-0036] Pin gpio_analog_en[4] is outside die area.
[GRT-0036] Pin gpio_analog_en[5] is outside die area.
[GRT-0036] Pin gpio_analog_en[6] is outside die area.
[GRT-0036] Pin gpio_analog_en[7] is outside die area.
[GRT-0036] Pin gpio_analog_en[8] is outside die area.
[GRT-0036] Pin gpio_analog_en[9] is outside die area.
[GRT-0036] Pin gpio_analog_pol[0] is outside die area.
[GRT-0036] Pin gpio_analog_pol[10] is outside die area.
[GRT-0036] Pin gpio_analog_pol[11] is outside die area.
[GRT-0036] Pin gpio_analog_pol[12] is outside die area.
[GRT-0036] Pin gpio_analog_pol[13] is outside die area.
[GRT-0036] Pin gpio_analog_pol[14] is outside die area.
[GRT-0036] Pin gpio_analog_pol[15] is outside die area.
[GRT-0036] Pin gpio_analog_pol[16] is outside die area.
[GRT-0036] Pin gpio_analog_pol[17] is outside die area.
[GRT-0036] Pin gpio_analog_pol[18] is outside die area.
[GRT-0036] Pin gpio_analog_pol[19] is outside die area.
[GRT-0036] Pin gpio_analog_pol[1] is outside die area.
[GRT-0036] Pin gpio_analog_pol[20] is outside die area.
[GRT-0036] Pin gpio_analog_pol[21] is outside die area.
[GRT-0036] Pin gpio_analog_pol[22] is outside die area.
[GRT-0036] Pin gpio_analog_pol[23] is outside die area.
[GRT-0036] Pin gpio_analog_pol[24] is outside die area.
[GRT-0036] Pin gpio_analog_pol[25] is outside die area.
[GRT-0036] Pin gpio_analog_pol[26] is outside die area.
[GRT-0036] Pin gpio_analog_pol[27] is outside die area.
[GRT-0036] Pin gpio_analog_pol[28] is outside die area.
[GRT-0036] Pin gpio_analog_pol[29] is outside die area.
[GRT-0036] Pin gpio_analog_pol[2] is outside die area.
[GRT-0036] Pin gpio_analog_pol[30] is outside die area.
[GRT-0036] Pin gpio_analog_pol[31] is outside die area.
[GRT-0036] Pin gpio_analog_pol[32] is outside die area.
[GRT-0036] Pin gpio_analog_pol[33] is outside die area.
[GRT-0036] Pin gpio_analog_pol[34] is outside die area.
[GRT-0036] Pin gpio_analog_pol[35] is outside die area.
[GRT-0036] Pin gpio_analog_pol[36] is outside die area.
[GRT-0036] Pin gpio_analog_pol[37] is outside die area.
[GRT-0036] Pin gpio_analog_pol[38] is outside die area.
[GRT-0036] Pin gpio_analog_pol[39] is outside die area.
[GRT-0036] Pin gpio_analog_pol[3] is outside die area.
[GRT-0036] Pin gpio_analog_pol[40] is outside die area.
[GRT-0036] Pin gpio_analog_pol[41] is outside die area.
[GRT-0036] Pin gpio_analog_pol[42] is outside die area.
[GRT-0036] Pin gpio_analog_pol[43] is outside die area.
[GRT-0036] Pin gpio_analog_pol[4] is outside die area.
[GRT-0036] Pin gpio_analog_pol[5] is outside die area.
[GRT-0036] Pin gpio_analog_pol[6] is outside die area.
[GRT-0036] Pin gpio_analog_pol[7] is outside die area.
[GRT-0036] Pin gpio_analog_pol[8] is outside die area.
[GRT-0036] Pin gpio_analog_pol[9] is outside die area.
[GRT-0036] Pin gpio_analog_sel[0] is outside die area.
[GRT-0036] Pin gpio_analog_sel[10] is outside die area.
[GRT-0036] Pin gpio_analog_sel[11] is outside die area.
[GRT-0036] Pin gpio_analog_sel[12] is outside die area.
[GRT-0036] Pin gpio_analog_sel[13] is outside die area.
[GRT-0036] Pin gpio_analog_sel[14] is outside die area.
[GRT-0036] Pin gpio_analog_sel[15] is outside die area.
[GRT-0036] Pin gpio_analog_sel[16] is outside die area.
[GRT-0036] Pin gpio_analog_sel[17] is outside die area.
[GRT-0036] Pin gpio_analog_sel[18] is outside die area.
[GRT-0036] Pin gpio_analog_sel[19] is outside die area.
[GRT-0036] Pin gpio_analog_sel[1] is outside die area.
[GRT-0036] Pin gpio_analog_sel[20] is outside die area.
[GRT-0036] Pin gpio_analog_sel[21] is outside die area.
[GRT-0036] Pin gpio_analog_sel[22] is outside die area.
[GRT-0036] Pin gpio_analog_sel[23] is outside die area.
[GRT-0036] Pin gpio_analog_sel[24] is outside die area.
[GRT-0036] Pin gpio_analog_sel[25] is outside die area.
[GRT-0036] Pin gpio_analog_sel[26] is outside die area.
[GRT-0036] Pin gpio_analog_sel[27] is outside die area.
[GRT-0036] Pin gpio_analog_sel[28] is outside die area.
[GRT-0036] Pin gpio_analog_sel[29] is outside die area.
[GRT-0036] Pin gpio_analog_sel[2] is outside die area.
[GRT-0036] Pin gpio_analog_sel[30] is outside die area.
[GRT-0036] Pin gpio_analog_sel[31] is outside die area.
[GRT-0036] Pin gpio_analog_sel[32] is outside die area.
[GRT-0036] Pin gpio_analog_sel[33] is outside die area.
[GRT-0036] Pin gpio_analog_sel[34] is outside die area.
[GRT-0036] Pin gpio_analog_sel[35] is outside die area.
[GRT-0036] Pin gpio_analog_sel[36] is outside die area.
[GRT-0036] Pin gpio_analog_sel[37] is outside die area.
[GRT-0036] Pin gpio_analog_sel[38] is outside die area.
[GRT-0036] Pin gpio_analog_sel[39] is outside die area.
[GRT-0036] Pin gpio_analog_sel[3] is outside die area.
[GRT-0036] Pin gpio_analog_sel[40] is outside die area.
[GRT-0036] Pin gpio_analog_sel[41] is outside die area.
[GRT-0036] Pin gpio_analog_sel[42] is outside die area.
[GRT-0036] Pin gpio_analog_sel[43] is outside die area.
[GRT-0036] Pin gpio_analog_sel[4] is outside die area.
[GRT-0036] Pin gpio_analog_sel[5] is outside die area.
[GRT-0036] Pin gpio_analog_sel[6] is outside die area.
[GRT-0036] Pin gpio_analog_sel[7] is outside die area.
[GRT-0036] Pin gpio_analog_sel[8] is outside die area.
[GRT-0036] Pin gpio_analog_sel[9] is outside die area.
[GRT-0036] Pin gpio_dm0[0] is outside die area.
[GRT-0036] Pin gpio_dm0[10] is outside die area.
[GRT-0036] Pin gpio_dm0[11] is outside die area.
[GRT-0036] Pin gpio_dm0[12] is outside die area.
[GRT-0036] Pin gpio_dm0[13] is outside die area.
[GRT-0036] Pin gpio_dm0[14] is outside die area.
[GRT-0036] Pin gpio_dm0[15] is outside die area.
[GRT-0036] Pin gpio_dm0[16] is outside die area.
[GRT-0036] Pin gpio_dm0[17] is outside die area.
[GRT-0036] Pin gpio_dm0[18] is outside die area.
[GRT-0036] Pin gpio_dm0[19] is outside die area.
[GRT-0036] Pin gpio_dm0[1] is outside die area.
[GRT-0036] Pin gpio_dm0[20] is outside die area.
[GRT-0036] Pin gpio_dm0[21] is outside die area.
[GRT-0036] Pin gpio_dm0[22] is outside die area.
[GRT-0036] Pin gpio_dm0[23] is outside die area.
[GRT-0036] Pin gpio_dm0[24] is outside die area.
[GRT-0036] Pin gpio_dm0[25] is outside die area.
[GRT-0036] Pin gpio_dm0[26] is outside die area.
[GRT-0036] Pin gpio_dm0[27] is outside die area.
[GRT-0036] Pin gpio_dm0[28] is outside die area.
[GRT-0036] Pin gpio_dm0[29] is outside die area.
[GRT-0036] Pin gpio_dm0[2] is outside die area.
[GRT-0036] Pin gpio_dm0[30] is outside die area.
[GRT-0036] Pin gpio_dm0[31] is outside die area.
[GRT-0036] Pin gpio_dm0[32] is outside die area.
[GRT-0036] Pin gpio_dm0[33] is outside die area.
[GRT-0036] Pin gpio_dm0[34] is outside die area.
[GRT-0036] Pin gpio_dm0[35] is outside die area.
[GRT-0036] Pin gpio_dm0[36] is outside die area.
[GRT-0036] Pin gpio_dm0[37] is outside die area.
[GRT-0036] Pin gpio_dm0[38] is outside die area.
[GRT-0036] Pin gpio_dm0[39] is outside die area.
[GRT-0036] Pin gpio_dm0[3] is outside die area.
[GRT-0036] Pin gpio_dm0[40] is outside die area.
[GRT-0036] Pin gpio_dm0[41] is outside die area.
[GRT-0036] Pin gpio_dm0[42] is outside die area.
[GRT-0036] Pin gpio_dm0[43] is outside die area.
[GRT-0036] Pin gpio_dm0[4] is outside die area.
[GRT-0036] Pin gpio_dm0[5] is outside die area.
[GRT-0036] Pin gpio_dm0[6] is outside die area.
[GRT-0036] Pin gpio_dm0[7] is outside die area.
[GRT-0036] Pin gpio_dm0[8] is outside die area.
[GRT-0036] Pin gpio_dm0[9] is outside die area.
[GRT-0036] Pin gpio_dm1[0] is outside die area.
[GRT-0036] Pin gpio_dm1[10] is outside die area.
[GRT-0036] Pin gpio_dm1[11] is outside die area.
[GRT-0036] Pin gpio_dm1[12] is outside die area.
[GRT-0036] Pin gpio_dm1[13] is outside die area.
[GRT-0036] Pin gpio_dm1[14] is outside die area.
[GRT-0036] Pin gpio_dm1[15] is outside die area.
[GRT-0036] Pin gpio_dm1[16] is outside die area.
[GRT-0036] Pin gpio_dm1[17] is outside die area.
[GRT-0036] Pin gpio_dm1[18] is outside die area.
[GRT-0036] Pin gpio_dm1[19] is outside die area.
[GRT-0036] Pin gpio_dm1[1] is outside die area.
[GRT-0036] Pin gpio_dm1[20] is outside die area.
[GRT-0036] Pin gpio_dm1[21] is outside die area.
[GRT-0036] Pin gpio_dm1[22] is outside die area.
[GRT-0036] Pin gpio_dm1[23] is outside die area.
[GRT-0036] Pin gpio_dm1[24] is outside die area.
[GRT-0036] Pin gpio_dm1[25] is outside die area.
[GRT-0036] Pin gpio_dm1[26] is outside die area.
[GRT-0036] Pin gpio_dm1[27] is outside die area.
[GRT-0036] Pin gpio_dm1[28] is outside die area.
[GRT-0036] Pin gpio_dm1[29] is outside die area.
[GRT-0036] Pin gpio_dm1[2] is outside die area.
[GRT-0036] Pin gpio_dm1[30] is outside die area.
[GRT-0036] Pin gpio_dm1[31] is outside die area.
[GRT-0036] Pin gpio_dm1[32] is outside die area.
[GRT-0036] Pin gpio_dm1[33] is outside die area.
[GRT-0036] Pin gpio_dm1[34] is outside die area.
[GRT-0036] Pin gpio_dm1[35] is outside die area.
[GRT-0036] Pin gpio_dm1[36] is outside die area.
[GRT-0036] Pin gpio_dm1[37] is outside die area.
[GRT-0036] Pin gpio_dm1[38] is outside die area.
[GRT-0036] Pin gpio_dm1[39] is outside die area.
[GRT-0036] Pin gpio_dm1[3] is outside die area.
[GRT-0036] Pin gpio_dm1[40] is outside die area.
[GRT-0036] Pin gpio_dm1[41] is outside die area.
[GRT-0036] Pin gpio_dm1[42] is outside die area.
[GRT-0036] Pin gpio_dm1[43] is outside die area.
[GRT-0036] Pin gpio_dm1[4] is outside die area.
[GRT-0036] Pin gpio_dm1[5] is outside die area.
[GRT-0036] Pin gpio_dm1[6] is outside die area.
[GRT-0036] Pin gpio_dm1[7] is outside die area.
[GRT-0036] Pin gpio_dm1[8] is outside die area.
[GRT-0036] Pin gpio_dm1[9] is outside die area.
[GRT-0036] Pin gpio_dm2[0] is outside die area.
[GRT-0036] Pin gpio_dm2[10] is outside die area.
[GRT-0036] Pin gpio_dm2[11] is outside die area.
[GRT-0036] Pin gpio_dm2[12] is outside die area.
[GRT-0036] Pin gpio_dm2[13] is outside die area.
[GRT-0036] Pin gpio_dm2[14] is outside die area.
[GRT-0036] Pin gpio_dm2[15] is outside die area.
[GRT-0036] Pin gpio_dm2[16] is outside die area.
[GRT-0036] Pin gpio_dm2[17] is outside die area.
[GRT-0036] Pin gpio_dm2[18] is outside die area.
[GRT-0036] Pin gpio_dm2[19] is outside die area.
[GRT-0036] Pin gpio_dm2[1] is outside die area.
[GRT-0036] Pin gpio_dm2[20] is outside die area.
[GRT-0036] Pin gpio_dm2[21] is outside die area.
[GRT-0036] Pin gpio_dm2[22] is outside die area.
[GRT-0036] Pin gpio_dm2[23] is outside die area.
[GRT-0036] Pin gpio_dm2[24] is outside die area.
[GRT-0036] Pin gpio_dm2[25] is outside die area.
[GRT-0036] Pin gpio_dm2[26] is outside die area.
[GRT-0036] Pin gpio_dm2[27] is outside die area.
[GRT-0036] Pin gpio_dm2[28] is outside die area.
[GRT-0036] Pin gpio_dm2[29] is outside die area.
[GRT-0036] Pin gpio_dm2[2] is outside die area.
[GRT-0036] Pin gpio_dm2[30] is outside die area.
[GRT-0036] Pin gpio_dm2[31] is outside die area.
[GRT-0036] Pin gpio_dm2[32] is outside die area.
[GRT-0036] Pin gpio_dm2[33] is outside die area.
[GRT-0036] Pin gpio_dm2[34] is outside die area.
[GRT-0036] Pin gpio_dm2[35] is outside die area.
[GRT-0036] Pin gpio_dm2[36] is outside die area.
[GRT-0036] Pin gpio_dm2[37] is outside die area.
[GRT-0036] Pin gpio_dm2[38] is outside die area.
[GRT-0036] Pin gpio_dm2[39] is outside die area.
[GRT-0036] Pin gpio_dm2[3] is outside die area.
[GRT-0036] Pin gpio_dm2[40] is outside die area.
[GRT-0036] Pin gpio_dm2[41] is outside die area.
[GRT-0036] Pin gpio_dm2[42] is outside die area.
[GRT-0036] Pin gpio_dm2[43] is outside die area.
[GRT-0036] Pin gpio_dm2[4] is outside die area.
[GRT-0036] Pin gpio_dm2[5] is outside die area.
[GRT-0036] Pin gpio_dm2[6] is outside die area.
[GRT-0036] Pin gpio_dm2[7] is outside die area.
[GRT-0036] Pin gpio_dm2[8] is outside die area.
[GRT-0036] Pin gpio_dm2[9] is outside die area.
[GRT-0036] Pin gpio_holdover[0] is outside die area.
[GRT-0036] Pin gpio_holdover[10] is outside die area.
[GRT-0036] Pin gpio_holdover[11] is outside die area.
[GRT-0036] Pin gpio_holdover[12] is outside die area.
[GRT-0036] Pin gpio_holdover[13] is outside die area.
[GRT-0036] Pin gpio_holdover[14] is outside die area.
[GRT-0036] Pin gpio_holdover[15] is outside die area.
[GRT-0036] Pin gpio_holdover[16] is outside die area.
[GRT-0036] Pin gpio_holdover[17] is outside die area.
[GRT-0036] Pin gpio_holdover[18] is outside die area.
[GRT-0036] Pin gpio_holdover[19] is outside die area.
[GRT-0036] Pin gpio_holdover[1] is outside die area.
[GRT-0036] Pin gpio_holdover[20] is outside die area.
[GRT-0036] Pin gpio_holdover[21] is outside die area.
[GRT-0036] Pin gpio_holdover[22] is outside die area.
[GRT-0036] Pin gpio_holdover[23] is outside die area.
[GRT-0036] Pin gpio_holdover[24] is outside die area.
[GRT-0036] Pin gpio_holdover[25] is outside die area.
[GRT-0036] Pin gpio_holdover[26] is outside die area.
[GRT-0036] Pin gpio_holdover[27] is outside die area.
[GRT-0036] Pin gpio_holdover[28] is outside die area.
[GRT-0036] Pin gpio_holdover[29] is outside die area.
[GRT-0036] Pin gpio_holdover[2] is outside die area.
[GRT-0036] Pin gpio_holdover[30] is outside die area.
[GRT-0036] Pin gpio_holdover[31] is outside die area.
[GRT-0036] Pin gpio_holdover[32] is outside die area.
[GRT-0036] Pin gpio_holdover[33] is outside die area.
[GRT-0036] Pin gpio_holdover[34] is outside die area.
[GRT-0036] Pin gpio_holdover[35] is outside die area.
[GRT-0036] Pin gpio_holdover[36] is outside die area.
[GRT-0036] Pin gpio_holdover[37] is outside die area.
[GRT-0036] Pin gpio_holdover[38] is outside die area.
[GRT-0036] Pin gpio_holdover[39] is outside die area.
[GRT-0036] Pin gpio_holdover[3] is outside die area.
[GRT-0036] Pin gpio_holdover[40] is outside die area.
[GRT-0036] Pin gpio_holdover[41] is outside die area.
[GRT-0036] Pin gpio_holdover[42] is outside die area.
[GRT-0036] Pin gpio_holdover[43] is outside die area.
[GRT-0036] Pin gpio_holdover[4] is outside die area.
[GRT-0036] Pin gpio_holdover[5] is outside die area.
[GRT-0036] Pin gpio_holdover[6] is outside die area.
[GRT-0036] Pin gpio_holdover[7] is outside die area.
[GRT-0036] Pin gpio_holdover[8] is outside die area.
[GRT-0036] Pin gpio_holdover[9] is outside die area.
[GRT-0036] Pin gpio_ib_mode_sel[0] is outside die area.
[GRT-0036] Pin gpio_ib_mode_sel[10] is outside die area.
[GRT-0036] Pin gpio_ib_mode_sel[11] is outside die area.
[GRT-0036] Pin gpio_ib_mode_sel[12] is outside die area.
[GRT-0036] Pin gpio_ib_mode_sel[13] is outside die area.
[GRT-0036] Pin gpio_ib_mode_sel[14] is outside die area.
[GRT-0036] Pin gpio_ib_mode_sel[15] is outside die area.
[GRT-0036] Pin gpio_ib_mode_sel[16] is outside die area.
[GRT-0036] Pin gpio_ib_mode_sel[17] is outside die area.
[GRT-0036] Pin gpio_ib_mode_sel[18] is outside die area.
[GRT-0036] Pin gpio_ib_mode_sel[19] is outside die area.
[GRT-0036] Pin gpio_ib_mode_sel[1] is outside die area.
[GRT-0036] Pin gpio_ib_mode_sel[20] is outside die area.
[GRT-0036] Pin gpio_ib_mode_sel[21] is outside die area.
[GRT-0036] Pin gpio_ib_mode_sel[22] is outside die area.
[GRT-0036] Pin gpio_ib_mode_sel[23] is outside die area.
[GRT-0036] Pin gpio_ib_mode_sel[24] is outside die area.
[GRT-0036] Pin gpio_ib_mode_sel[25] is outside die area.
[GRT-0036] Pin gpio_ib_mode_sel[26] is outside die area.
[GRT-0036] Pin gpio_ib_mode_sel[27] is outside die area.
[GRT-0036] Pin gpio_ib_mode_sel[28] is outside die area.
[GRT-0036] Pin gpio_ib_mode_sel[29] is outside die area.
[GRT-0036] Pin gpio_ib_mode_sel[2] is outside die area.
[GRT-0036] Pin gpio_ib_mode_sel[30] is outside die area.
[GRT-0036] Pin gpio_ib_mode_sel[31] is outside die area.
[GRT-0036] Pin gpio_ib_mode_sel[32] is outside die area.
[GRT-0036] Pin gpio_ib_mode_sel[33] is outside die area.
[GRT-0036] Pin gpio_ib_mode_sel[34] is outside die area.
[GRT-0036] Pin gpio_ib_mode_sel[35] is outside die area.
[GRT-0036] Pin gpio_ib_mode_sel[36] is outside die area.
[GRT-0036] Pin gpio_ib_mode_sel[37] is outside die area.
[GRT-0036] Pin gpio_ib_mode_sel[38] is outside die area.
[GRT-0036] Pin gpio_ib_mode_sel[39] is outside die area.
[GRT-0036] Pin gpio_ib_mode_sel[3] is outside die area.
[GRT-0036] Pin gpio_ib_mode_sel[40] is outside die area.
[GRT-0036] Pin gpio_ib_mode_sel[41] is outside die area.
[GRT-0036] Pin gpio_ib_mode_sel[42] is outside die area.
[GRT-0036] Pin gpio_ib_mode_sel[43] is outside die area.
[GRT-0036] Pin gpio_ib_mode_sel[4] is outside die area.
[GRT-0036] Pin gpio_ib_mode_sel[5] is outside die area.
[GRT-0036] Pin gpio_ib_mode_sel[6] is outside die area.
[GRT-0036] Pin gpio_ib_mode_sel[7] is outside die area.
[GRT-0036] Pin gpio_ib_mode_sel[8] is outside die area.
[GRT-0036] Pin gpio_ib_mode_sel[9] is outside die area.
[GRT-0036] Pin gpio_in[0] is outside die area.
[GRT-0036] Pin gpio_in[10] is outside die area.
[GRT-0036] Pin gpio_in[11] is outside die area.
[GRT-0036] Pin gpio_in[12] is outside die area.
[GRT-0036] Pin gpio_in[13] is outside die area.
[GRT-0036] Pin gpio_in[14] is outside die area.
[GRT-0036] Pin gpio_in[15] is outside die area.
[GRT-0036] Pin gpio_in[16] is outside die area.
[GRT-0036] Pin gpio_in[17] is outside die area.
[GRT-0036] Pin gpio_in[18] is outside die area.
[GRT-0036] Pin gpio_in[19] is outside die area.
[GRT-0036] Pin gpio_in[1] is outside die area.
[GRT-0036] Pin gpio_in[20] is outside die area.
[GRT-0036] Pin gpio_in[21] is outside die area.
[GRT-0036] Pin gpio_in[22] is outside die area.
[GRT-0036] Pin gpio_in[23] is outside die area.
[GRT-0036] Pin gpio_in[24] is outside die area.
[GRT-0036] Pin gpio_in[25] is outside die area.
[GRT-0036] Pin gpio_in[26] is outside die area.
[GRT-0036] Pin gpio_in[27] is outside die area.
[GRT-0036] Pin gpio_in[28] is outside die area.
[GRT-0036] Pin gpio_in[29] is outside die area.
[GRT-0036] Pin gpio_in[2] is outside die area.
[GRT-0036] Pin gpio_in[30] is outside die area.
[GRT-0036] Pin gpio_in[31] is outside die area.
[GRT-0036] Pin gpio_in[32] is outside die area.
[GRT-0036] Pin gpio_in[33] is outside die area.
[GRT-0036] Pin gpio_in[34] is outside die area.
[GRT-0036] Pin gpio_in[35] is outside die area.
[GRT-0036] Pin gpio_in[36] is outside die area.
[GRT-0036] Pin gpio_in[37] is outside die area.
[GRT-0036] Pin gpio_in[38] is outside die area.
[GRT-0036] Pin gpio_in[39] is outside die area.
[GRT-0036] Pin gpio_in[3] is outside die area.
[GRT-0036] Pin gpio_in[40] is outside die area.
[GRT-0036] Pin gpio_in[41] is outside die area.
[GRT-0036] Pin gpio_in[42] is outside die area.
[GRT-0036] Pin gpio_in[43] is outside die area.
[GRT-0036] Pin gpio_in[4] is outside die area.
[GRT-0036] Pin gpio_in[5] is outside die area.
[GRT-0036] Pin gpio_in[6] is outside die area.
[GRT-0036] Pin gpio_in[7] is outside die area.
[GRT-0036] Pin gpio_in[8] is outside die area.
[GRT-0036] Pin gpio_in[9] is outside die area.
[GRT-0036] Pin gpio_in_h[0] is outside die area.
[GRT-0036] Pin gpio_in_h[10] is outside die area.
[GRT-0036] Pin gpio_in_h[11] is outside die area.
[GRT-0036] Pin gpio_in_h[12] is outside die area.
[GRT-0036] Pin gpio_in_h[13] is outside die area.
[GRT-0036] Pin gpio_in_h[14] is outside die area.
[GRT-0036] Pin gpio_in_h[15] is outside die area.
[GRT-0036] Pin gpio_in_h[16] is outside die area.
[GRT-0036] Pin gpio_in_h[17] is outside die area.
[GRT-0036] Pin gpio_in_h[18] is outside die area.
[GRT-0036] Pin gpio_in_h[19] is outside die area.
[GRT-0036] Pin gpio_in_h[1] is outside die area.
[GRT-0036] Pin gpio_in_h[20] is outside die area.
[GRT-0036] Pin gpio_in_h[21] is outside die area.
[GRT-0036] Pin gpio_in_h[22] is outside die area.
[GRT-0036] Pin gpio_in_h[23] is outside die area.
[GRT-0036] Pin gpio_in_h[24] is outside die area.
[GRT-0036] Pin gpio_in_h[25] is outside die area.
[GRT-0036] Pin gpio_in_h[26] is outside die area.
[GRT-0036] Pin gpio_in_h[27] is outside die area.
[GRT-0036] Pin gpio_in_h[28] is outside die area.
[GRT-0036] Pin gpio_in_h[29] is outside die area.
[GRT-0036] Pin gpio_in_h[2] is outside die area.
[GRT-0036] Pin gpio_in_h[30] is outside die area.
[GRT-0036] Pin gpio_in_h[31] is outside die area.
[GRT-0036] Pin gpio_in_h[32] is outside die area.
[GRT-0036] Pin gpio_in_h[33] is outside die area.
[GRT-0036] Pin gpio_in_h[34] is outside die area.
[GRT-0036] Pin gpio_in_h[35] is outside die area.
[GRT-0036] Pin gpio_in_h[36] is outside die area.
[GRT-0036] Pin gpio_in_h[37] is outside die area.
[GRT-0036] Pin gpio_in_h[38] is outside die area.
[GRT-0036] Pin gpio_in_h[39] is outside die area.
[GRT-0036] Pin gpio_in_h[3] is outside die area.
[GRT-0036] Pin gpio_in_h[40] is outside die area.
[GRT-0036] Pin gpio_in_h[41] is outside die area.
[GRT-0036] Pin gpio_in_h[42] is outside die area.
[GRT-0036] Pin gpio_in_h[43] is outside die area.
[GRT-0036] Pin gpio_in_h[4] is outside die area.
[GRT-0036] Pin gpio_in_h[5] is outside die area.
[GRT-0036] Pin gpio_in_h[6] is outside die area.
[GRT-0036] Pin gpio_in_h[7] is outside die area.
[GRT-0036] Pin gpio_in_h[8] is outside die area.
[GRT-0036] Pin gpio_in_h[9] is outside die area.
[GRT-0036] Pin gpio_inp_dis[0] is outside die area.
[GRT-0036] Pin gpio_inp_dis[10] is outside die area.
[GRT-0036] Pin gpio_inp_dis[11] is outside die area.
[GRT-0036] Pin gpio_inp_dis[12] is outside die area.
[GRT-0036] Pin gpio_inp_dis[13] is outside die area.
[GRT-0036] Pin gpio_inp_dis[14] is outside die area.
[GRT-0036] Pin gpio_inp_dis[15] is outside die area.
[GRT-0036] Pin gpio_inp_dis[16] is outside die area.
[GRT-0036] Pin gpio_inp_dis[17] is outside die area.
[GRT-0036] Pin gpio_inp_dis[18] is outside die area.
[GRT-0036] Pin gpio_inp_dis[19] is outside die area.
[GRT-0036] Pin gpio_inp_dis[1] is outside die area.
[GRT-0036] Pin gpio_inp_dis[20] is outside die area.
[GRT-0036] Pin gpio_inp_dis[21] is outside die area.
[GRT-0036] Pin gpio_inp_dis[22] is outside die area.
[GRT-0036] Pin gpio_inp_dis[23] is outside die area.
[GRT-0036] Pin gpio_inp_dis[24] is outside die area.
[GRT-0036] Pin gpio_inp_dis[25] is outside die area.
[GRT-0036] Pin gpio_inp_dis[26] is outside die area.
[GRT-0036] Pin gpio_inp_dis[27] is outside die area.
[GRT-0036] Pin gpio_inp_dis[28] is outside die area.
[GRT-0036] Pin gpio_inp_dis[29] is outside die area.
[GRT-0036] Pin gpio_inp_dis[2] is outside die area.
[GRT-0036] Pin gpio_inp_dis[30] is outside die area.
[GRT-0036] Pin gpio_inp_dis[31] is outside die area.
[GRT-0036] Pin gpio_inp_dis[32] is outside die area.
[GRT-0036] Pin gpio_inp_dis[33] is outside die area.
[GRT-0036] Pin gpio_inp_dis[34] is outside die area.
[GRT-0036] Pin gpio_inp_dis[35] is outside die area.
[GRT-0036] Pin gpio_inp_dis[36] is outside die area.
[GRT-0036] Pin gpio_inp_dis[37] is outside die area.
[GRT-0036] Pin gpio_inp_dis[38] is outside die area.
[GRT-0036] Pin gpio_inp_dis[39] is outside die area.
[GRT-0036] Pin gpio_inp_dis[3] is outside die area.
[GRT-0036] Pin gpio_inp_dis[40] is outside die area.
[GRT-0036] Pin gpio_inp_dis[41] is outside die area.
[GRT-0036] Pin gpio_inp_dis[42] is outside die area.
[GRT-0036] Pin gpio_inp_dis[43] is outside die area.
[GRT-0036] Pin gpio_inp_dis[4] is outside die area.
[GRT-0036] Pin gpio_inp_dis[5] is outside die area.
[GRT-0036] Pin gpio_inp_dis[6] is outside die area.
[GRT-0036] Pin gpio_inp_dis[7] is outside die area.
[GRT-0036] Pin gpio_inp_dis[8] is outside die area.
[GRT-0036] Pin gpio_inp_dis[9] is outside die area.
[GRT-0036] Pin gpio_loopback_one[0] is outside die area.
[GRT-0036] Pin gpio_loopback_one[10] is outside die area.
[GRT-0036] Pin gpio_loopback_one[11] is outside die area.
[GRT-0036] Pin gpio_loopback_one[12] is outside die area.
[GRT-0036] Pin gpio_loopback_one[13] is outside die area.
[GRT-0036] Pin gpio_loopback_one[14] is outside die area.
[GRT-0036] Pin gpio_loopback_one[15] is outside die area.
[GRT-0036] Pin gpio_loopback_one[16] is outside die area.
[GRT-0036] Pin gpio_loopback_one[17] is outside die area.
[GRT-0036] Pin gpio_loopback_one[18] is outside die area.
[GRT-0036] Pin gpio_loopback_one[19] is outside die area.
[GRT-0036] Pin gpio_loopback_one[1] is outside die area.
[GRT-0036] Pin gpio_loopback_one[20] is outside die area.
[GRT-0036] Pin gpio_loopback_one[21] is outside die area.
[GRT-0036] Pin gpio_loopback_one[22] is outside die area.
[GRT-0036] Pin gpio_loopback_one[23] is outside die area.
[GRT-0036] Pin gpio_loopback_one[24] is outside die area.
[GRT-0036] Pin gpio_loopback_one[25] is outside die area.
[GRT-0036] Pin gpio_loopback_one[26] is outside die area.
[GRT-0036] Pin gpio_loopback_one[27] is outside die area.
[GRT-0036] Pin gpio_loopback_one[28] is outside die area.
[GRT-0036] Pin gpio_loopback_one[29] is outside die area.
[GRT-0036] Pin gpio_loopback_one[2] is outside die area.
[GRT-0036] Pin gpio_loopback_one[30] is outside die area.
[GRT-0036] Pin gpio_loopback_one[31] is outside die area.
[GRT-0036] Pin gpio_loopback_one[32] is outside die area.
[GRT-0036] Pin gpio_loopback_one[33] is outside die area.
[GRT-0036] Pin gpio_loopback_one[34] is outside die area.
[GRT-0036] Pin gpio_loopback_one[35] is outside die area.
[GRT-0036] Pin gpio_loopback_one[36] is outside die area.
[GRT-0036] Pin gpio_loopback_one[37] is outside die area.
[GRT-0036] Pin gpio_loopback_one[38] is outside die area.
[GRT-0036] Pin gpio_loopback_one[39] is outside die area.
[GRT-0036] Pin gpio_loopback_one[3] is outside die area.
[GRT-0036] Pin gpio_loopback_one[40] is outside die area.
[GRT-0036] Pin gpio_loopback_one[41] is outside die area.
[GRT-0036] Pin gpio_loopback_one[42] is outside die area.
[GRT-0036] Pin gpio_loopback_one[43] is outside die area.
[GRT-0036] Pin gpio_loopback_one[4] is outside die area.
[GRT-0036] Pin gpio_loopback_one[5] is outside die area.
[GRT-0036] Pin gpio_loopback_one[6] is outside die area.
[GRT-0036] Pin gpio_loopback_one[7] is outside die area.
[GRT-0036] Pin gpio_loopback_one[8] is outside die area.
[GRT-0036] Pin gpio_loopback_one[9] is outside die area.
[GRT-0036] Pin gpio_loopback_zero[0] is outside die area.
[GRT-0036] Pin gpio_loopback_zero[10] is outside die area.
[GRT-0036] Pin gpio_loopback_zero[11] is outside die area.
[GRT-0036] Pin gpio_loopback_zero[12] is outside die area.
[GRT-0036] Pin gpio_loopback_zero[13] is outside die area.
[GRT-0036] Pin gpio_loopback_zero[14] is outside die area.
[GRT-0036] Pin gpio_loopback_zero[15] is outside die area.
[GRT-0036] Pin gpio_loopback_zero[16] is outside die area.
[GRT-0036] Pin gpio_loopback_zero[17] is outside die area.
[GRT-0036] Pin gpio_loopback_zero[18] is outside die area.
[GRT-0036] Pin gpio_loopback_zero[19] is outside die area.
[GRT-0036] Pin gpio_loopback_zero[1] is outside die area.
[GRT-0036] Pin gpio_loopback_zero[20] is outside die area.
[GRT-0036] Pin gpio_loopback_zero[21] is outside die area.
[GRT-0036] Pin gpio_loopback_zero[22] is outside die area.
[GRT-0036] Pin gpio_loopback_zero[23] is outside die area.
[GRT-0036] Pin gpio_loopback_zero[24] is outside die area.
[GRT-0036] Pin gpio_loopback_zero[25] is outside die area.
[GRT-0036] Pin gpio_loopback_zero[26] is outside die area.
[GRT-0036] Pin gpio_loopback_zero[27] is outside die area.
[GRT-0036] Pin gpio_loopback_zero[28] is outside die area.
[GRT-0036] Pin gpio_loopback_zero[29] is outside die area.
[GRT-0036] Pin gpio_loopback_zero[2] is outside die area.
[GRT-0036] Pin gpio_loopback_zero[30] is outside die area.
[GRT-0036] Pin gpio_loopback_zero[31] is outside die area.
[GRT-0036] Pin gpio_loopback_zero[32] is outside die area.
[GRT-0036] Pin gpio_loopback_zero[33] is outside die area.
[GRT-0036] Pin gpio_loopback_zero[34] is outside die area.
[GRT-0036] Pin gpio_loopback_zero[35] is outside die area.
[GRT-0036] Pin gpio_loopback_zero[36] is outside die area.
[GRT-0036] Pin gpio_loopback_zero[37] is outside die area.
[GRT-0036] Pin gpio_loopback_zero[38] is outside die area.
[GRT-0036] Pin gpio_loopback_zero[39] is outside die area.
[GRT-0036] Pin gpio_loopback_zero[3] is outside die area.
[GRT-0036] Pin gpio_loopback_zero[40] is outside die area.
[GRT-0036] Pin gpio_loopback_zero[41] is outside die area.
[GRT-0036] Pin gpio_loopback_zero[42] is outside die area.
[GRT-0036] Pin gpio_loopback_zero[43] is outside die area.
[GRT-0036] Pin gpio_loopback_zero[4] is outside die area.
[GRT-0036] Pin gpio_loopback_zero[5] is outside die area.
[GRT-0036] Pin gpio_loopback_zero[6] is outside die area.
[GRT-0036] Pin gpio_loopback_zero[7] is outside die area.
[GRT-0036] Pin gpio_loopback_zero[8] is outside die area.
[GRT-0036] Pin gpio_loopback_zero[9] is outside die area.
[GRT-0036] Pin gpio_oeb[0] is outside die area.
[GRT-0036] Pin gpio_oeb[10] is outside die area.
[GRT-0036] Pin gpio_oeb[11] is outside die area.
[GRT-0036] Pin gpio_oeb[12] is outside die area.
[GRT-0036] Pin gpio_oeb[13] is outside die area.
[GRT-0036] Pin gpio_oeb[14] is outside die area.
[GRT-0036] Pin gpio_oeb[15] is outside die area.
[GRT-0036] Pin gpio_oeb[16] is outside die area.
[GRT-0036] Pin gpio_oeb[17] is outside die area.
[GRT-0036] Pin gpio_oeb[18] is outside die area.
[GRT-0036] Pin gpio_oeb[19] is outside die area.
[GRT-0036] Pin gpio_oeb[1] is outside die area.
[GRT-0036] Pin gpio_oeb[20] is outside die area.
[GRT-0036] Pin gpio_oeb[21] is outside die area.
[GRT-0036] Pin gpio_oeb[22] is outside die area.
[GRT-0036] Pin gpio_oeb[23] is outside die area.
[GRT-0036] Pin gpio_oeb[24] is outside die area.
[GRT-0036] Pin gpio_oeb[25] is outside die area.
[GRT-0036] Pin gpio_oeb[26] is outside die area.
[GRT-0036] Pin gpio_oeb[27] is outside die area.
[GRT-0036] Pin gpio_oeb[28] is outside die area.
[GRT-0036] Pin gpio_oeb[29] is outside die area.
[GRT-0036] Pin gpio_oeb[2] is outside die area.
[GRT-0036] Pin gpio_oeb[30] is outside die area.
[GRT-0036] Pin gpio_oeb[31] is outside die area.
[GRT-0036] Pin gpio_oeb[32] is outside die area.
[GRT-0036] Pin gpio_oeb[33] is outside die area.
[GRT-0036] Pin gpio_oeb[34] is outside die area.
[GRT-0036] Pin gpio_oeb[35] is outside die area.
[GRT-0036] Pin gpio_oeb[36] is outside die area.
[GRT-0036] Pin gpio_oeb[37] is outside die area.
[GRT-0036] Pin gpio_oeb[38] is outside die area.
[GRT-0036] Pin gpio_oeb[39] is outside die area.
[GRT-0036] Pin gpio_oeb[3] is outside die area.
[GRT-0036] Pin gpio_oeb[40] is outside die area.
[GRT-0036] Pin gpio_oeb[41] is outside die area.
[GRT-0036] Pin gpio_oeb[42] is outside die area.
[GRT-0036] Pin gpio_oeb[43] is outside die area.
[GRT-0036] Pin gpio_oeb[4] is outside die area.
[GRT-0036] Pin gpio_oeb[5] is outside die area.
[GRT-0036] Pin gpio_oeb[6] is outside die area.
[GRT-0036] Pin gpio_oeb[7] is outside die area.
[GRT-0036] Pin gpio_oeb[8] is outside die area.
[GRT-0036] Pin gpio_oeb[9] is outside die area.
[GRT-0036] Pin gpio_out[0] is outside die area.
[GRT-0036] Pin gpio_out[10] is outside die area.
[GRT-0036] Pin gpio_out[11] is outside die area.
[GRT-0036] Pin gpio_out[12] is outside die area.
[GRT-0036] Pin gpio_out[13] is outside die area.
[GRT-0036] Pin gpio_out[14] is outside die area.
[GRT-0036] Pin gpio_out[15] is outside die area.
[GRT-0036] Pin gpio_out[16] is outside die area.
[GRT-0036] Pin gpio_out[17] is outside die area.
[GRT-0036] Pin gpio_out[18] is outside die area.
[GRT-0036] Pin gpio_out[19] is outside die area.
[GRT-0036] Pin gpio_out[1] is outside die area.
[GRT-0036] Pin gpio_out[20] is outside die area.
[GRT-0036] Pin gpio_out[21] is outside die area.
[GRT-0036] Pin gpio_out[22] is outside die area.
[GRT-0036] Pin gpio_out[23] is outside die area.
[GRT-0036] Pin gpio_out[24] is outside die area.
[GRT-0036] Pin gpio_out[25] is outside die area.
[GRT-0036] Pin gpio_out[26] is outside die area.
[GRT-0036] Pin gpio_out[27] is outside die area.
[GRT-0036] Pin gpio_out[28] is outside die area.
[GRT-0036] Pin gpio_out[29] is outside die area.
[GRT-0036] Pin gpio_out[2] is outside die area.
[GRT-0036] Pin gpio_out[30] is outside die area.
[GRT-0036] Pin gpio_out[31] is outside die area.
[GRT-0036] Pin gpio_out[32] is outside die area.
[GRT-0036] Pin gpio_out[33] is outside die area.
[GRT-0036] Pin gpio_out[34] is outside die area.
[GRT-0036] Pin gpio_out[35] is outside die area.
[GRT-0036] Pin gpio_out[36] is outside die area.
[GRT-0036] Pin gpio_out[37] is outside die area.
[GRT-0036] Pin gpio_out[38] is outside die area.
[GRT-0036] Pin gpio_out[39] is outside die area.
[GRT-0036] Pin gpio_out[3] is outside die area.
[GRT-0036] Pin gpio_out[40] is outside die area.
[GRT-0036] Pin gpio_out[41] is outside die area.
[GRT-0036] Pin gpio_out[42] is outside die area.
[GRT-0036] Pin gpio_out[43] is outside die area.
[GRT-0036] Pin gpio_out[4] is outside die area.
[GRT-0036] Pin gpio_out[5] is outside die area.
[GRT-0036] Pin gpio_out[6] is outside die area.
[GRT-0036] Pin gpio_out[7] is outside die area.
[GRT-0036] Pin gpio_out[8] is outside die area.
[GRT-0036] Pin gpio_out[9] is outside die area.
[GRT-0036] Pin gpio_slow_sel[0] is outside die area.
[GRT-0036] Pin gpio_slow_sel[10] is outside die area.
[GRT-0036] Pin gpio_slow_sel[11] is outside die area.
[GRT-0036] Pin gpio_slow_sel[12] is outside die area.
[GRT-0036] Pin gpio_slow_sel[13] is outside die area.
[GRT-0036] Pin gpio_slow_sel[14] is outside die area.
[GRT-0036] Pin gpio_slow_sel[15] is outside die area.
[GRT-0036] Pin gpio_slow_sel[16] is outside die area.
[GRT-0036] Pin gpio_slow_sel[17] is outside die area.
[GRT-0036] Pin gpio_slow_sel[18] is outside die area.
[GRT-0036] Pin gpio_slow_sel[19] is outside die area.
[GRT-0036] Pin gpio_slow_sel[1] is outside die area.
[GRT-0036] Pin gpio_slow_sel[20] is outside die area.
[GRT-0036] Pin gpio_slow_sel[21] is outside die area.
[GRT-0036] Pin gpio_slow_sel[22] is outside die area.
[GRT-0036] Pin gpio_slow_sel[23] is outside die area.
[GRT-0036] Pin gpio_slow_sel[24] is outside die area.
[GRT-0036] Pin gpio_slow_sel[25] is outside die area.
[GRT-0036] Pin gpio_slow_sel[26] is outside die area.
[GRT-0036] Pin gpio_slow_sel[27] is outside die area.
[GRT-0036] Pin gpio_slow_sel[28] is outside die area.
[GRT-0036] Pin gpio_slow_sel[29] is outside die area.
[GRT-0036] Pin gpio_slow_sel[2] is outside die area.
[GRT-0036] Pin gpio_slow_sel[30] is outside die area.
[GRT-0036] Pin gpio_slow_sel[31] is outside die area.
[GRT-0036] Pin gpio_slow_sel[32] is outside die area.
[GRT-0036] Pin gpio_slow_sel[33] is outside die area.
[GRT-0036] Pin gpio_slow_sel[34] is outside die area.
[GRT-0036] Pin gpio_slow_sel[35] is outside die area.
[GRT-0036] Pin gpio_slow_sel[36] is outside die area.
[GRT-0036] Pin gpio_slow_sel[37] is outside die area.
[GRT-0036] Pin gpio_slow_sel[38] is outside die area.
[GRT-0036] Pin gpio_slow_sel[39] is outside die area.
[GRT-0036] Pin gpio_slow_sel[3] is outside die area.
[GRT-0036] Pin gpio_slow_sel[40] is outside die area.
[GRT-0036] Pin gpio_slow_sel[41] is outside die area.
[GRT-0036] Pin gpio_slow_sel[42] is outside die area.
[GRT-0036] Pin gpio_slow_sel[43] is outside die area.
[GRT-0036] Pin gpio_slow_sel[4] is outside die area.
[GRT-0036] Pin gpio_slow_sel[5] is outside die area.
[GRT-0036] Pin gpio_slow_sel[6] is outside die area.
[GRT-0036] Pin gpio_slow_sel[7] is outside die area.
[GRT-0036] Pin gpio_slow_sel[8] is outside die area.
[GRT-0036] Pin gpio_slow_sel[9] is outside die area.
[GRT-0036] Pin gpio_vtrip_sel[0] is outside die area.
[GRT-0036] Pin gpio_vtrip_sel[10] is outside die area.
[GRT-0036] Pin gpio_vtrip_sel[11] is outside die area.
[GRT-0036] Pin gpio_vtrip_sel[12] is outside die area.
[GRT-0036] Pin gpio_vtrip_sel[13] is outside die area.
[GRT-0036] Pin gpio_vtrip_sel[14] is outside die area.
[GRT-0036] Pin gpio_vtrip_sel[15] is outside die area.
[GRT-0036] Pin gpio_vtrip_sel[16] is outside die area.
[GRT-0036] Pin gpio_vtrip_sel[17] is outside die area.
[GRT-0036] Pin gpio_vtrip_sel[18] is outside die area.
[GRT-0036] Pin gpio_vtrip_sel[19] is outside die area.
[GRT-0036] Pin gpio_vtrip_sel[1] is outside die area.
[GRT-0036] Pin gpio_vtrip_sel[20] is outside die area.
[GRT-0036] Pin gpio_vtrip_sel[21] is outside die area.
[GRT-0036] Pin gpio_vtrip_sel[22] is outside die area.
[GRT-0036] Pin gpio_vtrip_sel[23] is outside die area.
[GRT-0036] Pin gpio_vtrip_sel[24] is outside die area.
[GRT-0036] Pin gpio_vtrip_sel[25] is outside die area.
[GRT-0036] Pin gpio_vtrip_sel[26] is outside die area.
[GRT-0036] Pin gpio_vtrip_sel[27] is outside die area.
[GRT-0036] Pin gpio_vtrip_sel[28] is outside die area.
[GRT-0036] Pin gpio_vtrip_sel[29] is outside die area.
[GRT-0036] Pin gpio_vtrip_sel[2] is outside die area.
[GRT-0036] Pin gpio_vtrip_sel[30] is outside die area.
[GRT-0036] Pin gpio_vtrip_sel[31] is outside die area.
[GRT-0036] Pin gpio_vtrip_sel[32] is outside die area.
[GRT-0036] Pin gpio_vtrip_sel[33] is outside die area.
[GRT-0036] Pin gpio_vtrip_sel[34] is outside die area.
[GRT-0036] Pin gpio_vtrip_sel[35] is outside die area.
[GRT-0036] Pin gpio_vtrip_sel[36] is outside die area.
[GRT-0036] Pin gpio_vtrip_sel[37] is outside die area.
[GRT-0036] Pin gpio_vtrip_sel[38] is outside die area.
[GRT-0036] Pin gpio_vtrip_sel[39] is outside die area.
[GRT-0036] Pin gpio_vtrip_sel[3] is outside die area.
[GRT-0036] Pin gpio_vtrip_sel[40] is outside die area.
[GRT-0036] Pin gpio_vtrip_sel[41] is outside die area.
[GRT-0036] Pin gpio_vtrip_sel[42] is outside die area.
[GRT-0036] Pin gpio_vtrip_sel[43] is outside die area.
[GRT-0036] Pin gpio_vtrip_sel[4] is outside die area.
[GRT-0036] Pin gpio_vtrip_sel[5] is outside die area.
[GRT-0036] Pin gpio_vtrip_sel[6] is outside die area.
[GRT-0036] Pin gpio_vtrip_sel[7] is outside die area.
[GRT-0036] Pin gpio_vtrip_sel[8] is outside die area.
[GRT-0036] Pin gpio_vtrip_sel[9] is outside die area.
[GRT-0036] Pin mask_rev[0] is outside die area.
[GRT-0036] Pin mask_rev[10] is outside die area.
[GRT-0036] Pin mask_rev[11] is outside die area.
[GRT-0036] Pin mask_rev[12] is outside die area.
[GRT-0036] Pin mask_rev[13] is outside die area.
[GRT-0036] Pin mask_rev[14] is outside die area.
[GRT-0036] Pin mask_rev[15] is outside die area.
[GRT-0036] Pin mask_rev[16] is outside die area.
[GRT-0036] Pin mask_rev[17] is outside die area.
[GRT-0036] Pin mask_rev[18] is outside die area.
[GRT-0036] Pin mask_rev[19] is outside die area.
[GRT-0036] Pin mask_rev[1] is outside die area.
[GRT-0036] Pin mask_rev[20] is outside die area.
[GRT-0036] Pin mask_rev[21] is outside die area.
[GRT-0036] Pin mask_rev[22] is outside die area.
[GRT-0036] Pin mask_rev[23] is outside die area.
[GRT-0036] Pin mask_rev[24] is outside die area.
[GRT-0036] Pin mask_rev[25] is outside die area.
[GRT-0036] Pin mask_rev[26] is outside die area.
[GRT-0036] Pin mask_rev[27] is outside die area.
[GRT-0036] Pin mask_rev[28] is outside die area.
[GRT-0036] Pin mask_rev[29] is outside die area.
[GRT-0036] Pin mask_rev[2] is outside die area.
[GRT-0036] Pin mask_rev[30] is outside die area.
[GRT-0036] Pin mask_rev[31] is outside die area.
[GRT-0036] Pin mask_rev[3] is outside die area.
[GRT-0036] Pin mask_rev[4] is outside die area.
[GRT-0036] Pin mask_rev[5] is outside die area.
[GRT-0036] Pin mask_rev[6] is outside die area.
[GRT-0036] Pin mask_rev[7] is outside die area.
[GRT-0036] Pin mask_rev[8] is outside die area.
[GRT-0036] Pin mask_rev[9] is outside die area.
[GRT-0036] Pin por_l is outside die area.
[GRT-0036] Pin porb_h is outside die area.
[GRT-0036] Pin porb_l is outside die area.
[GRT-0036] Pin resetb_h is outside die area.
[GRT-0036] Pin resetb_l is outside die area.
Running 'OpenROAD.CheckAntennas' at 'openframe_project_wrapper/runs/26_02_09_04_54/31-openroad-checkantennas'…
Logging subprocess to [repr.filename]'openframe_project_wrapper/runs/26_02_09_04_54/31-openroad-checkantennas/openroad-checkantennas.log'[/repr.filename]…
[STA-0366] port '__VIRTUAL_CLK__' not found.
[STA-0366] port '__VIRTUAL_CLK__' not found.
[STA-0419] transition time can not be specified for virtual clocks.
[STA-0450] virtual clock __VIRTUAL_CLK__ can not be propagated.
Gating variable for step 'OpenROAD.RepairDesignPostGRT' set to 'False'- the step will be skipped.
Skipping step 'Repair Design (Post-Global Routing)'…
Running 'Odb.DiodesOnPorts' at 'openframe_project_wrapper/runs/26_02_09_04_54/32-odb-diodesonports'…
'DIODE_ON_PORTS' is set to 'none': skipping…
Gating variable for step 'Odb.HeuristicDiodeInsertion' set to 'False'- the step will be skipped.
Skipping step 'Heuristic Diode Insertion'…
Gating variable for step 'OpenROAD.RepairAntennas' set to 'False'- the step will be skipped.
Skipping step 'Antenna Repair'…
Gating variable for step 'OpenROAD.ResizerTimingPostGRT' set to 'False'- the step will be skipped.
Skipping step 'Resizer Timing Optimizations (Post-Global Routing)'…
Running 'OpenROAD.STAMidPNR-3' at 'openframe_project_wrapper/runs/26_02_09_04_54/33-openroad-stamidpnr-3'…
Logging subprocess to [repr.filename]'openframe_project_wrapper/runs/26_02_09_04_54/33-openroad-stamidpnr-3/openroad-stamidpnr-3.log'[/repr.filename]…
[STA-0366] port '__VIRTUAL_CLK__' not found.
[STA-0366] port '__VIRTUAL_CLK__' not found.
[STA-0419] transition time can not be specified for virtual clocks.
[STA-0450] virtual clock __VIRTUAL_CLK__ can not be propagated.
[GRT-0026] Missing route to pin gpio_analog_en[0].
[GRT-0026] Missing route to pin gpio_analog_en[10].
[GRT-0026] Missing route to pin gpio_analog_en[11].
[GRT-0026] Missing route to pin gpio_analog_en[12].
[GRT-0026] Missing route to pin gpio_analog_en[13].
[GRT-0026] Missing route to pin gpio_analog_en[14].
[GRT-0026] Missing route to pin gpio_analog_en[1].
[GRT-0026] Missing route to pin gpio_analog_en[2].
[GRT-0026] Missing route to pin gpio_analog_en[3].
[GRT-0026] Missing route to pin gpio_analog_en[4].
[GRT-0026] Missing route to pin gpio_analog_en[5].
[GRT-0026] Missing route to pin gpio_analog_en[6].
[GRT-0026] Missing route to pin gpio_analog_en[7].
[GRT-0026] Missing route to pin gpio_analog_en[8].
[GRT-0026] Missing route to pin gpio_analog_en[9].
[GRT-0026] Missing route to pin gpio_analog_pol[0].
[GRT-0026] Missing route to pin gpio_analog_pol[10].
[GRT-0026] Missing route to pin gpio_analog_pol[11].
[GRT-0026] Missing route to pin gpio_analog_pol[12].
[GRT-0026] Missing route to pin gpio_analog_pol[13].
[GRT-0026] Missing route to pin gpio_analog_pol[14].
[GRT-0026] Missing route to pin gpio_analog_pol[1].
[GRT-0026] Missing route to pin gpio_analog_pol[2].
[GRT-0026] Missing route to pin gpio_analog_pol[3].
[GRT-0026] Missing route to pin gpio_analog_pol[4].
[GRT-0026] Missing route to pin gpio_analog_pol[5].
[GRT-0026] Missing route to pin gpio_analog_pol[6].
[GRT-0026] Missing route to pin gpio_analog_pol[7].
[GRT-0026] Missing route to pin gpio_analog_pol[8].
[GRT-0026] Missing route to pin gpio_analog_pol[9].
[GRT-0026] Missing route to pin gpio_analog_sel[0].
[GRT-0026] Missing route to pin gpio_analog_sel[10].
[GRT-0026] Missing route to pin gpio_analog_sel[11].
[GRT-0026] Missing route to pin gpio_analog_sel[12].
[GRT-0026] Missing route to pin gpio_analog_sel[13].
[GRT-0026] Missing route to pin gpio_analog_sel[14].
[GRT-0026] Missing route to pin gpio_analog_sel[1].
[GRT-0026] Missing route to pin gpio_analog_sel[2].
[GRT-0026] Missing route to pin gpio_analog_sel[3].
[GRT-0026] Missing route to pin gpio_analog_sel[4].
[GRT-0026] Missing route to pin gpio_analog_sel[5].
[GRT-0026] Missing route to pin gpio_analog_sel[6].
[GRT-0026] Missing route to pin gpio_analog_sel[7].
[GRT-0026] Missing route to pin gpio_analog_sel[8].
[GRT-0026] Missing route to pin gpio_analog_sel[9].
[GRT-0026] Missing route to pin gpio_dm0[0].
[GRT-0026] Missing route to pin gpio_dm0[10].
[GRT-0026] Missing route to pin gpio_dm0[11].
[GRT-0026] Missing route to pin gpio_dm0[12].
[GRT-0026] Missing route to pin gpio_dm0[13].
[GRT-0026] Missing route to pin gpio_dm0[14].
[GRT-0026] Missing route to pin gpio_dm0[1].
[GRT-0026] Missing route to pin gpio_dm0[3].
[GRT-0026] Missing route to pin gpio_dm0[4].
[GRT-0026] Missing route to pin gpio_dm0[5].
[GRT-0026] Missing route to pin gpio_dm0[6].
[GRT-0026] Missing route to pin gpio_dm0[7].
[GRT-0026] Missing route to pin gpio_dm0[8].
[GRT-0026] Missing route to pin gpio_dm0[9].
[GRT-0026] Missing route to pin gpio_dm1[0].
[GRT-0026] Missing route to pin gpio_dm1[10].
[GRT-0026] Missing route to pin gpio_dm1[11].
[GRT-0026] Missing route to pin gpio_dm1[12].
[GRT-0026] Missing route to pin gpio_dm1[13].
[GRT-0026] Missing route to pin gpio_dm1[14].
[GRT-0026] Missing route to pin gpio_dm1[1].
[GRT-0026] Missing route to pin gpio_dm1[2].
[GRT-0026] Missing route to pin gpio_dm1[3].
[GRT-0026] Missing route to pin gpio_dm1[4].
[GRT-0026] Missing route to pin gpio_dm1[5].
[GRT-0026] Missing route to pin gpio_dm1[6].
[GRT-0026] Missing route to pin gpio_dm1[7].
[GRT-0026] Missing route to pin gpio_dm1[8].
[GRT-0026] Missing route to pin gpio_dm1[9].
[GRT-0026] Missing route to pin gpio_dm2[0].
[GRT-0026] Missing route to pin gpio_dm2[10].
[GRT-0026] Missing route to pin gpio_dm2[11].
[GRT-0026] Missing route to pin gpio_dm2[12].
[GRT-0026] Missing route to pin gpio_dm2[13].
[GRT-0026] Missing route to pin gpio_dm2[14].
[GRT-0026] Missing route to pin gpio_dm2[1].
[GRT-0026] Missing route to pin gpio_dm2[2].
[GRT-0026] Missing route to pin gpio_dm2[3].
[GRT-0026] Missing route to pin gpio_dm2[4].
[GRT-0026] Missing route to pin gpio_dm2[5].
[GRT-0026] Missing route to pin gpio_dm2[6].
[GRT-0026] Missing route to pin gpio_dm2[7].
[GRT-0026] Missing route to pin gpio_dm2[8].
[GRT-0026] Missing route to pin gpio_dm2[9].
[GRT-0026] Missing route to pin gpio_holdover[0].
[GRT-0026] Missing route to pin gpio_holdover[10].
[GRT-0026] Missing route to pin gpio_holdover[11].
[GRT-0026] Missing route to pin gpio_holdover[12].
[GRT-0026] Missing route to pin gpio_holdover[13].
[GRT-0026] Missing route to pin gpio_holdover[14].
[GRT-0026] Missing route to pin gpio_holdover[1].
[GRT-0026] Missing route to pin gpio_holdover[2].
[GRT-0026] Missing route to pin gpio_holdover[3].
[GRT-0026] Missing route to pin gpio_holdover[4].
[GRT-0026] Missing route to pin gpio_holdover[5].
[GRT-0026] Missing route to pin gpio_holdover[6].
[GRT-0026] Missing route to pin gpio_holdover[7].
[GRT-0026] Missing route to pin gpio_holdover[8].
[GRT-0026] Missing route to pin gpio_holdover[9].
[GRT-0026] Missing route to pin gpio_ib_mode_sel[0].
[GRT-0026] Missing route to pin gpio_ib_mode_sel[10].
[GRT-0026] Missing route to pin gpio_ib_mode_sel[11].
[GRT-0026] Missing route to pin gpio_ib_mode_sel[12].
[GRT-0026] Missing route to pin gpio_ib_mode_sel[13].
[GRT-0026] Missing route to pin gpio_ib_mode_sel[14].
[GRT-0026] Missing route to pin gpio_ib_mode_sel[1].
[GRT-0026] Missing route to pin gpio_ib_mode_sel[2].
[GRT-0026] Missing route to pin gpio_ib_mode_sel[3].
[GRT-0026] Missing route to pin gpio_ib_mode_sel[4].
[GRT-0026] Missing route to pin gpio_ib_mode_sel[5].
[GRT-0026] Missing route to pin gpio_ib_mode_sel[6].
[GRT-0026] Missing route to pin gpio_ib_mode_sel[7].
[GRT-0026] Missing route to pin gpio_ib_mode_sel[8].
[GRT-0026] Missing route to pin gpio_ib_mode_sel[9].
[GRT-0026] Missing route to pin gpio_in[0].
[GRT-0026] Missing route to pin gpio_in[10].
[GRT-0026] Missing route to pin gpio_in[11].
[GRT-0026] Missing route to pin gpio_in[12].
[GRT-0026] Missing route to pin gpio_in[13].
[GRT-0026] Missing route to pin gpio_in[14].
[GRT-0026] Missing route to pin gpio_in[1].
[GRT-0026] Missing route to pin gpio_in[2].
[GRT-0026] Missing route to pin gpio_in[3].
[GRT-0026] Missing route to pin gpio_in[4].
[GRT-0026] Missing route to pin gpio_in[5].
[GRT-0026] Missing route to pin gpio_in[6].
[GRT-0026] Missing route to pin gpio_in[7].
[GRT-0026] Missing route to pin gpio_in[8].
[GRT-0026] Missing route to pin gpio_in[9].
[GRT-0026] Missing route to pin gpio_inp_dis[0].
[GRT-0026] Missing route to pin gpio_inp_dis[10].
[GRT-0026] Missing route to pin gpio_inp_dis[11].
[GRT-0026] Missing route to pin gpio_inp_dis[12].
[GRT-0026] Missing route to pin gpio_inp_dis[13].
[GRT-0026] Missing route to pin gpio_inp_dis[14].
[GRT-0026] Missing route to pin gpio_inp_dis[1].
[GRT-0026] Missing route to pin gpio_inp_dis[2].
[GRT-0026] Missing route to pin gpio_inp_dis[3].
[GRT-0026] Missing route to pin gpio_inp_dis[4].
[GRT-0026] Missing route to pin gpio_inp_dis[5].
[GRT-0026] Missing route to pin gpio_inp_dis[6].
[GRT-0026] Missing route to pin gpio_inp_dis[7].
[GRT-0026] Missing route to pin gpio_inp_dis[8].
[GRT-0026] Missing route to pin gpio_inp_dis[9].
[GRT-0026] Missing route to pin gpio_oeb[0].
[GRT-0026] Missing route to pin gpio_oeb[10].
[GRT-0026] Missing route to pin gpio_oeb[11].
[GRT-0026] Missing route to pin gpio_oeb[12].
[GRT-0026] Missing route to pin gpio_oeb[13].
[GRT-0026] Missing route to pin gpio_oeb[14].
[GRT-0026] Missing route to pin gpio_oeb[1].
[GRT-0026] Missing route to pin gpio_oeb[2].
[GRT-0026] Missing route to pin gpio_oeb[3].
[GRT-0026] Missing route to pin gpio_oeb[4].
[GRT-0026] Missing route to pin gpio_oeb[5].
[GRT-0026] Missing route to pin gpio_oeb[6].
[GRT-0026] Missing route to pin gpio_oeb[7].
[GRT-0026] Missing route to pin gpio_oeb[8].
[GRT-0026] Missing route to pin gpio_oeb[9].
[GRT-0026] Missing route to pin gpio_out[0].
[GRT-0026] Missing route to pin gpio_out[10].
[GRT-0026] Missing route to pin gpio_out[11].
[GRT-0026] Missing route to pin gpio_out[12].
[GRT-0026] Missing route to pin gpio_out[13].
[GRT-0026] Missing route to pin gpio_out[14].
[GRT-0026] Missing route to pin gpio_out[1].
[GRT-0026] Missing route to pin gpio_out[2].
[GRT-0026] Missing route to pin gpio_out[3].
[GRT-0026] Missing route to pin gpio_out[4].
[GRT-0026] Missing route to pin gpio_out[5].
[GRT-0026] Missing route to pin gpio_out[6].
[GRT-0026] Missing route to pin gpio_out[7].
[GRT-0026] Missing route to pin gpio_out[8].
[GRT-0026] Missing route to pin gpio_out[9].
[GRT-0026] Missing route to pin gpio_slow_sel[0].
[GRT-0026] Missing route to pin gpio_slow_sel[10].
[GRT-0026] Missing route to pin gpio_slow_sel[11].
[GRT-0026] Missing route to pin gpio_slow_sel[12].
[GRT-0026] Missing route to pin gpio_slow_sel[13].
[GRT-0026] Missing route to pin gpio_slow_sel[14].
[GRT-0026] Missing route to pin gpio_slow_sel[1].
[GRT-0026] Missing route to pin gpio_slow_sel[2].
[GRT-0026] Missing route to pin gpio_slow_sel[3].
[GRT-0026] Missing route to pin gpio_slow_sel[4].
[GRT-0026] Missing route to pin gpio_slow_sel[5].
[GRT-0026] Missing route to pin gpio_slow_sel[6].
[GRT-0026] Missing route to pin gpio_slow_sel[7].
[GRT-0026] Missing route to pin gpio_slow_sel[8].
[GRT-0026] Missing route to pin gpio_slow_sel[9].
[GRT-0026] Missing route to pin gpio_vtrip_sel[0].
[GRT-0026] Missing route to pin gpio_vtrip_sel[10].
[GRT-0026] Missing route to pin gpio_vtrip_sel[11].
[GRT-0026] Missing route to pin gpio_vtrip_sel[12].
[GRT-0026] Missing route to pin gpio_vtrip_sel[13].
[GRT-0026] Missing route to pin gpio_vtrip_sel[14].
[GRT-0026] Missing route to pin gpio_vtrip_sel[1].
[GRT-0026] Missing route to pin gpio_vtrip_sel[2].
[GRT-0026] Missing route to pin gpio_vtrip_sel[3].
[GRT-0026] Missing route to pin gpio_vtrip_sel[4].
[GRT-0026] Missing route to pin gpio_vtrip_sel[5].
[GRT-0026] Missing route to pin gpio_vtrip_sel[6].
[GRT-0026] Missing route to pin gpio_vtrip_sel[7].
[GRT-0026] Missing route to pin gpio_vtrip_sel[8].
[GRT-0026] Missing route to pin gpio_vtrip_sel[9].
Running 'OpenROAD.DetailedRouting' at 'openframe_project_wrapper/runs/26_02_09_04_54/34-openroad-detailedrouting'…
Running TritonRoute with 8 threads…
Logging subprocess to [repr.filename]'openframe_project_wrapper/runs/26_02_09_04_54/34-openroad-detailedrouting/openroad-detailedrouting.log'[/repr.filename]…
[STA-0366] port '__VIRTUAL_CLK__' not found.
[STA-0366] port '__VIRTUAL_CLK__' not found.
[STA-0419] transition time can not be specified for virtual clocks.
[STA-0450] virtual clock __VIRTUAL_CLK__ can not be propagated.
[DRT-0349] LEF58_ENCLOSURE with no CUTCLASS is not supported. Skipping for layer mcon
[DRT-0349] LEF58_ENCLOSURE with no CUTCLASS is not supported. Skipping for layer mcon
[DRT-0349] LEF58_ENCLOSURE with no CUTCLASS is not supported. Skipping for layer via
[DRT-0349] LEF58_ENCLOSURE with no CUTCLASS is not supported. Skipping for layer via
[DRT-0349] LEF58_ENCLOSURE with no CUTCLASS is not supported. Skipping for layer via2
[DRT-0349] LEF58_ENCLOSURE with no CUTCLASS is not supported. Skipping for layer via2
[DRT-0349] LEF58_ENCLOSURE with no CUTCLASS is not supported. Skipping for layer via3
[DRT-0349] LEF58_ENCLOSURE with no CUTCLASS is not supported. Skipping for layer via3
[DRT-0349] LEF58_ENCLOSURE with no CUTCLASS is not supported. Skipping for layer via4
[DRT-0349] LEF58_ENCLOSURE with no CUTCLASS is not supported. Skipping for layer via4
[DRT-0421] Term gpio_analog_en[15] has no pins on routing grid
[DRT-0421] Term gpio_analog_en[20] has no pins on routing grid
[DRT-0421] Term gpio_analog_en[21] has no pins on routing grid
[DRT-0421] Term gpio_analog_en[24] has no pins on routing grid
[DRT-0421] Term gpio_analog_en[26] has no pins on routing grid
[DRT-0421] Term gpio_analog_en[29] has no pins on routing grid
[DRT-0421] Term gpio_analog_en[33] has no pins on routing grid
[DRT-0421] Term gpio_analog_en[34] has no pins on routing grid
[DRT-0421] Term gpio_analog_en[36] has no pins on routing grid
[DRT-0421] Term gpio_analog_en[37] has no pins on routing grid
[DRT-0421] Term gpio_analog_pol[15] has no pins on routing grid
[DRT-0421] Term gpio_analog_pol[20] has no pins on routing grid
[DRT-0421] Term gpio_analog_pol[21] has no pins on routing grid
[DRT-0421] Term gpio_analog_pol[25] has no pins on routing grid
[DRT-0421] Term gpio_analog_pol[27] has no pins on routing grid
[DRT-0421] Term gpio_analog_pol[28] has no pins on routing grid
[DRT-0421] Term gpio_analog_pol[30] has no pins on routing grid
[DRT-0421] Term gpio_analog_pol[31] has no pins on routing grid
[DRT-0421] Term gpio_analog_pol[32] has no pins on routing grid
[DRT-0421] Term gpio_analog_pol[35] has no pins on routing grid
[DRT-0421] Term gpio_analog_sel[15] has no pins on routing grid
[DRT-0421] Term gpio_analog_sel[20] has no pins on routing grid
[DRT-0421] Term gpio_analog_sel[21] has no pins on routing grid
[DRT-0421] Term gpio_analog_sel[25] has no pins on routing grid
[DRT-0421] Term gpio_analog_sel[26] has no pins on routing grid
[DRT-0421] Term gpio_analog_sel[28] has no pins on routing grid
[DRT-0421] Term gpio_analog_sel[29] has no pins on routing grid
[DRT-0421] Term gpio_analog_sel[31] has no pins on routing grid
[DRT-0421] Term gpio_analog_sel[33] has no pins on routing grid
[DRT-0421] Term gpio_analog_sel[36] has no pins on routing grid
[DRT-0421] Term gpio_dm0[15] has no pins on routing grid
[DRT-0421] Term gpio_dm0[20] has no pins on routing grid
[DRT-0421] Term gpio_dm0[21] has no pins on routing grid
[DRT-0421] Term gpio_dm0[25] has no pins on routing grid
[DRT-0421] Term gpio_dm0[26] has no pins on routing grid
[DRT-0421] Term gpio_dm0[28] has no pins on routing grid
[DRT-0421] Term gpio_dm0[31] has no pins on routing grid
[DRT-0421] Term gpio_dm0[33] has no pins on routing grid
[DRT-0421] Term gpio_dm0[35] has no pins on routing grid
[DRT-0421] Term gpio_dm0[36] has no pins on routing grid
[DRT-0421] Term gpio_dm1[15] has no pins on routing grid
[DRT-0421] Term gpio_dm1[20] has no pins on routing grid
[DRT-0421] Term gpio_dm1[21] has no pins on routing grid
[DRT-0421] Term gpio_dm1[24] has no pins on routing grid
[DRT-0421] Term gpio_dm1[27] has no pins on routing grid
[DRT-0421] Term gpio_dm1[29] has no pins on routing grid
[DRT-0421] Term gpio_dm1[30] has no pins on routing grid
[DRT-0421] Term gpio_dm1[34] has no pins on routing grid
[DRT-0421] Term gpio_dm1[37] has no pins on routing grid
[DRT-0421] Term gpio_dm2[15] has no pins on routing grid
[DRT-0421] Term gpio_dm2[20] has no pins on routing grid
[DRT-0421] Term gpio_dm2[21] has no pins on routing grid
[DRT-0421] Term gpio_dm2[25] has no pins on routing grid
[DRT-0421] Term gpio_dm2[28] has no pins on routing grid
[DRT-0421] Term gpio_dm2[30] has no pins on routing grid
[DRT-0421] Term gpio_dm2[31] has no pins on routing grid
[DRT-0421] Term gpio_dm2[32] has no pins on routing grid
[DRT-0421] Term gpio_dm2[35] has no pins on routing grid
[DRT-0421] Term gpio_holdover[15] has no pins on routing grid
[DRT-0421] Term gpio_holdover[20] has no pins on routing grid
[DRT-0421] Term gpio_holdover[21] has no pins on routing grid
[DRT-0421] Term gpio_holdover[24] has no pins on routing grid
[DRT-0421] Term gpio_holdover[27] has no pins on routing grid
[DRT-0421] Term gpio_holdover[30] has no pins on routing grid
[DRT-0421] Term gpio_holdover[32] has no pins on routing grid
[DRT-0421] Term gpio_holdover[34] has no pins on routing grid
[DRT-0421] Term gpio_holdover[37] has no pins on routing grid
[DRT-0421] Term gpio_ib_mode_sel[15] has no pins on routing grid
[DRT-0421] Term gpio_ib_mode_sel[20] has no pins on routing grid
[DRT-0421] Term gpio_ib_mode_sel[21] has no pins on routing grid
[DRT-0421] Term gpio_ib_mode_sel[25] has no pins on routing grid
[DRT-0421] Term gpio_ib_mode_sel[28] has no pins on routing grid
[DRT-0421] Term gpio_ib_mode_sel[31] has no pins on routing grid
[DRT-0421] Term gpio_ib_mode_sel[32] has no pins on routing grid
[DRT-0421] Term gpio_ib_mode_sel[33] has no pins on routing grid
[DRT-0421] Term gpio_ib_mode_sel[35] has no pins on routing grid
[DRT-0421] Term gpio_in[15] has no pins on routing grid
[DRT-0421] Term gpio_in[20] has no pins on routing grid
[DRT-0421] Term gpio_in[21] has no pins on routing grid
[DRT-0421] Term gpio_in[24] has no pins on routing grid
[DRT-0421] Term gpio_in[26] has no pins on routing grid
[DRT-0421] Term gpio_in[27] has no pins on routing grid
[DRT-0421] Term gpio_in[29] has no pins on routing grid
[DRT-0421] Term gpio_in[30] has no pins on routing grid
[DRT-0421] Term gpio_in[34] has no pins on routing grid
[DRT-0421] Term gpio_in[37] has no pins on routing grid
[DRT-0421] Term gpio_in_h[15] has no pins on routing grid
[DRT-0421] Term gpio_in_h[20] has no pins on routing grid
[DRT-0421] Term gpio_in_h[21] has no pins on routing grid
[DRT-0421] Term gpio_in_h[25] has no pins on routing grid
[DRT-0421] Term gpio_in_h[27] has no pins on routing grid
[DRT-0421] Term gpio_in_h[30] has no pins on routing grid
[DRT-0421] Term gpio_in_h[32] has no pins on routing grid
[DRT-0421] Term gpio_in_h[34] has no pins on routing grid
[DRT-0421] Term gpio_in_h[35] has no pins on routing grid
[DRT-0421] Term gpio_in_h[37] has no pins on routing grid
[DRT-0421] Term gpio_inp_dis[15] has no pins on routing grid
[DRT-0421] Term gpio_inp_dis[20] has no pins on routing grid
[DRT-0421] Term gpio_inp_dis[21] has no pins on routing grid
[DRT-0421] Term gpio_inp_dis[25] has no pins on routing grid
[DRT-0421] Term gpio_inp_dis[28] has no pins on routing grid
[DRT-0421] Term gpio_inp_dis[30] has no pins on routing grid
[DRT-0421] Term gpio_inp_dis[31] has no pins on routing grid
[DRT-0421] Term gpio_inp_dis[32] has no pins on routing grid
[DRT-0421] Term gpio_inp_dis[35] has no pins on routing grid
[DRT-0421] Term gpio_loopback_one[19] has no pins on routing grid
[DRT-0421] Term gpio_loopback_one[21] has no pins on routing grid
[DRT-0421] Term gpio_loopback_one[23] has no pins on routing grid
[DRT-0422] No routing tracks pass through the center of Term gpio_loopback_one[24].
[DRT-0422] No routing tracks pass through the center of Term gpio_loopback_one[25].
[DRT-0422] No routing tracks pass through the center of Term gpio_loopback_one[26].
[DRT-0422] No routing tracks pass through the center of Term gpio_loopback_one[27].
[DRT-0421] Term gpio_loopback_one[28] has no pins on routing grid
[DRT-0421] Term gpio_loopback_one[29] has no pins on routing grid
[DRT-0421] Term gpio_loopback_one[30] has no pins on routing grid
[DRT-0422] No routing tracks pass through the center of Term gpio_loopback_one[31].
[DRT-0421] Term gpio_loopback_one[32] has no pins on routing grid
[DRT-0421] Term gpio_loopback_one[33] has no pins on routing grid
[DRT-0421] Term gpio_loopback_one[34] has no pins on routing grid
[DRT-0422] No routing tracks pass through the center of Term gpio_loopback_one[35].
[DRT-0422] No routing tracks pass through the center of Term gpio_loopback_one[36].
[DRT-0421] Term gpio_loopback_one[37] has no pins on routing grid
[DRT-0421] Term gpio_loopback_zero[16] has no pins on routing grid
[DRT-0421] Term gpio_loopback_zero[18] has no pins on routing grid
[DRT-0421] Term gpio_loopback_zero[24] has no pins on routing grid
[DRT-0421] Term gpio_loopback_zero[25] has no pins on routing grid
[DRT-0421] Term gpio_loopback_zero[26] has no pins on routing grid
[DRT-0422] No routing tracks pass through the center of Term gpio_loopback_zero[27].
[DRT-0422] No routing tracks pass through the center of Term gpio_loopback_zero[28].
[DRT-0422] No routing tracks pass through the center of Term gpio_loopback_zero[29].
[DRT-0421] Term gpio_loopback_zero[30] has no pins on routing grid
[DRT-0421] Term gpio_loopback_zero[31] has no pins on routing grid
[DRT-0422] No routing tracks pass through the center of Term gpio_loopback_zero[32].
[DRT-0421] Term gpio_loopback_zero[33] has no pins on routing grid
[DRT-0421] Term gpio_loopback_zero[34] has no pins on routing grid
[DRT-0421] Term gpio_loopback_zero[35] has no pins on routing grid
[DRT-0422] No routing tracks pass through the center of Term gpio_loopback_zero[36].
[DRT-0422] No routing tracks pass through the center of Term gpio_loopback_zero[37].
[DRT-0421] Term gpio_oeb[15] has no pins on routing grid
[DRT-0421] Term gpio_oeb[20] has no pins on routing grid
[DRT-0421] Term gpio_oeb[21] has no pins on routing grid
[DRT-0421] Term gpio_oeb[24] has no pins on routing grid
[DRT-0421] Term gpio_oeb[27] has no pins on routing grid
[DRT-0421] Term gpio_oeb[30] has no pins on routing grid
[DRT-0421] Term gpio_oeb[32] has no pins on routing grid
[DRT-0421] Term gpio_oeb[34] has no pins on routing grid
[DRT-0421] Term gpio_oeb[35] has no pins on routing grid
[DRT-0421] Term gpio_oeb[37] has no pins on routing grid
[DRT-0421] Term gpio_out[15] has no pins on routing grid
[DRT-0421] Term gpio_out[20] has no pins on routing grid
[DRT-0421] Term gpio_out[21] has no pins on routing grid
[DRT-0421] Term gpio_out[24] has no pins on routing grid
[DRT-0421] Term gpio_out[27] has no pins on routing grid
[DRT-0421] Term gpio_out[30] has no pins on routing grid
[DRT-0421] Term gpio_out[32] has no pins on routing grid
[DRT-0421] Term gpio_out[34] has no pins on routing grid
[DRT-0421] Term gpio_out[35] has no pins on routing grid
[DRT-0421] Term gpio_out[37] has no pins on routing grid
[DRT-0421] Term gpio_slow_sel[15] has no pins on routing grid
[DRT-0421] Term gpio_slow_sel[20] has no pins on routing grid
[DRT-0421] Term gpio_slow_sel[21] has no pins on routing grid
[DRT-0421] Term gpio_slow_sel[25] has no pins on routing grid
[DRT-0421] Term gpio_slow_sel[28] has no pins on routing grid
[DRT-0421] Term gpio_slow_sel[31] has no pins on routing grid
[DRT-0421] Term gpio_slow_sel[32] has no pins on routing grid
[DRT-0421] Term gpio_slow_sel[33] has no pins on routing grid
[DRT-0421] Term gpio_slow_sel[35] has no pins on routing grid
[DRT-0421] Term gpio_slow_sel[36] has no pins on routing grid
[DRT-0421] Term gpio_vtrip_sel[15] has no pins on routing grid
[DRT-0421] Term gpio_vtrip_sel[20] has no pins on routing grid
[DRT-0421] Term gpio_vtrip_sel[21] has no pins on routing grid
[DRT-0421] Term gpio_vtrip_sel[26] has no pins on routing grid
[DRT-0421] Term gpio_vtrip_sel[28] has no pins on routing grid
[DRT-0421] Term gpio_vtrip_sel[29] has no pins on routing grid
[DRT-0421] Term gpio_vtrip_sel[31] has no pins on routing grid
[DRT-0421] Term gpio_vtrip_sel[33] has no pins on routing grid
[DRT-0421] Term gpio_vtrip_sel[36] has no pins on routing grid
[DRT-0421] Term porb_h has no pins on routing grid
Running 'Odb.RemoveRoutingObstructions' at 'openframe_project_wrapper/runs/26_02_09_04_54/35-odb-removeroutingobstructions'…
'ROUTING_OBSTRUCTIONS' is not defined. Skipping 'Odb.RemoveRoutingObstructions'…
Running 'OpenROAD.CheckAntennas-1' at 'openframe_project_wrapper/runs/26_02_09_04_54/36-openroad-checkantennas-1'…
Logging subprocess to [repr.filename]'openframe_project_wrapper/runs/26_02_09_04_54/36-openroad-checkantennas-1/openroad-checkantennas-1.log'[/repr.filename]…
[STA-0366] port '__VIRTUAL_CLK__' not found.
[STA-0366] port '__VIRTUAL_CLK__' not found.
[STA-0419] transition time can not be specified for virtual clocks.
[STA-0450] virtual clock __VIRTUAL_CLK__ can not be propagated.
Running 'Checker.TrDRC' at 'openframe_project_wrapper/runs/26_02_09_04_54/37-checker-trdrc'…
Check for Routing DRC errors clear.
Running 'Odb.ReportDisconnectedPins' at 'openframe_project_wrapper/runs/26_02_09_04_54/38-odb-reportdisconnectedpins'…
Logging subprocess to [repr.filename]'openframe_project_wrapper/runs/26_02_09_04_54/38-odb-reportdisconnectedpins/odb-reportdisconnectedpins.log'[/repr.filename]…
Macro/instance vccd1_connection has no power pins- add it to IGNORE_DISCONNECTED_MODULES if this is intentional
Macro/instance vssd1_connection has no power pins- add it to IGNORE_DISCONNECTED_MODULES if this is intentional
Running 'Checker.DisconnectedPins' at 'openframe_project_wrapper/runs/26_02_09_04_54/39-checker-disconnectedpins'…
Check for critical disconnected pins clear.
Running 'Odb.ReportWireLength' at 'openframe_project_wrapper/runs/26_02_09_04_54/40-odb-reportwirelength'…
Logging subprocess to [repr.filename]'openframe_project_wrapper/runs/26_02_09_04_54/40-odb-reportwirelength/odb-reportwirelength.log'[/repr.filename]…
Running 'Checker.WireLength' at 'openframe_project_wrapper/runs/26_02_09_04_54/41-checker-wirelength'…
Threshold for Threshold-surpassing long wires is not set. The checker will be skipped.
Gating variable for step 'OpenROAD.FillInsertion' set to 'False'- the step will be skipped.
Skipping step 'Fill Insertion'…
Running 'Odb.CellFrequencyTables' at 'openframe_project_wrapper/runs/26_02_09_04_54/42-odb-cellfrequencytables'…
Logging subprocess to [repr.filename]'openframe_project_wrapper/runs/26_02_09_04_54/42-odb-cellfrequencytables/buffer_list.txt'[/repr.filename]…
Logging subprocess to [repr.filename]'openframe_project_wrapper/runs/26_02_09_04_54/42-odb-cellfrequencytables/odb-cellfrequencytables.log'[/repr.filename]…
Running 'OpenROAD.RCX' at 'openframe_project_wrapper/runs/26_02_09_04_54/43-openroad-rcx'…
Running RCX for corners matching nom_* (/home/marwan/webinar_demo/openlane/openframe_project_wrapper/runs/26_02_09_04_54/43-openroad-rcx/nom/rcx.log)…
Running RCX for corners matching min_* (/home/marwan/webinar_demo/openlane/openframe_project_wrapper/runs/26_02_09_04_54/43-openroad-rcx/min/rcx.log)…
Running RCX for corners matching max_* (/home/marwan/webinar_demo/openlane/openframe_project_wrapper/runs/26_02_09_04_54/43-openroad-rcx/max/rcx.log)…
Logging subprocess to [repr.filename]'openframe_project_wrapper/runs/26_02_09_04_54/43-openroad-rcx/min/rcx.log'[/repr.filename]…
Logging subprocess to [repr.filename]'openframe_project_wrapper/runs/26_02_09_04_54/43-openroad-rcx/nom/rcx.log'[/repr.filename]…
Logging subprocess to [repr.filename]'openframe_project_wrapper/runs/26_02_09_04_54/43-openroad-rcx/max/rcx.log'[/repr.filename]…
[RCX-0111] Net 445 gpio_in[13] has a loop at x=790050 y=235620 , on iterm mprj/gpio_in[13].
[RCX-0111] Net 445 gpio_in[13] has a loop at x=790050 y=235620 , on iterm mprj/gpio_in[13].
[RCX-0111] Net 445 gpio_in[13] has a loop at x=790050 y=235620 , on iterm mprj/gpio_in[13].
Finished RCX for corners matching nom_*.
Finished RCX for corners matching min_*.
Finished RCX for corners matching max_*.
Running 'OpenROAD.STAPostPNR' at 'openframe_project_wrapper/runs/26_02_09_04_54/44-openroad-stapostpnr'…
The configuration variable 'EXTRA_SPEFS' is deprecated. It is recommended to use the new 'MACROS' configuration variable.
Starting STA for the nom_tt_025C_1v80 timing corner…
The configuration variable 'EXTRA_SPEFS' is deprecated. It is recommended to use the new 'MACROS' configuration variable.
Starting STA for the nom_ss_100C_1v60 timing corner…
The configuration variable 'EXTRA_SPEFS' is deprecated. It is recommended to use the new 'MACROS' configuration variable.
Logging subprocess to [repr.filename]'openframe_project_wrapper/runs/26_02_09_04_54/44-openroad-stapostpnr/nom_tt_025C_1v80/sta.log'[/repr.filename]…
Starting STA for the nom_ff_n40C_1v95 timing corner…
The configuration variable 'EXTRA_SPEFS' is deprecated. It is recommended to use the new 'MACROS' configuration variable.
Starting STA for the min_tt_025C_1v80 timing corner…
The configuration variable 'EXTRA_SPEFS' is deprecated. It is recommended to use the new 'MACROS' configuration variable.
Logging subprocess to [repr.filename]'openframe_project_wrapper/runs/26_02_09_04_54/44-openroad-stapostpnr/nom_ff_n40C_1v95/sta.log'[/repr.filename]…
Logging subprocess to [repr.filename]'openframe_project_wrapper/runs/26_02_09_04_54/44-openroad-stapostpnr/nom_ss_100C_1v60/sta.log'[/repr.filename]…
Starting STA for the min_ss_100C_1v60 timing corner…
The configuration variable 'EXTRA_SPEFS' is deprecated. It is recommended to use the new 'MACROS' configuration variable.
Logging subprocess to [repr.filename]'openframe_project_wrapper/runs/26_02_09_04_54/44-openroad-stapostpnr/min_tt_025C_1v80/sta.log'[/repr.filename]…
Logging subprocess to [repr.filename]'openframe_project_wrapper/runs/26_02_09_04_54/44-openroad-stapostpnr/min_ss_100C_1v60/sta.log'[/repr.filename]…
Starting STA for the min_ff_n40C_1v95 timing corner…
The configuration variable 'EXTRA_SPEFS' is deprecated. It is recommended to use the new 'MACROS' configuration variable.
Starting STA for the max_tt_025C_1v80 timing corner…
The configuration variable 'EXTRA_SPEFS' is deprecated. It is recommended to use the new 'MACROS' configuration variable.
Logging subprocess to [repr.filename]'openframe_project_wrapper/runs/26_02_09_04_54/44-openroad-stapostpnr/min_ff_n40C_1v95/sta.log'[/repr.filename]…
Logging subprocess to [repr.filename]'openframe_project_wrapper/runs/26_02_09_04_54/44-openroad-stapostpnr/max_tt_025C_1v80/sta.log'[/repr.filename]…
Starting STA for the max_ss_100C_1v60 timing corner…
The configuration variable 'EXTRA_SPEFS' is deprecated. It is recommended to use the new 'MACROS' configuration variable.
Logging subprocess to [repr.filename]'openframe_project_wrapper/runs/26_02_09_04_54/44-openroad-stapostpnr/max_ss_100C_1v60/sta.log'[/repr.filename]…
Finished STA for the nom_tt_025C_1v80 timing corner.
Logging subprocess to [repr.filename]'openframe_project_wrapper/runs/26_02_09_04_54/44-openroad-stapostpnr/nom_tt_025C_1v80/filter_unannotated.log'[/repr.filename]…
Finished STA for the min_tt_025C_1v80 timing corner.
Logging subprocess to [repr.filename]'openframe_project_wrapper/runs/26_02_09_04_54/44-openroad-stapostpnr/min_tt_025C_1v80/filter_unannotated.log'[/repr.filename]…
Finished STA for the min_ss_100C_1v60 timing corner.
Logging subprocess to [repr.filename]'openframe_project_wrapper/runs/26_02_09_04_54/44-openroad-stapostpnr/min_ss_100C_1v60/filter_unannotated.log'[/repr.filename]…
Finished STA for the nom_ss_100C_1v60 timing corner.
Logging subprocess to [repr.filename]'openframe_project_wrapper/runs/26_02_09_04_54/44-openroad-stapostpnr/nom_ss_100C_1v60/filter_unannotated.log'[/repr.filename]…
Finished STA for the nom_ff_n40C_1v95 timing corner.
Logging subprocess to [repr.filename]'openframe_project_wrapper/runs/26_02_09_04_54/44-openroad-stapostpnr/nom_ff_n40C_1v95/filter_unannotated.log'[/repr.filename]…
Finished STA for the max_tt_025C_1v80 timing corner.
Logging subprocess to [repr.filename]'openframe_project_wrapper/runs/26_02_09_04_54/44-openroad-stapostpnr/max_tt_025C_1v80/filter_unannotated.log'[/repr.filename]…
Finished STA for the max_ss_100C_1v60 timing corner.
Logging subprocess to [repr.filename]'openframe_project_wrapper/runs/26_02_09_04_54/44-openroad-stapostpnr/max_ss_100C_1v60/filter_unannotated.log'[/repr.filename]…
Finished STA for the min_ff_n40C_1v95 timing corner.
Logging subprocess to [repr.filename]'openframe_project_wrapper/runs/26_02_09_04_54/44-openroad-stapostpnr/min_ff_n40C_1v95/filter_unannotated.log'[/repr.filename]…
Starting STA for the max_ff_n40C_1v95 timing corner…
Logging subprocess to [repr.filename]'openframe_project_wrapper/runs/26_02_09_04_54/44-openroad-stapostpnr/max_ff_n40C_1v95/sta.log'[/repr.filename]…
Finished STA for the max_ff_n40C_1v95 timing corner.
Logging subprocess to [repr.filename]'openframe_project_wrapper/runs/26_02_09_04_54/44-openroad-stapostpnr/max_ff_n40C_1v95/filter_unannotated.log'[/repr.filename]…
Gating variable for step 'OpenROAD.IRDropReport' set to 'False'- the step will be skipped.
Skipping step 'IR Drop Report'…
Running 'Magic.StreamOut' at 'openframe_project_wrapper/runs/26_02_09_04_54/45-magic-streamout'…
Logging subprocess to [repr.filename]'openframe_project_wrapper/runs/26_02_09_04_54/45-magic-streamout/magic-streamout.log'[/repr.filename]…
Running 'KLayout.StreamOut' at 'openframe_project_wrapper/runs/26_02_09_04_54/46-klayout-streamout'…
Logging subprocess to [repr.filename]'openframe_project_wrapper/runs/26_02_09_04_54/46-klayout-streamout/klayout-streamout.log'[/repr.filename]…
Running 'Magic.WriteLEF' at 'openframe_project_wrapper/runs/26_02_09_04_54/47-magic-writelef'…
Logging subprocess to [repr.filename]'openframe_project_wrapper/runs/26_02_09_04_54/47-magic-writelef/magic-writelef.log'[/repr.filename]…
Running 'Odb.CheckDesignAntennaProperties' at 'openframe_project_wrapper/runs/26_02_09_04_54/48-odb-checkdesignantennaproperties'…
Logging subprocess to [repr.filename]'openframe_project_wrapper/runs/26_02_09_04_54/48-odb-checkdesignantennaproperties/odb-checkdesignantennaproperties.log'[/repr.filename]…
Cell 'openframe_project_wrapper' has (88) inout pin(s) without anetnna gate information not antenna diffusion information. They might be disconnected.
Cell 'openframe_project_wrapper' has (210) input pin(s) without antenna gate information. They might not be connected to a gate.
Cell 'openframe_project_wrapper' has (544) output pin(s) without antenna diffusion information. They might not be driven.
Running 'KLayout.XOR' at 'openframe_project_wrapper/runs/26_02_09_04_54/49-klayout-xor'…
Running XOR with 8 threads…
Logging subprocess to [repr.filename]'openframe_project_wrapper/runs/26_02_09_04_54/49-klayout-xor/klayout-xor.log'[/repr.filename]…
Running 'Checker.XOR' at 'openframe_project_wrapper/runs/26_02_09_04_54/50-checker-xor'…
Check for XOR differences clear.
Running 'Magic.DRC' at 'openframe_project_wrapper/runs/26_02_09_04_54/51-magic-drc'…
Logging subprocess to [repr.filename]'openframe_project_wrapper/runs/26_02_09_04_54/51-magic-drc/magic-drc.log'[/repr.filename]…
Running 'KLayout.DRC' at 'openframe_project_wrapper/runs/26_02_09_04_54/52-klayout-drc'…
Running KLayout DRC with 8 threads…
Logging subprocess to [repr.filename]'openframe_project_wrapper/runs/26_02_09_04_54/52-klayout-drc/klayout-drc.log'[/repr.filename]…
Logging subprocess to [repr.filename]'openframe_project_wrapper/runs/26_02_09_04_54/52-klayout-drc/xml_drc_report_to_json.log'[/repr.filename]…
Running 'Checker.MagicDRC' at 'openframe_project_wrapper/runs/26_02_09_04_54/53-checker-magicdrc'…
Check for Magic DRC errors clear.
Running 'Checker.KLayoutDRC' at 'openframe_project_wrapper/runs/26_02_09_04_54/54-checker-klayoutdrc'…
Check for KLayout DRC errors clear.
Running 'Magic.SpiceExtraction' at 'openframe_project_wrapper/runs/26_02_09_04_54/55-magic-spiceextraction'…
Logging subprocess to [repr.filename]'openframe_project_wrapper/runs/26_02_09_04_54/55-magic-spiceextraction/magic-spiceextraction.log'[/repr.filename]…
Running 'Checker.IllegalOverlap' at 'openframe_project_wrapper/runs/26_02_09_04_54/56-checker-illegaloverlap'…
Check for Magic Illegal Overlap errors clear.
Gating variable for step 'Netgen.LVS' set to 'False'- the step will be skipped.
Skipping step 'Netgen LVS'…
Gating variable for step 'Checker.LVS' set to 'False'- the step will be skipped.
Skipping step 'LVS Error Checker'…
Gating variable for step 'Yosys.EQY' set to 'False'- the step will be skipped.
Skipping step 'Equivalence Check'…
Running 'Checker.SetupViolations' at 'openframe_project_wrapper/runs/26_02_09_04_54/57-checker-setupviolations'…
No setup violations found
Running 'Checker.HoldViolations' at 'openframe_project_wrapper/runs/26_02_09_04_54/58-checker-holdviolations'…
No hold violations found
Running 'Checker.MaxSlewViolations' at 'openframe_project_wrapper/runs/26_02_09_04_54/59-checker-maxslewviolations'…
Max Slew violations found in the following corners:
* max_ff_n40C_1v95
* max_ss_100C_1v60
* max_tt_025C_1v80
* min_ff_n40C_1v95
* min_ss_100C_1v60
* min_tt_025C_1v80
* nom_ff_n40C_1v95
* nom_ss_100C_1v60
* nom_tt_025C_1v80
No max slew violations found
Running 'Checker.MaxCapViolations' at 'openframe_project_wrapper/runs/26_02_09_04_54/60-checker-maxcapviolations'…
Max Cap violations found in the following corners:
* max_ff_n40C_1v95
* max_ss_100C_1v60
* max_tt_025C_1v80
* min_ff_n40C_1v95
* min_ss_100C_1v60
* min_tt_025C_1v80
* nom_ff_n40C_1v95
* nom_ss_100C_1v60
* nom_tt_025C_1v80
No max cap violations found
Running 'Misc.ReportManufacturability' at 'openframe_project_wrapper/runs/26_02_09_04_54/61-misc-reportmanufacturability'…
'design__lvs_error__count' not reported. Netgen.LVS may have been skipped.
Saving views to '/home/marwan/webinar_demo/openlane/openframe_project_wrapper/runs/26_02_09_04_54/final'…
Flow complete.
