Clock: gpio_in[38]
Sources: gpio_in[38] 
Generated: no
Virtual: yes
Propagated: no
Period: 25.000000

===========================================================================
report_clock_properties
============================================================================
Clock                   Period          Waveform
----------------------------------------------------
gpio_in[38]          25.000000    0.000000 12.500000

===========================================================================
report_clock_latency
============================================================================
Clock gpio_in[38]
rise -> rise
    min     max
0.000000 0.000000 source latency
1.368621         network latency _103_/CLK
        1.384771 network latency _100_/CLK
---------------
1.368621 1.384771 latency
        0.016151 skew

fall -> fall
    min     max
0.000000 0.000000 source latency
1.111848         network latency _103_/CLK
        1.124358 network latency _100_/CLK
---------------
1.111848 1.124358 latency
        0.012509 skew



===========================================================================
report_clock_min_period
============================================================================
gpio_in[38] period_min = 6.61 fmax = 151.22
