
===========================================================================
 report_power
============================================================================
======================= nom_ss_100C_1v60 Corner ===================================

Group                    Internal    Switching      Leakage        Total
                            Power        Power        Power        Power (Watts)
------------------------------------------------------------------------
Sequential           2.471410e-05 0.000000e+00 3.667151e-07 2.508082e-05  32.2%
Combinational        8.707786e-07 2.874877e-06 7.886503e-07 4.534306e-06   5.8%
Clock                2.608730e-05 2.211047e-05 8.412149e-08 4.828190e-05  62.0%
Macro                0.000000e+00 0.000000e+00 0.000000e+00 0.000000e+00   0.0%
Pad                  0.000000e+00 0.000000e+00 0.000000e+00 0.000000e+00   0.0%
------------------------------------------------------------------------
Total                5.167218e-05 2.498535e-05 1.239473e-06 7.789701e-05 100.0%
                            66.3%        32.1%         1.6%

