
===========================================================================
report_checks -path_delay min (Hold)
============================================================================
======================= min_tt_025C_1v80 Corner ===================================

Startpoint: gpio_in[0] (input port clocked by __VIRTUAL_CLK__)
Endpoint: gpio_oeb[20] (output port clocked by __VIRTUAL_CLK__)
Path Group: __VIRTUAL_CLK__
Path Type: min

Fanout         Cap        Slew       Delay        Time   Description
---------------------------------------------------------------------------------------------
                      0.000000    0.000000    0.000000   clock __VIRTUAL_CLK__ (rise edge)
                                  0.000000    0.000000   clock network delay (ideal)
                                  2.000000    2.000000 ^ input external delay
     1    0.313114    1.398570    0.994724    2.994724 ^ gpio_in[0] (in)
                                                         gpio_in[0] (net)
                      1.402239    0.000000    2.994724 ^ mprj/gpio_in[0] (counter_gpio_config_example)
     1    0.597555    1.336789    1.517575    4.512299 v mprj/gpio_oeb[20] (counter_gpio_config_example)
                                                         gpio_oeb[20] (net)
                      1.394177    0.216867    4.729167 v gpio_oeb[20] (out)
                                              4.729167   data arrival time

                      0.000000    0.000000    0.000000   clock __VIRTUAL_CLK__ (rise edge)
                                  0.000000    0.000000   clock network delay (ideal)
                                  0.250000    0.250000   clock uncertainty
                                  0.000000    0.250000   clock reconvergence pessimism
                                 -2.000000   -1.750000   output external delay
                                             -1.750000   data required time
---------------------------------------------------------------------------------------------
                                             -1.750000   data required time
                                             -4.729167   data arrival time
---------------------------------------------------------------------------------------------
                                              6.479167   slack (MET)


Startpoint: gpio_in[0] (input port clocked by __VIRTUAL_CLK__)
Endpoint: gpio_oeb[19] (output port clocked by __VIRTUAL_CLK__)
Path Group: __VIRTUAL_CLK__
Path Type: min

Fanout         Cap        Slew       Delay        Time   Description
---------------------------------------------------------------------------------------------
                      0.000000    0.000000    0.000000   clock __VIRTUAL_CLK__ (rise edge)
                                  0.000000    0.000000   clock network delay (ideal)
                                  2.000000    2.000000 ^ input external delay
     1    0.313114    1.398570    0.994724    2.994724 ^ gpio_in[0] (in)
                                                         gpio_in[0] (net)
                      1.402239    0.000000    2.994724 ^ mprj/gpio_in[0] (counter_gpio_config_example)
     1    0.628576    1.257485    1.336596    4.331319 v mprj/gpio_oeb[19] (counter_gpio_config_example)
                                                         gpio_oeb[19] (net)
                      2.007483    0.783140    5.114459 v gpio_oeb[19] (out)
                                              5.114459   data arrival time

                      0.000000    0.000000    0.000000   clock __VIRTUAL_CLK__ (rise edge)
                                  0.000000    0.000000   clock network delay (ideal)
                                  0.250000    0.250000   clock uncertainty
                                  0.000000    0.250000   clock reconvergence pessimism
                                 -2.000000   -1.750000   output external delay
                                             -1.750000   data required time
---------------------------------------------------------------------------------------------
                                             -1.750000   data required time
                                             -5.114459   data arrival time
---------------------------------------------------------------------------------------------
                                              6.864460   slack (MET)


Startpoint: gpio_in[0] (input port clocked by __VIRTUAL_CLK__)
Endpoint: gpio_oeb[18] (output port clocked by __VIRTUAL_CLK__)
Path Group: __VIRTUAL_CLK__
Path Type: min

Fanout         Cap        Slew       Delay        Time   Description
---------------------------------------------------------------------------------------------
                      0.000000    0.000000    0.000000   clock __VIRTUAL_CLK__ (rise edge)
                                  0.000000    0.000000   clock network delay (ideal)
                                  2.000000    2.000000 ^ input external delay
     1    0.313114    1.398570    0.994724    2.994724 ^ gpio_in[0] (in)
                                                         gpio_in[0] (net)
                      1.402239    0.000000    2.994724 ^ mprj/gpio_in[0] (counter_gpio_config_example)
     1    0.620657    1.211703    1.102750    4.097474 v mprj/gpio_oeb[18] (counter_gpio_config_example)
                                                         gpio_oeb[18] (net)
                      2.570108    1.183841    5.281315 v gpio_oeb[18] (out)
                                              5.281315   data arrival time

                      0.000000    0.000000    0.000000   clock __VIRTUAL_CLK__ (rise edge)
                                  0.000000    0.000000   clock network delay (ideal)
                                  0.250000    0.250000   clock uncertainty
                                  0.000000    0.250000   clock reconvergence pessimism
                                 -2.000000   -1.750000   output external delay
                                             -1.750000   data required time
---------------------------------------------------------------------------------------------
                                             -1.750000   data required time
                                             -5.281315   data arrival time
---------------------------------------------------------------------------------------------
                                              7.031315   slack (MET)


Startpoint: gpio_in[0] (input port clocked by __VIRTUAL_CLK__)
Endpoint: gpio_oeb[21] (output port clocked by __VIRTUAL_CLK__)
Path Group: __VIRTUAL_CLK__
Path Type: min

Fanout         Cap        Slew       Delay        Time   Description
---------------------------------------------------------------------------------------------
                      0.000000    0.000000    0.000000   clock __VIRTUAL_CLK__ (rise edge)
                                  0.000000    0.000000   clock network delay (ideal)
                                  2.000000    2.000000 ^ input external delay
     1    0.313114    1.398570    0.994724    2.994724 ^ gpio_in[0] (in)
                                                         gpio_in[0] (net)
                      1.402239    0.000000    2.994724 ^ mprj/gpio_in[0] (counter_gpio_config_example)
     1    0.629412    0.949479    1.184269    4.178993 v mprj/gpio_oeb[21] (counter_gpio_config_example)
                                                         gpio_oeb[21] (net)
                      2.764497    1.266264    5.445257 v gpio_oeb[21] (out)
                                              5.445257   data arrival time

                      0.000000    0.000000    0.000000   clock __VIRTUAL_CLK__ (rise edge)
                                  0.000000    0.000000   clock network delay (ideal)
                                  0.250000    0.250000   clock uncertainty
                                  0.000000    0.250000   clock reconvergence pessimism
                                 -2.000000   -1.750000   output external delay
                                             -1.750000   data required time
---------------------------------------------------------------------------------------------
                                             -1.750000   data required time
                                             -5.445257   data arrival time
---------------------------------------------------------------------------------------------
                                              7.195257   slack (MET)



