┏━━━━━━━━━━━━━━━━━━━━━━┳━━━━━━━━━━┳━━━━━━━━━━┳━━━━━━━━━━┳━━━━━━━━━━┳━━━━━━━━━━━┳━━━━━━━━━━┳━━━━━━━━━━━┳━━━━━━━━━━┳━━━━━━━━━━━┳━━━━━━━━━━┳━━━━━━━━━━━┳━━━━━━━━━━┓
┃                      ┃ Hold     ┃ Reg to   ┃          ┃          ┃ of which  ┃ Setup    ┃           ┃          ┃           ┃ of which ┃           ┃          ┃
┃                      ┃ Worst    ┃ Reg      ┃          ┃ Hold Vio ┃ reg to    ┃ Worst    ┃ Reg to    ┃ Setup    ┃ Setup Vio ┃ reg to   ┃ Max Cap   ┃ Max Slew ┃
┃ Corner/Group         ┃ Slack    ┃ Paths    ┃ Hold TNS ┃ Count    ┃ reg       ┃ Slack    ┃ Reg Paths ┃ TNS      ┃ Count     ┃ reg      ┃ Violatio… ┃ Violati… ┃
┡━━━━━━━━━━━━━━━━━━━━━━╇━━━━━━━━━━╇━━━━━━━━━━╇━━━━━━━━━━╇━━━━━━━━━━╇━━━━━━━━━━━╇━━━━━━━━━━╇━━━━━━━━━━━╇━━━━━━━━━━╇━━━━━━━━━━━╇━━━━━━━━━━╇━━━━━━━━━━━╇━━━━━━━━━━┩
│ Overall              │ 6.2473   │ N/A      │ 0.0000   │ 0        │ 0         │ 0.3219   │ N/A       │ 0.0000   │ 0         │ 0        │ 574       │ 433      │
│ nom_tt_025C_1v80     │ 6.6683   │ N/A      │ 0.0000   │ 0        │ 0         │ 1.3068   │ N/A       │ 0.0000   │ 0         │ 0        │ 558       │ 393      │
│ nom_ss_100C_1v60     │ 7.3252   │ N/A      │ 0.0000   │ 0        │ 0         │ 0.8255   │ N/A       │ 0.0000   │ 0         │ 0        │ 558       │ 395      │
│ nom_ff_n40C_1v95     │ 6.4170   │ N/A      │ 0.0000   │ 0        │ 0         │ 1.4810   │ N/A       │ 0.0000   │ 0         │ 0        │ 558       │ 393      │
│ min_tt_025C_1v80     │ 6.4792   │ N/A      │ 0.0000   │ 0        │ 0         │ 1.7494   │ N/A       │ 0.0000   │ 0         │ 0        │ 544       │ 348      │
│ min_ss_100C_1v60     │ 7.0833   │ N/A      │ 0.0000   │ 0        │ 0         │ 1.3067   │ N/A       │ 0.0000   │ 0         │ 0        │ 544       │ 350      │
│ min_ff_n40C_1v95     │ 6.2473   │ N/A      │ 0.0000   │ 0        │ 0         │ 1.9097   │ N/A       │ 0.0000   │ 0         │ 0        │ 544       │ 344      │
│ max_tt_025C_1v80     │ 6.9237   │ N/A      │ 0.0000   │ 0        │ 0         │ 0.8572   │ N/A       │ 0.0000   │ 0         │ 0        │ 574       │ 433      │
│ max_ss_100C_1v60     │ 7.6531   │ N/A      │ 0.0000   │ 0        │ 0         │ 0.3219   │ N/A       │ 0.0000   │ 0         │ 0        │ 574       │ 433      │
│ max_ff_n40C_1v95     │ 6.6449   │ N/A      │ 0.0000   │ 0        │ 0         │ 1.0523   │ N/A       │ 0.0000   │ 0         │ 0        │ 574       │ 431      │
└──────────────────────┴──────────┴──────────┴──────────┴──────────┴───────────┴──────────┴───────────┴──────────┴───────────┴──────────┴───────────┴──────────┘
