
===========================================================================
report_checks -unconstrained
===========================================================================
======================= min_ss_100C_1v60 Corner ===================================

Startpoint: gpio_in[0] (input port clocked by __VIRTUAL_CLK__)
Endpoint: gpio_oeb[21] (output port clocked by __VIRTUAL_CLK__)
Path Group: __VIRTUAL_CLK__
Path Type: max

Fanout         Cap        Slew       Delay        Time   Description
---------------------------------------------------------------------------------------------
                      0.000000    0.000000    0.000000   clock __VIRTUAL_CLK__ (rise edge)
                                  0.000000    0.000000   clock network delay (ideal)
                                  2.000000    2.000000 v input external delay
     1    0.313114    1.295325    0.977643    2.977643 v gpio_in[0] (in)
                                                         gpio_in[0] (net)
                      1.299188    0.000000    2.977643 v mprj/gpio_in[0] (counter_gpio_config_example)
     1    0.629412    2.763707    2.134937    5.112581 ^ mprj/gpio_oeb[21] (counter_gpio_config_example)
                                                         gpio_oeb[21] (net)
                      3.845736    1.330741    6.443322 ^ gpio_oeb[21] (out)
                                              6.443322   data arrival time

                      0.000000   10.000000   10.000000   clock __VIRTUAL_CLK__ (rise edge)
                                  0.000000   10.000000   clock network delay (ideal)
                                 -0.250000    9.750000   clock uncertainty
                                  0.000000    9.750000   clock reconvergence pessimism
                                 -2.000000    7.750000   output external delay
                                              7.750000   data required time
---------------------------------------------------------------------------------------------
                                              7.750000   data required time
                                             -6.443322   data arrival time
---------------------------------------------------------------------------------------------
                                              1.306678   slack (MET)




===========================================================================
report_checks --slack_max -0.01
============================================================================
======================= min_ss_100C_1v60 Corner ===================================

No paths found.


===========================================================================
 report_check_types -max_slew -max_cap -max_fanout -violators
============================================================================
======================= min_ss_100C_1v60 Corner ===================================

max slew

Pin                                        Limit        Slew       Slack
------------------------------------------------------------------------
mprj/gpio_in[8]                         0.500000    7.520212   -7.020212 (VIOLATED)
mprj/gpio_in[9]                         0.500000    7.260880   -6.760880 (VIOLATED)
mprj/gpio_in[15]                        0.500000    7.228405   -6.728404 (VIOLATED)
mprj/gpio_in[7]                         0.500000    6.392102   -5.892102 (VIOLATED)
gpio_in[8]                              0.500000    6.106936   -5.606936 (VIOLATED)
mprj/gpio_in[14]                        0.500000    6.085402   -5.585402 (VIOLATED)
mprj/gpio_in[16]                        0.500000    5.962660   -5.462660 (VIOLATED)
mprj/gpio_in[24]                        0.500000    5.890029   -5.390029 (VIOLATED)
gpio_in[9]                              0.500000    5.843707   -5.343707 (VIOLATED)
gpio_analog_en[16]                      0.500000    5.692304   -5.192304 (VIOLATED)
mprj/gpio_in[12]                        0.500000    5.502105   -5.002105 (VIOLATED)
gpio_in[14]                             0.500000    5.466264   -4.966264 (VIOLATED)
mprj/gpio_in[11]                        0.500000    5.320410   -4.820410 (VIOLATED)
gpio_in[15]                             0.500000    5.292958   -4.792958 (VIOLATED)
gpio_in[7]                              0.500000    5.212406   -4.712406 (VIOLATED)
gpio_in[12]                             0.500000    5.068525   -4.568525 (VIOLATED)
gpio_analog_sel[15]                     0.500000    4.858765   -4.358765 (VIOLATED)
gpio_in[11]                             0.500000    4.786635   -4.286635 (VIOLATED)
gpio_in[24]                             0.500000    4.729798   -4.229798 (VIOLATED)
gpio_dm1[16]                            0.500000    4.668267   -4.168267 (VIOLATED)
gpio_in[16]                             0.500000    4.646261   -4.146261 (VIOLATED)
mprj/gpio_in[13]                        0.500000    4.461885   -3.961885 (VIOLATED)
gpio_ib_mode_sel[14]                    0.500000    4.346403   -3.846403 (VIOLATED)
mprj/gpio_in[18]                        0.500000    4.224652   -3.724652 (VIOLATED)
gpio_in[13]                             0.500000    4.214835   -3.714835 (VIOLATED)
gpio_oeb[14]                            0.500000    4.137205   -3.637204 (VIOLATED)
mprj/gpio_in[22]                        0.500000    4.115127   -3.615127 (VIOLATED)
mprj/gpio_in[17]                        0.500000    4.090683   -3.590683 (VIOLATED)
gpio_in[22]                             0.500000    4.090502   -3.590502 (VIOLATED)
mprj/gpio_in[21]                        0.500000    4.025051   -3.525051 (VIOLATED)
gpio_in[21]                             0.500000    4.002086   -3.502086 (VIOLATED)
gpio_dm2[14]                            0.500000    3.984831   -3.484831 (VIOLATED)
gpio_dm2[16]                            0.500000    3.973244   -3.473244 (VIOLATED)
gpio_out[19]                            0.500000    3.914177   -3.414177 (VIOLATED)
mprj/gpio_in[25]                        0.500000    3.877434   -3.377434 (VIOLATED)
gpio_holdover[17]                       0.500000    3.870278   -3.370277 (VIOLATED)
mprj/gpio_in[23]                        0.500000    3.869171   -3.369171 (VIOLATED)
gpio_oeb[21]                            0.500000    3.845736   -3.345736 (VIOLATED)
mprj/gpio_in[26]                        0.500000    3.734983   -3.234982 (VIOLATED)
gpio_analog_sel[16]                     0.500000    3.728895   -3.228895 (VIOLATED)
gpio_dm1[18]                            0.500000    3.724492   -3.224492 (VIOLATED)
gpio_in[23]                             0.500000    3.723228   -3.223228 (VIOLATED)
gpio_out[18]                            0.500000    3.720196   -3.220196 (VIOLATED)
mprj/gpio_in[10]                        0.500000    3.717999   -3.217999 (VIOLATED)
gpio_out[5]                             0.500000    3.715663   -3.215663 (VIOLATED)
mprj/gpio_out[18]                       0.500000    3.705096   -3.205096 (VIOLATED)
mprj/gpio_in[20]                        0.500000    3.702821   -3.202821 (VIOLATED)
gpio_oeb[18]                            0.500000    3.679835   -3.179835 (VIOLATED)
gpio_in[20]                             0.500000    3.678895   -3.178895 (VIOLATED)
mprj/gpio_out[5]                        0.500000    3.649122   -3.149122 (VIOLATED)
mprj/gpio_in[19]                        0.500000    3.632430   -3.132430 (VIOLATED)
gpio_in[10]                             0.500000    3.626360   -3.126360 (VIOLATED)
gpio_in[19]                             0.500000    3.617996   -3.117996 (VIOLATED)
gpio_in[18]                             0.500000    3.594050   -3.094050 (VIOLATED)
mprj/gpio_in[4]                         0.500000    3.546894   -3.046894 (VIOLATED)
gpio_in[4]                              0.500000    3.529305   -3.029305 (VIOLATED)
gpio_in[17]                             0.500000    3.509541   -3.009541 (VIOLATED)
gpio_analog_en[15]                      0.500000    3.502445   -3.002444 (VIOLATED)
gpio_in[25]                             0.500000    3.446191   -2.946191 (VIOLATED)
gpio_in[26]                             0.500000    3.378949   -2.878949 (VIOLATED)
gpio_analog_sel[20]                     0.500000    3.338722   -2.838722 (VIOLATED)
gpio_dm0[11]                            0.500000    3.336310   -2.836310 (VIOLATED)
gpio_oeb[19]                            0.500000    3.324123   -2.824123 (VIOLATED)
gpio_analog_sel[22]                     0.500000    3.290214   -2.790214 (VIOLATED)
gpio_out[20]                            0.500000    3.287880   -2.787880 (VIOLATED)
gpio_ib_mode_sel[16]                    0.500000    3.261751   -2.761751 (VIOLATED)
mprj/gpio_in[27]                        0.500000    3.172454   -2.672454 (VIOLATED)
gpio_dm0[13]                            0.500000    3.119682   -2.619682 (VIOLATED)
mprj/gpio_in[29]                        0.500000    3.108032   -2.608032 (VIOLATED)
mprj/gpio_out[19]                       0.500000    3.012836   -2.512836 (VIOLATED)
mprj/gpio_oeb[19]                       0.500000    2.937010   -2.437010 (VIOLATED)
mprj/gpio_in[6]                         0.500000    2.918542   -2.418542 (VIOLATED)
gpio_out[21]                            0.500000    2.918168   -2.418168 (VIOLATED)
gpio_in[27]                             0.500000    2.917751   -2.417751 (VIOLATED)
gpio_in[29]                             0.500000    2.915793   -2.415793 (VIOLATED)
gpio_in[6]                              0.500000    2.911738   -2.411737 (VIOLATED)
mprj/gpio_oeb[18]                       0.500000    2.909995   -2.409995 (VIOLATED)
gpio_holdover[20]                       0.500000    2.901889   -2.401889 (VIOLATED)
mprj/gpio_in[28]                        0.500000    2.871553   -2.371553 (VIOLATED)
gpio_analog_en[19]                      0.500000    2.870431   -2.370431 (VIOLATED)
gpio_oeb[20]                            0.500000    2.869126   -2.369126 (VIOLATED)
mprj/gpio_oeb[20]                       0.500000    2.842739   -2.342739 (VIOLATED)
mprj/gpio_in[5]                         0.500000    2.787559   -2.287559 (VIOLATED)
gpio_in[5]                              0.500000    2.780827   -2.280827 (VIOLATED)
mprj/gpio_oeb[21]                       0.500000    2.763707   -2.263707 (VIOLATED)
mprj/gpio_in[3]                         0.500000    2.745002   -2.245002 (VIOLATED)
gpio_in[3]                              0.500000    2.734755   -2.234755 (VIOLATED)
gpio_dm2[11]                            0.500000    2.734215   -2.234215 (VIOLATED)
gpio_in[28]                             0.500000    2.684324   -2.184324 (VIOLATED)
gpio_out[2]                             0.500000    2.666682   -2.166682 (VIOLATED)
gpio_analog_sel[11]                     0.500000    2.663966   -2.163966 (VIOLATED)
gpio_analog_en[13]                      0.500000    2.644996   -2.144996 (VIOLATED)
gpio_out[4]                             0.500000    2.641033   -2.141033 (VIOLATED)
mprj/gpio_in[30]                        0.500000    2.631214   -2.131214 (VIOLATED)
gpio_holdover[24]                       0.500000    2.628519   -2.128519 (VIOLATED)
gpio_dm1[15]                            0.500000    2.628506   -2.128506 (VIOLATED)
mprj/gpio_out[4]                        0.500000    2.625339   -2.125339 (VIOLATED)
gpio_in[30]                             0.500000    2.603922   -2.103922 (VIOLATED)
mprj/gpio_out[2]                        0.500000    2.578556   -2.078556 (VIOLATED)
mprj/gpio_in[31]                        0.500000    2.479017   -1.979017 (VIOLATED)
gpio_in[31]                             0.500000    2.443930   -1.943930 (VIOLATED)
mprj/gpio_out[20]                       0.500000    2.433152   -1.933152 (VIOLATED)
gpio_analog_sel[9]                      0.500000    2.431345   -1.931345 (VIOLATED)
mprj/gpio_out[21]                       0.500000    2.404915   -1.904914 (VIOLATED)
gpio_holdover[21]                       0.500000    2.376662   -1.876662 (VIOLATED)
gpio_analog_pol[11]                     0.500000    2.373630   -1.873630 (VIOLATED)
mprj/gpio_in[2]                         0.500000    2.361384   -1.861384 (VIOLATED)
gpio_in[2]                              0.500000    2.356990   -1.856990 (VIOLATED)
gpio_out[24]                            0.500000    2.343305   -1.843305 (VIOLATED)
gpio_oeb[13]                            0.500000    2.332511   -1.832511 (VIOLATED)
gpio_analog_en[20]                      0.500000    2.332052   -1.832052 (VIOLATED)
gpio_out[28]                            0.500000    2.320511   -1.820511 (VIOLATED)
gpio_dm1[12]                            0.500000    2.306100   -1.806100 (VIOLATED)
gpio_out[27]                            0.500000    2.284833   -1.784833 (VIOLATED)
mprj/gpio_out[27]                       0.500000    2.272509   -1.772509 (VIOLATED)
gpio_analog_sel[12]                     0.500000    2.258299   -1.758299 (VIOLATED)
gpio_holdover[10]                       0.500000    2.255742   -1.755742 (VIOLATED)
mprj/gpio_in[0]                         0.500000    2.217815   -1.717815 (VIOLATED)
gpio_in[0]                              0.500000    2.215555   -1.715555 (VIOLATED)
mprj/gpio_out[28]                       0.500000    2.212773   -1.712773 (VIOLATED)
gpio_dm0[12]                            0.500000    2.211717   -1.711717 (VIOLATED)
gpio_out[23]                            0.500000    2.189588   -1.689588 (VIOLATED)
gpio_dm1[23]                            0.500000    2.142180   -1.642180 (VIOLATED)
gpio_oeb[11]                            0.500000    2.137852   -1.637852 (VIOLATED)
gpio_analog_en[11]                      0.500000    2.127514   -1.627514 (VIOLATED)
gpio_analog_sel[10]                     0.500000    2.124608   -1.624608 (VIOLATED)
gpio_inp_dis[13]                        0.500000    2.085179   -1.585179 (VIOLATED)
gpio_oeb[17]                            0.500000    2.074244   -1.574244 (VIOLATED)
gpio_holdover[13]                       0.500000    2.065450   -1.565450 (VIOLATED)
gpio_dm0[23]                            0.500000    2.058506   -1.558506 (VIOLATED)
gpio_out[22]                            0.500000    2.048148   -1.548148 (VIOLATED)
gpio_inp_dis[12]                        0.500000    2.046409   -1.546409 (VIOLATED)
gpio_dm0[9]                             0.500000    2.038858   -1.538858 (VIOLATED)
mprj/gpio_in[1]                         0.500000    2.025818   -1.525818 (VIOLATED)
gpio_in[1]                              0.500000    2.023748   -1.523748 (VIOLATED)
gpio_out[3]                             0.500000    2.010403   -1.510403 (VIOLATED)
gpio_ib_mode_sel[8]                     0.500000    1.996707   -1.496707 (VIOLATED)
gpio_dm2[9]                             0.500000    1.990937   -1.490937 (VIOLATED)
mprj/gpio_out[24]                       0.500000    1.985246   -1.485246 (VIOLATED)
gpio_inp_dis[18]                        0.500000    1.958737   -1.458737 (VIOLATED)
mprj/gpio_out[3]                        0.500000    1.943675   -1.443675 (VIOLATED)
gpio_out[17]                            0.500000    1.872559   -1.372559 (VIOLATED)
gpio_analog_en[22]                      0.500000    1.851730   -1.351730 (VIOLATED)
mprj/gpio_in[32]                        0.500000    1.830058   -1.330058 (VIOLATED)
gpio_in[32]                             0.500000    1.823066   -1.323066 (VIOLATED)
gpio_out[26]                            0.500000    1.813749   -1.313749 (VIOLATED)
gpio_ib_mode_sel[20]                    0.500000    1.807224   -1.307223 (VIOLATED)
gpio_analog_en[21]                      0.500000    1.797784   -1.297784 (VIOLATED)
gpio_out[29]                            0.500000    1.787877   -1.287877 (VIOLATED)
mprj/gpio_out[23]                       0.500000    1.769639   -1.269639 (VIOLATED)
gpio_inp_dis[26]                        0.500000    1.755453   -1.255453 (VIOLATED)
mprj/gpio_out[22]                       0.500000    1.748126   -1.248126 (VIOLATED)
gpio_dm1[22]                            0.500000    1.747320   -1.247320 (VIOLATED)
gpio_analog_sel[23]                     0.500000    1.745844   -1.245844 (VIOLATED)
gpio_holdover[9]                        0.500000    1.738209   -1.238210 (VIOLATED)
gpio_ib_mode_sel[9]                     0.500000    1.710898   -1.210898 (VIOLATED)
gpio_out[25]                            0.500000    1.710665   -1.210665 (VIOLATED)
gpio_dm1[10]                            0.500000    1.708981   -1.208981 (VIOLATED)
gpio_out[13]                            0.500000    1.704687   -1.204687 (VIOLATED)
gpio_holdover[25]                       0.500000    1.695970   -1.195970 (VIOLATED)
gpio_holdover[8]                        0.500000    1.694421   -1.194421 (VIOLATED)
mprj/gpio_in[33]                        0.500000    1.688988   -1.188988 (VIOLATED)
gpio_in[33]                             0.500000    1.687798   -1.187798 (VIOLATED)
mprj/gpio_in[38]                        0.500000    1.682655   -1.182655 (VIOLATED)
gpio_in[38]                             0.500000    1.679719   -1.179719 (VIOLATED)
gpio_analog_sel[19]                     0.500000    1.675091   -1.175091 (VIOLATED)
gpio_ib_mode_sel[15]                    0.500000    1.670696   -1.170696 (VIOLATED)
gpio_out[31]                            0.500000    1.658169   -1.158169 (VIOLATED)
gpio_analog_en[17]                      0.500000    1.655198   -1.155198 (VIOLATED)
mprj/gpio_out[31]                       0.500000    1.653625   -1.153625 (VIOLATED)
gpio_holdover[15]                       0.500000    1.639494   -1.139494 (VIOLATED)
mprj/gpio_out[26]                       0.500000    1.635574   -1.135573 (VIOLATED)
mprj/gpio_out[29]                       0.500000    1.634275   -1.134275 (VIOLATED)
mprj/gpio_in[35]                        0.500000    1.622935   -1.122935 (VIOLATED)
gpio_analog_en[18]                      0.500000    1.609045   -1.109045 (VIOLATED)
gpio_in[35]                             0.500000    1.597497   -1.097497 (VIOLATED)
gpio_oeb[5]                             0.500000    1.593523   -1.093523 (VIOLATED)
gpio_out[30]                            0.500000    1.592486   -1.092486 (VIOLATED)
mprj/gpio_out[30]                       0.500000    1.579701   -1.079701 (VIOLATED)
gpio_ib_mode_sel[7]                     0.500000    1.578118   -1.078118 (VIOLATED)
gpio_dm0[15]                            0.500000    1.563309   -1.063309 (VIOLATED)
mprj/gpio_out[25]                       0.500000    1.556251   -1.056251 (VIOLATED)
gpio_dm2[3]                             0.500000    1.539406   -1.039406 (VIOLATED)
mprj/gpio_in[34]                        0.500000    1.539128   -1.039128 (VIOLATED)
gpio_in[34]                             0.500000    1.538468   -1.038468 (VIOLATED)
gpio_analog_pol[15]                     0.500000    1.532309   -1.032309 (VIOLATED)
gpio_slow_sel[17]                       0.500000    1.531938   -1.031938 (VIOLATED)
gpio_analog_pol[17]                     0.500000    1.526505   -1.026505 (VIOLATED)
gpio_inp_dis[25]                        0.500000    1.502176   -1.002176 (VIOLATED)
gpio_out[33]                            0.500000    1.498965   -0.998965 (VIOLATED)
mprj/gpio_in[36]                        0.500000    1.495672   -0.995672 (VIOLATED)
gpio_in[36]                             0.500000    1.484341   -0.984341 (VIOLATED)
gpio_dm0[16]                            0.500000    1.476481   -0.976481 (VIOLATED)
mprj/gpio_in[43]                        0.500000    1.469115   -0.969115 (VIOLATED)
gpio_in[43]                             0.500000    1.468388   -0.968388 (VIOLATED)
gpio_dm2[23]                            0.500000    1.461553   -0.961553 (VIOLATED)
gpio_ib_mode_sel[23]                    0.500000    1.450863   -0.950863 (VIOLATED)
mprj/gpio_out[33]                       0.500000    1.422812   -0.922812 (VIOLATED)
gpio_oeb[22]                            0.500000    1.387496   -0.887496 (VIOLATED)
gpio_out[32]                            0.500000    1.384247   -0.884247 (VIOLATED)
gpio_ib_mode_sel[18]                    0.500000    1.378836   -0.878836 (VIOLATED)
gpio_vtrip_sel[12]                      0.500000    1.362761   -0.862761 (VIOLATED)
gpio_dm1[7]                             0.500000    1.359725   -0.859725 (VIOLATED)
gpio_inp_dis[16]                        0.500000    1.351515   -0.851515 (VIOLATED)
gpio_dm1[8]                             0.500000    1.345229   -0.845229 (VIOLATED)
gpio_slow_sel[16]                       0.500000    1.341483   -0.841483 (VIOLATED)
gpio_vtrip_sel[13]                      0.500000    1.322089   -0.822089 (VIOLATED)
mprj/gpio_out[32]                       0.500000    1.317119   -0.817119 (VIOLATED)
gpio_vtrip_sel[11]                      0.500000    1.305371   -0.805371 (VIOLATED)
gpio_inp_dis[15]                        0.500000    1.297819   -0.797819 (VIOLATED)
gpio_dm0[17]                            0.500000    1.292918   -0.792918 (VIOLATED)
gpio_oeb[12]                            0.500000    1.292314   -0.792314 (VIOLATED)
gpio_analog_sel[8]                      0.500000    1.285230   -0.785230 (VIOLATED)
gpio_vtrip_sel[15]                      0.500000    1.284873   -0.784873 (VIOLATED)
mprj/gpio_in[42]                        0.500000    1.279808   -0.779808 (VIOLATED)
mprj/gpio_in[37]                        0.500000    1.278723   -0.778723 (VIOLATED)
gpio_in[42]                             0.500000    1.277870   -0.777870 (VIOLATED)
gpio_in[37]                             0.500000    1.274287   -0.774287 (VIOLATED)
gpio_inp_dis[17]                        0.500000    1.266300   -0.766300 (VIOLATED)
gpio_holdover[16]                       0.500000    1.253611   -0.753611 (VIOLATED)
gpio_holdover[4]                        0.500000    1.250413   -0.750413 (VIOLATED)
gpio_slow_sel[14]                       0.500000    1.240941   -0.740941 (VIOLATED)
gpio_dm2[17]                            0.500000    1.229807   -0.729807 (VIOLATED)
gpio_ib_mode_sel[22]                    0.500000    1.227153   -0.727153 (VIOLATED)
gpio_oeb[15]                            0.500000    1.191850   -0.691850 (VIOLATED)
gpio_slow_sel[18]                       0.500000    1.186283   -0.686283 (VIOLATED)
gpio_analog_sel[18]                     0.500000    1.184954   -0.684954 (VIOLATED)
gpio_dm0[20]                            0.500000    1.163045   -0.663045 (VIOLATED)
gpio_dm0[4]                             0.500000    1.162258   -0.662258 (VIOLATED)
gpio_vtrip_sel[24]                      0.500000    1.157476   -0.657476 (VIOLATED)
gpio_slow_sel[11]                       0.500000    1.150572   -0.650572 (VIOLATED)
gpio_inp_dis[20]                        0.500000    1.148485   -0.648485 (VIOLATED)
gpio_ib_mode_sel[19]                    0.500000    1.147192   -0.647192 (VIOLATED)
gpio_vtrip_sel[10]                      0.500000    1.138005   -0.638004 (VIOLATED)
gpio_analog_sel[17]                     0.500000    1.135702   -0.635702 (VIOLATED)
gpio_analog_pol[19]                     0.500000    1.134253   -0.634253 (VIOLATED)
gpio_inp_dis[28]                        0.500000    1.117439   -0.617439 (VIOLATED)
gpio_inp_dis[21]                        0.500000    1.106456   -0.606456 (VIOLATED)
gpio_out[8]                             0.500000    1.077770   -0.577770 (VIOLATED)
gpio_analog_pol[22]                     0.500000    1.072003   -0.572003 (VIOLATED)
gpio_oeb[24]                            0.500000    1.063900   -0.563900 (VIOLATED)
gpio_analog_sel[25]                     0.500000    1.061755   -0.561755 (VIOLATED)
gpio_vtrip_sel[14]                      0.500000    1.054797   -0.554797 (VIOLATED)
gpio_slow_sel[10]                       0.500000    1.052071   -0.552071 (VIOLATED)
gpio_inp_dis[27]                        0.500000    1.041055   -0.541055 (VIOLATED)
mprj/gpio_in[40]                        0.500000    1.036342   -0.536342 (VIOLATED)
gpio_in[40]                             0.500000    1.035512   -0.535512 (VIOLATED)
gpio_holdover[18]                       0.500000    1.033096   -0.533096 (VIOLATED)
gpio_dm2[21]                            0.500000    1.032845   -0.532845 (VIOLATED)
gpio_dm1[20]                            0.500000    1.032071   -0.532071 (VIOLATED)
gpio_analog_pol[23]                     0.500000    1.017078   -0.517078 (VIOLATED)
mprj/gpio_in[41]                        0.500000    1.010255   -0.510255 (VIOLATED)
gpio_in[41]                             0.500000    1.009823   -0.509823 (VIOLATED)
gpio_holdover[19]                       0.500000    1.009358   -0.509358 (VIOLATED)
gpio_dm2[4]                             0.500000    1.001220   -0.501220 (VIOLATED)
gpio_ib_mode_sel[17]                    0.500000    0.996874   -0.496874 (VIOLATED)
gpio_inp_dis[6]                         0.500000    0.995087   -0.495087 (VIOLATED)
gpio_dm1[21]                            0.500000    0.994344   -0.494344 (VIOLATED)
gpio_dm2[22]                            0.500000    0.990591   -0.490591 (VIOLATED)
gpio_analog_pol[18]                     0.500000    0.990364   -0.490364 (VIOLATED)
gpio_analog_pol[41]                     0.500000    0.986401   -0.486401 (VIOLATED)
gpio_analog_pol[24]                     0.500000    0.979595   -0.479595 (VIOLATED)
gpio_analog_sel[21]                     0.500000    0.964263   -0.464263 (VIOLATED)
gpio_inp_dis[22]                        0.500000    0.958086   -0.458086 (VIOLATED)
gpio_oeb[23]                            0.500000    0.953677   -0.453677 (VIOLATED)
gpio_analog_pol[20]                     0.500000    0.949285   -0.449285 (VIOLATED)
gpio_dm2[15]                            0.500000    0.948346   -0.448346 (VIOLATED)
gpio_vtrip_sel[1]                       0.500000    0.947295   -0.447295 (VIOLATED)
gpio_slow_sel[19]                       0.500000    0.944823   -0.444823 (VIOLATED)
gpio_dm1[17]                            0.500000    0.936816   -0.436816 (VIOLATED)
gpio_dm0[21]                            0.500000    0.934594   -0.434594 (VIOLATED)
gpio_dm0[28]                            0.500000    0.920905   -0.420905 (VIOLATED)
gpio_analog_pol[16]                     0.500000    0.917385   -0.417385 (VIOLATED)
gpio_dm1[19]                            0.500000    0.916014   -0.416014 (VIOLATED)
gpio_out[12]                            0.500000    0.913303   -0.413303 (VIOLATED)
gpio_holdover[6]                        0.500000    0.912734   -0.412734 (VIOLATED)
gpio_oeb[16]                            0.500000    0.905309   -0.405309 (VIOLATED)
gpio_out[16]                            0.500000    0.888716   -0.388716 (VIOLATED)
gpio_dm2[18]                            0.500000    0.864305   -0.364305 (VIOLATED)
gpio_analog_pol[21]                     0.500000    0.845239   -0.345239 (VIOLATED)
gpio_ib_mode_sel[25]                    0.500000    0.842786   -0.342786 (VIOLATED)
gpio_inp_dis[23]                        0.500000    0.839880   -0.339880 (VIOLATED)
gpio_vtrip_sel[23]                      0.500000    0.837424   -0.337424 (VIOLATED)
gpio_out[37]                            0.500000    0.836565   -0.336565 (VIOLATED)
gpio_dm0[19]                            0.500000    0.835517   -0.335517 (VIOLATED)
mprj/gpio_out[37]                       0.500000    0.833427   -0.333428 (VIOLATED)
gpio_dm2[19]                            0.500000    0.827932   -0.327932 (VIOLATED)
gpio_vtrip_sel[18]                      0.500000    0.824532   -0.324532 (VIOLATED)
gpio_analog_sel[4]                      0.500000    0.823222   -0.323222 (VIOLATED)
gpio_dm1[24]                            0.500000    0.810779   -0.310779 (VIOLATED)
gpio_dm0[22]                            0.500000    0.807550   -0.307550 (VIOLATED)
gpio_analog_en[27]                      0.500000    0.807298   -0.307298 (VIOLATED)
gpio_dm0[18]                            0.500000    0.800238   -0.300238 (VIOLATED)
gpio_inp_dis[4]                         0.500000    0.777541   -0.277541 (VIOLATED)
gpio_dm2[6]                             0.500000    0.770851   -0.270851 (VIOLATED)
gpio_inp_dis[9]                         0.500000    0.768065   -0.268065 (VIOLATED)
gpio_analog_pol[6]                      0.500000    0.764173   -0.264173 (VIOLATED)
gpio_analog_en[42]                      0.500000    0.761051   -0.261051 (VIOLATED)
gpio_dm2[41]                            0.500000    0.748568   -0.248568 (VIOLATED)
gpio_holdover[22]                       0.500000    0.741757   -0.241757 (VIOLATED)
gpio_slow_sel[8]                        0.500000    0.730449   -0.230449 (VIOLATED)
gpio_analog_sel[6]                      0.500000    0.729051   -0.229051 (VIOLATED)
gpio_slow_sel[13]                       0.500000    0.725772   -0.225772 (VIOLATED)
gpio_vtrip_sel[19]                      0.500000    0.721933   -0.221933 (VIOLATED)
gpio_inp_dis[19]                        0.500000    0.719866   -0.219866 (VIOLATED)
gpio_out[11]                            0.500000    0.712243   -0.212243 (VIOLATED)
gpio_vtrip_sel[17]                      0.500000    0.710787   -0.210787 (VIOLATED)
gpio_slow_sel[23]                       0.500000    0.700066   -0.200066 (VIOLATED)
gpio_slow_sel[12]                       0.500000    0.692439   -0.192439 (VIOLATED)
gpio_oeb[27]                            0.500000    0.689969   -0.189969 (VIOLATED)
gpio_ib_mode_sel[21]                    0.500000    0.689241   -0.189241 (VIOLATED)
mprj/gpio_in[39]                        0.500000    0.688790   -0.188790 (VIOLATED)
gpio_in[39]                             0.500000    0.688373   -0.188373 (VIOLATED)
gpio_dm2[20]                            0.500000    0.687821   -0.187821 (VIOLATED)
gpio_slow_sel[22]                       0.500000    0.685430   -0.185430 (VIOLATED)
gpio_dm1[26]                            0.500000    0.678027   -0.178027 (VIOLATED)
gpio_out[36]                            0.500000    0.675500   -0.175500 (VIOLATED)
mprj/gpio_out[36]                       0.500000    0.674452   -0.174452 (VIOLATED)
gpio_slow_sel[25]                       0.500000    0.672683   -0.172683 (VIOLATED)
gpio_analog_en[24]                      0.500000    0.670491   -0.170491 (VIOLATED)
gpio_analog_pol[26]                     0.500000    0.660933   -0.160933 (VIOLATED)
gpio_dm1[41]                            0.500000    0.647512   -0.147512 (VIOLATED)
gpio_analog_sel[24]                     0.500000    0.645102   -0.145102 (VIOLATED)
gpio_oeb[0]                             0.500000    0.636088   -0.136088 (VIOLATED)
gpio_analog_en[25]                      0.500000    0.631651   -0.131651 (VIOLATED)
gpio_oeb[7]                             0.500000    0.626828   -0.126828 (VIOLATED)
gpio_oeb[9]                             0.500000    0.620293   -0.120293 (VIOLATED)
gpio_slow_sel[7]                        0.500000    0.617217   -0.117217 (VIOLATED)
gpio_vtrip_sel[26]                      0.500000    0.615266   -0.115266 (VIOLATED)
gpio_slow_sel[20]                       0.500000    0.602264   -0.102264 (VIOLATED)
gpio_analog_en[4]                       0.500000    0.589610   -0.089610 (VIOLATED)
gpio_dm0[31]                            0.500000    0.563500   -0.063500 (VIOLATED)
gpio_out[14]                            0.500000    0.563287   -0.063287 (VIOLATED)
gpio_dm1[6]                             0.500000    0.561655   -0.061655 (VIOLATED)
gpio_analog_en[9]                       0.500000    0.560497   -0.060497 (VIOLATED)
gpio_slow_sel[26]                       0.500000    0.560077   -0.060077 (VIOLATED)
gpio_oeb[10]                            0.500000    0.557963   -0.057963 (VIOLATED)
gpio_vtrip_sel[27]                      0.500000    0.554686   -0.054686 (VIOLATED)
gpio_vtrip_sel[0]                       0.500000    0.549691   -0.049691 (VIOLATED)
gpio_slow_sel[15]                       0.500000    0.540842   -0.040842 (VIOLATED)
gpio_dm2[28]                            0.500000    0.534332   -0.034332 (VIOLATED)
gpio_out[35]                            0.500000    0.529602   -0.029602 (VIOLATED)
mprj/gpio_out[35]                       0.500000    0.529473   -0.029473 (VIOLATED)
gpio_dm0[5]                             0.500000    0.525497   -0.025497 (VIOLATED)
gpio_out[9]                             0.500000    0.517266   -0.017266 (VIOLATED)
gpio_vtrip_sel[28]                      0.500000    0.514875   -0.014875 (VIOLATED)
gpio_vtrip_sel[7]                       0.500000    0.509792   -0.009792 (VIOLATED)
gpio_inp_dis[14]                        0.500000    0.507116   -0.007116 (VIOLATED)
gpio_oeb[8]                             0.500000    0.502329   -0.002329 (VIOLATED)
gpio_out[1]                             0.500000    0.501268   -0.001268 (VIOLATED)

max capacitance

Pin                                        Limit         Cap       Slack
------------------------------------------------------------------------
mprj/gpio_out[15]                       0.200000    1.143165   -0.943165 (VIOLATED)
mprj/gpio_analog_en[16]                 0.200000    1.132270   -0.932270 (VIOLATED)
mprj/gpio_ib_mode_sel[14]               0.200000    1.104337   -0.904337 (VIOLATED)
mprj/gpio_dm2[14]                       0.200000    1.047917   -0.847917 (VIOLATED)
mprj/gpio_holdover[17]                  0.200000    1.030947   -0.830947 (VIOLATED)
mprj/gpio_oeb[14]                       0.200000    1.002776   -0.802776 (VIOLATED)
mprj/gpio_analog_sel[15]                0.200000    0.992941   -0.792941 (VIOLATED)
mprj/gpio_dm0[11]                       0.200000    0.983320   -0.783320 (VIOLATED)
mprj/gpio_dm1[16]                       0.200000    0.956056   -0.756056 (VIOLATED)
mprj/gpio_analog_sel[9]                 0.200000    0.945201   -0.745201 (VIOLATED)
mprj/gpio_analog_en[11]                 0.200000    0.944158   -0.744158 (VIOLATED)
mprj/gpio_analog_sel[11]                0.200000    0.922202   -0.722202 (VIOLATED)
mprj/gpio_dm1[18]                       0.200000    0.913896   -0.713896 (VIOLATED)
mprj/gpio_dm2[11]                       0.200000    0.912641   -0.712641 (VIOLATED)
mprj/gpio_dm2[16]                       0.200000    0.892209   -0.692209 (VIOLATED)
mprj/gpio_analog_en[15]                 0.200000    0.890458   -0.690458 (VIOLATED)
mprj/gpio_vtrip_sel[10]                 0.200000    0.882486   -0.682486 (VIOLATED)
mprj/gpio_analog_en[9]                  0.200000    0.877219   -0.677219 (VIOLATED)
mprj/gpio_dm0[13]                       0.200000    0.873690   -0.673690 (VIOLATED)
gpio_in[8]                              0.200000    0.872459   -0.672459 (VIOLATED)
mprj/gpio_analog_sel[20]                0.200000    0.871732   -0.671732 (VIOLATED)
mprj/gpio_ib_mode_sel[16]               0.200000    0.867111   -0.667111 (VIOLATED)
mprj/gpio_dm2[9]                        0.200000    0.858892   -0.658892 (VIOLATED)
mprj/gpio_analog_sel[16]                0.200000    0.835328   -0.635328 (VIOLATED)
gpio_in[9]                              0.200000    0.834619   -0.634619 (VIOLATED)
mprj/gpio_analog_pol[0]                 0.200000    0.829727   -0.629727 (VIOLATED)
mprj/gpio_analog_en[13]                 0.200000    0.828906   -0.628906 (VIOLATED)
mprj/gpio_analog_pol[13]                0.200000    0.827360   -0.627360 (VIOLATED)
mprj/gpio_dm0[14]                       0.200000    0.823989   -0.623989 (VIOLATED)
mprj/gpio_analog_pol[11]                0.200000    0.823890   -0.623890 (VIOLATED)
mprj/gpio_dm0[24]                       0.200000    0.812936   -0.612936 (VIOLATED)
mprj/gpio_analog_sel[10]                0.200000    0.810536   -0.610536 (VIOLATED)
mprj/gpio_slow_sel[16]                  0.200000    0.804474   -0.604474 (VIOLATED)
mprj/gpio_holdover[10]                  0.200000    0.801577   -0.601577 (VIOLATED)
mprj/gpio_analog_sel[22]                0.200000    0.801185   -0.601185 (VIOLATED)
mprj/gpio_dm0[9]                        0.200000    0.798507   -0.598507 (VIOLATED)
mprj/gpio_vtrip_sel[14]                 0.200000    0.796033   -0.596033 (VIOLATED)
mprj/gpio_out[14]                       0.200000    0.794711   -0.594711 (VIOLATED)
mprj/gpio_analog_sel[12]                0.200000    0.793109   -0.593109 (VIOLATED)
mprj/gpio_oeb[10]                       0.200000    0.792102   -0.592102 (VIOLATED)
gpio_in[15]                             0.200000    0.789515   -0.589515 (VIOLATED)
mprj/gpio_dm1[12]                       0.200000    0.789320   -0.589320 (VIOLATED)
mprj/gpio_inp_dis[13]                   0.200000    0.782052   -0.582052 (VIOLATED)
mprj/gpio_out[18]                       0.200000    0.781841   -0.581841 (VIOLATED)
gpio_in[14]                             0.200000    0.780689   -0.580689 (VIOLATED)
mprj/gpio_dm1[15]                       0.200000    0.777851   -0.577851 (VIOLATED)
mprj/gpio_holdover[20]                  0.200000    0.777368   -0.577368 (VIOLATED)
mprj/gpio_inp_dis[14]                   0.200000    0.770648   -0.570648 (VIOLATED)
mprj/gpio_analog_en[24]                 0.200000    0.769081   -0.569081 (VIOLATED)
mprj/gpio_ib_mode_sel[13]               0.200000    0.768789   -0.568789 (VIOLATED)
mprj/gpio_slow_sel[15]                  0.200000    0.764183   -0.564183 (VIOLATED)
mprj/gpio_analog_sel[14]                0.200000    0.761286   -0.561286 (VIOLATED)
mprj/gpio_out[5]                        0.200000    0.761102   -0.561102 (VIOLATED)
mprj/gpio_dm0[12]                       0.200000    0.760273   -0.560273 (VIOLATED)
mprj/gpio_dm2[10]                       0.200000    0.759487   -0.559487 (VIOLATED)
mprj/gpio_dm2[0]                        0.200000    0.757855   -0.557855 (VIOLATED)
mprj/gpio_oeb[13]                       0.200000    0.757191   -0.557191 (VIOLATED)
mprj/gpio_holdover[15]                  0.200000    0.757054   -0.557054 (VIOLATED)
mprj/gpio_analog_pol[15]                0.200000    0.755296   -0.555296 (VIOLATED)
mprj/gpio_ib_mode_sel[8]                0.200000    0.754239   -0.554239 (VIOLATED)
mprj/gpio_holdover[8]                   0.200000    0.752113   -0.552113 (VIOLATED)
mprj/gpio_analog_pol[17]                0.200000    0.751586   -0.551586 (VIOLATED)
gpio_in[7]                              0.200000    0.749045   -0.549045 (VIOLATED)
mprj/gpio_holdover[9]                   0.200000    0.745389   -0.545389 (VIOLATED)
mprj/gpio_vtrip_sel[16]                 0.200000    0.745335   -0.545335 (VIOLATED)
mprj/gpio_analog_en[19]                 0.200000    0.744320   -0.544320 (VIOLATED)
mprj/gpio_oeb[11]                       0.200000    0.734563   -0.534563 (VIOLATED)
mprj/gpio_ib_mode_sel[9]                0.200000    0.729484   -0.529485 (VIOLATED)
mprj/gpio_analog_en[14]                 0.200000    0.724016   -0.524015 (VIOLATED)
mprj/gpio_dm1[10]                       0.200000    0.721558   -0.521558 (VIOLATED)
mprj/gpio_slow_sel[14]                  0.200000    0.719873   -0.519873 (VIOLATED)
gpio_in[12]                             0.200000    0.718950   -0.518950 (VIOLATED)
mprj/gpio_inp_dis[12]                   0.200000    0.718676   -0.518676 (VIOLATED)
mprj/gpio_holdover[13]                  0.200000    0.717099   -0.517099 (VIOLATED)
mprj/gpio_inp_dis[15]                   0.200000    0.712407   -0.512407 (VIOLATED)
mprj/gpio_dm0[16]                       0.200000    0.711343   -0.511343 (VIOLATED)
mprj/gpio_holdover[16]                  0.200000    0.709867   -0.509867 (VIOLATED)
mprj/gpio_inp_dis[11]                   0.200000    0.701136   -0.501136 (VIOLATED)
mprj/gpio_inp_dis[16]                   0.200000    0.699640   -0.499640 (VIOLATED)
mprj/gpio_ib_mode_sel[7]                0.200000    0.699472   -0.499472 (VIOLATED)
mprj/gpio_analog_en[12]                 0.200000    0.696643   -0.496643 (VIOLATED)
mprj/gpio_ib_mode_sel[18]               0.200000    0.695278   -0.495278 (VIOLATED)
mprj/gpio_dm1[8]                        0.200000    0.694865   -0.494865 (VIOLATED)
mprj/gpio_inp_dis[6]                    0.200000    0.692473   -0.492473 (VIOLATED)
mprj/gpio_dm2[7]                        0.200000    0.692413   -0.492413 (VIOLATED)
mprj/gpio_slow_sel[13]                  0.200000    0.692046   -0.492046 (VIOLATED)
mprj/gpio_ib_mode_sel[12]               0.200000    0.689389   -0.489389 (VIOLATED)
gpio_in[24]                             0.200000    0.686391   -0.486391 (VIOLATED)
mprj/gpio_holdover[14]                  0.200000    0.686270   -0.486270 (VIOLATED)
mprj/gpio_holdover[21]                  0.200000    0.684928   -0.484928 (VIOLATED)
gpio_in[16]                             0.200000    0.683684   -0.483684 (VIOLATED)
mprj/gpio_holdover[24]                  0.200000    0.681563   -0.481563 (VIOLATED)
mprj/gpio_out[10]                       0.200000    0.681460   -0.481460 (VIOLATED)
gpio_in[11]                             0.200000    0.680501   -0.480501 (VIOLATED)
mprj/gpio_dm1[14]                       0.200000    0.679844   -0.479844 (VIOLATED)
mprj/gpio_analog_pol[14]                0.200000    0.679215   -0.479215 (VIOLATED)
mprj/gpio_oeb[17]                       0.200000    0.678562   -0.478562 (VIOLATED)
mprj/gpio_out[19]                       0.200000    0.674842   -0.474842 (VIOLATED)
mprj/gpio_vtrip_sel[4]                  0.200000    0.673914   -0.473913 (VIOLATED)
mprj/gpio_oeb[12]                       0.200000    0.670961   -0.470961 (VIOLATED)
mprj/gpio_analog_pol[7]                 0.200000    0.668552   -0.468552 (VIOLATED)
mprj/gpio_analog_en[20]                 0.200000    0.663675   -0.463675 (VIOLATED)
mprj/gpio_out[17]                       0.200000    0.661742   -0.461742 (VIOLATED)
mprj/gpio_dm0[17]                       0.200000    0.660100   -0.460100 (VIOLATED)
mprj/gpio_oeb[7]                        0.200000    0.658521   -0.458521 (VIOLATED)
mprj/gpio_dm2[24]                       0.200000    0.656014   -0.456014 (VIOLATED)
mprj/gpio_dm2[12]                       0.200000    0.654371   -0.454371 (VIOLATED)
mprj/gpio_out[13]                       0.200000    0.653302   -0.453302 (VIOLATED)
mprj/gpio_analog_pol[24]                0.200000    0.650934   -0.450934 (VIOLATED)
mprj/gpio_dm2[17]                       0.200000    0.650335   -0.450335 (VIOLATED)
mprj/gpio_oeb[15]                       0.200000    0.648267   -0.448267 (VIOLATED)
mprj/gpio_analog_en[23]                 0.200000    0.647757   -0.447757 (VIOLATED)
mprj/gpio_analog_pol[2]                 0.200000    0.647543   -0.447543 (VIOLATED)
mprj/gpio_oeb[6]                        0.200000    0.647392   -0.447392 (VIOLATED)
mprj/gpio_holdover[23]                  0.200000    0.645738   -0.445738 (VIOLATED)
mprj/gpio_vtrip_sel[15]                 0.200000    0.644492   -0.444492 (VIOLATED)
mprj/gpio_slow_sel[21]                  0.200000    0.640749   -0.440749 (VIOLATED)
mprj/gpio_vtrip_sel[6]                  0.200000    0.638854   -0.438854 (VIOLATED)
mprj/gpio_dm1[24]                       0.200000    0.638384   -0.438384 (VIOLATED)
mprj/gpio_inp_dis[17]                   0.200000    0.636554   -0.436554 (VIOLATED)
mprj/gpio_analog_pol[6]                 0.200000    0.636469   -0.436469 (VIOLATED)
mprj/gpio_analog_sel[6]                 0.200000    0.635647   -0.435647 (VIOLATED)
mprj/gpio_analog_pol[12]                0.200000    0.634067   -0.434067 (VIOLATED)
mprj/gpio_analog_sel[24]                0.200000    0.633578   -0.433578 (VIOLATED)
mprj/gpio_vtrip_sel[9]                  0.200000    0.633120   -0.433120 (VIOLATED)
mprj/gpio_dm1[7]                        0.200000    0.632634   -0.432634 (VIOLATED)
mprj/gpio_ib_mode_sel[24]               0.200000    0.630918   -0.430918 (VIOLATED)
mprj/gpio_analog_sel[8]                 0.200000    0.630888   -0.430888 (VIOLATED)
mprj/gpio_oeb[21]                       0.200000    0.629412   -0.429412 (VIOLATED)
mprj/gpio_inp_dis[18]                   0.200000    0.628957   -0.428957 (VIOLATED)
mprj/gpio_oeb[19]                       0.200000    0.628576   -0.428576 (VIOLATED)
mprj/gpio_dm0[23]                       0.200000    0.628557   -0.428557 (VIOLATED)
mprj/gpio_out[12]                       0.200000    0.627617   -0.427617 (VIOLATED)
mprj/gpio_ib_mode_sel[10]               0.200000    0.626893   -0.426893 (VIOLATED)
mprj/gpio_vtrip_sel[13]                 0.200000    0.626851   -0.426851 (VIOLATED)
mprj/gpio_dm2[6]                        0.200000    0.626251   -0.426251 (VIOLATED)
mprj/gpio_holdover[6]                   0.200000    0.625958   -0.425958 (VIOLATED)
mprj/gpio_analog_sel[13]                0.200000    0.624857   -0.424857 (VIOLATED)
mprj/gpio_oeb[18]                       0.200000    0.620657   -0.420657 (VIOLATED)
mprj/gpio_dm2[8]                        0.200000    0.619130   -0.419130 (VIOLATED)
mprj/gpio_vtrip_sel[20]                 0.200000    0.617334   -0.417334 (VIOLATED)
mprj/gpio_out[8]                        0.200000    0.615513   -0.415513 (VIOLATED)
mprj/gpio_vtrip_sel[17]                 0.200000    0.612023   -0.412023 (VIOLATED)
mprj/gpio_vtrip_sel[8]                  0.200000    0.611572   -0.411572 (VIOLATED)
mprj/gpio_slow_sel[24]                  0.200000    0.609010   -0.409010 (VIOLATED)
mprj/gpio_analog_en[6]                  0.200000    0.608420   -0.408420 (VIOLATED)
mprj/gpio_analog_sel[23]                0.200000    0.608044   -0.408044 (VIOLATED)
mprj/gpio_slow_sel[9]                   0.200000    0.605735   -0.405735 (VIOLATED)
mprj/gpio_dm1[23]                       0.200000    0.605311   -0.405311 (VIOLATED)
mprj/gpio_dm1[13]                       0.200000    0.604552   -0.404552 (VIOLATED)
mprj/gpio_ib_mode_sel[15]               0.200000    0.603493   -0.403493 (VIOLATED)
mprj/gpio_dm2[13]                       0.200000    0.600555   -0.400555 (VIOLATED)
mprj/gpio_inp_dis[8]                    0.200000    0.598423   -0.398423 (VIOLATED)
mprj/gpio_oeb[20]                       0.200000    0.597555   -0.397555 (VIOLATED)
gpio_in[13]                             0.200000    0.596766   -0.396766 (VIOLATED)
mprj/gpio_dm0[8]                        0.200000    0.593561   -0.393561 (VIOLATED)
mprj/gpio_analog_en[8]                  0.200000    0.593519   -0.393519 (VIOLATED)
mprj/gpio_analog_pol[19]                0.200000    0.593131   -0.393131 (VIOLATED)
mprj/gpio_holdover[25]                  0.200000    0.591198   -0.391198 (VIOLATED)
mprj/gpio_analog_en[3]                  0.200000    0.586999   -0.386999 (VIOLATED)
mprj/gpio_oeb[5]                        0.200000    0.584483   -0.384483 (VIOLATED)
mprj/gpio_vtrip_sel[11]                 0.200000    0.583322   -0.383322 (VIOLATED)
mprj/gpio_analog_pol[18]                0.200000    0.582441   -0.382441 (VIOLATED)
mprj/gpio_analog_en[7]                  0.200000    0.580715   -0.380715 (VIOLATED)
mprj/gpio_analog_sel[3]                 0.200000    0.580452   -0.380452 (VIOLATED)
mprj/gpio_vtrip_sel[12]                 0.200000    0.579524   -0.379524 (VIOLATED)
mprj/gpio_dm2[3]                        0.200000    0.577484   -0.377484 (VIOLATED)
gpio_in[22]                             0.200000    0.576780   -0.376780 (VIOLATED)
mprj/gpio_dm0[15]                       0.200000    0.576356   -0.376356 (VIOLATED)
mprj/gpio_holdover[11]                  0.200000    0.576247   -0.376247 (VIOLATED)
mprj/gpio_inp_dis[26]                   0.200000    0.575124   -0.375124 (VIOLATED)
mprj/gpio_slow_sel[17]                  0.200000    0.575117   -0.375117 (VIOLATED)
mprj/gpio_dm2[15]                       0.200000    0.575069   -0.375069 (VIOLATED)
mprj/gpio_analog_pol[9]                 0.200000    0.572485   -0.372485 (VIOLATED)
mprj/gpio_analog_sel[27]                0.200000    0.572221   -0.372221 (VIOLATED)
mprj/gpio_holdover[4]                   0.200000    0.571768   -0.371768 (VIOLATED)
mprj/gpio_inp_dis[7]                    0.200000    0.571280   -0.371280 (VIOLATED)
mprj/gpio_analog_en[18]                 0.200000    0.569025   -0.369025 (VIOLATED)
mprj/gpio_dm2[4]                        0.200000    0.568620   -0.368620 (VIOLATED)
mprj/gpio_analog_en[17]                 0.200000    0.568447   -0.368447 (VIOLATED)
mprj/gpio_holdover[12]                  0.200000    0.566702   -0.366702 (VIOLATED)
mprj/gpio_oeb[8]                        0.200000    0.565771   -0.365771 (VIOLATED)
mprj/gpio_dm0[10]                       0.200000    0.565296   -0.365296 (VIOLATED)
mprj/gpio_ib_mode_sel[19]               0.200000    0.564352   -0.364352 (VIOLATED)
mprj/gpio_analog_en[22]                 0.200000    0.564292   -0.364292 (VIOLATED)
gpio_in[21]                             0.200000    0.564071   -0.364071 (VIOLATED)
mprj/gpio_analog_en[21]                 0.200000    0.561909   -0.361909 (VIOLATED)
mprj/gpio_oeb[16]                       0.200000    0.561249   -0.361249 (VIOLATED)
mprj/gpio_ib_mode_sel[11]               0.200000    0.560614   -0.360614 (VIOLATED)
mprj/gpio_dm1[26]                       0.200000    0.559707   -0.359707 (VIOLATED)
mprj/gpio_dm1[29]                       0.200000    0.558535   -0.358535 (VIOLATED)
mprj/gpio_dm2[27]                       0.200000    0.558248   -0.358248 (VIOLATED)
mprj/gpio_dm0[5]                        0.200000    0.557873   -0.357873 (VIOLATED)
mprj/gpio_inp_dis[25]                   0.200000    0.557857   -0.357857 (VIOLATED)
mprj/gpio_dm2[25]                       0.200000    0.556966   -0.356966 (VIOLATED)
mprj/gpio_ib_mode_sel[20]               0.200000    0.555859   -0.355859 (VIOLATED)
mprj/gpio_holdover[7]                   0.200000    0.553825   -0.353825 (VIOLATED)
mprj/gpio_out[20]                       0.200000    0.552015   -0.352015 (VIOLATED)
mprj/gpio_out[4]                        0.200000    0.551642   -0.351642 (VIOLATED)
mprj/gpio_analog_pol[10]                0.200000    0.551380   -0.351380 (VIOLATED)
mprj/gpio_dm0[25]                       0.200000    0.551197   -0.351197 (VIOLATED)
mprj/gpio_analog_sel[19]                0.200000    0.548630   -0.348630 (VIOLATED)
mprj/gpio_dm2[26]                       0.200000    0.545942   -0.345942 (VIOLATED)
mprj/gpio_ib_mode_sel[26]               0.200000    0.543639   -0.343639 (VIOLATED)
mprj/gpio_inp_dis[24]                   0.200000    0.543634   -0.343634 (VIOLATED)
mprj/gpio_dm1[22]                       0.200000    0.543096   -0.343096 (VIOLATED)
mprj/gpio_vtrip_sel[22]                 0.200000    0.542346   -0.342346 (VIOLATED)
mprj/gpio_dm0[26]                       0.200000    0.541705   -0.341705 (VIOLATED)
mprj/gpio_out[16]                       0.200000    0.540912   -0.340912 (VIOLATED)
mprj/gpio_out[2]                        0.200000    0.536932   -0.336932 (VIOLATED)
mprj/gpio_dm1[9]                        0.200000    0.535295   -0.335295 (VIOLATED)
mprj/gpio_analog_sel[2]                 0.200000    0.535246   -0.335246 (VIOLATED)
mprj/gpio_slow_sel[10]                  0.200000    0.533985   -0.333986 (VIOLATED)
mprj/gpio_slow_sel[11]                  0.200000    0.532203   -0.332203 (VIOLATED)
mprj/gpio_analog_pol[16]                0.200000    0.531979   -0.331979 (VIOLATED)
mprj/gpio_dm2[21]                       0.200000    0.531698   -0.331698 (VIOLATED)
mprj/gpio_analog_en[26]                 0.200000    0.530556   -0.330556 (VIOLATED)
mprj/gpio_inp_dis[10]                   0.200000    0.529279   -0.329278 (VIOLATED)
mprj/gpio_analog_en[10]                 0.200000    0.528993   -0.328993 (VIOLATED)
mprj/gpio_out[21]                       0.200000    0.528505   -0.328505 (VIOLATED)
mprj/gpio_slow_sel[20]                  0.200000    0.528453   -0.328453 (VIOLATED)
mprj/gpio_dm0[20]                       0.200000    0.527563   -0.327563 (VIOLATED)
mprj/gpio_oeb[1]                        0.200000    0.526891   -0.326891 (VIOLATED)
mprj/gpio_dm1[17]                       0.200000    0.526515   -0.326515 (VIOLATED)
mprj/gpio_oeb[9]                        0.200000    0.526408   -0.326408 (VIOLATED)
mprj/gpio_oeb[0]                        0.200000    0.525907   -0.325907 (VIOLATED)
mprj/gpio_analog_pol[25]                0.200000    0.523355   -0.323355 (VIOLATED)
mprj/gpio_dm2[23]                       0.200000    0.521798   -0.321798 (VIOLATED)
mprj/gpio_ib_mode_sel[17]               0.200000    0.521477   -0.321477 (VIOLATED)
mprj/gpio_out[11]                       0.200000    0.520908   -0.320908 (VIOLATED)
mprj/gpio_ib_mode_sel[22]               0.200000    0.520878   -0.320878 (VIOLATED)
mprj/gpio_dm1[11]                       0.200000    0.520439   -0.320439 (VIOLATED)
mprj/gpio_analog_en[28]                 0.200000    0.520287   -0.320287 (VIOLATED)
gpio_in[18]                             0.200000    0.519477   -0.319477 (VIOLATED)
mprj/gpio_vtrip_sel[5]                  0.200000    0.519398   -0.319398 (VIOLATED)
gpio_in[23]                             0.200000    0.518483   -0.318483 (VIOLATED)
gpio_in[20]                             0.200000    0.518119   -0.318119 (VIOLATED)
mprj/gpio_slow_sel[12]                  0.200000    0.517548   -0.317548 (VIOLATED)
mprj/gpio_holdover[29]                  0.200000    0.516983   -0.316983 (VIOLATED)
mprj/gpio_analog_sel[26]                0.200000    0.516226   -0.316226 (VIOLATED)
mprj/gpio_vtrip_sel[2]                  0.200000    0.515226   -0.315226 (VIOLATED)
mprj/gpio_holdover[2]                   0.200000    0.513238   -0.313238 (VIOLATED)
mprj/gpio_holdover[26]                  0.200000    0.512722   -0.312722 (VIOLATED)
mprj/gpio_vtrip_sel[21]                 0.200000    0.512587   -0.312587 (VIOLATED)
gpio_in[10]                             0.200000    0.511744   -0.311744 (VIOLATED)
gpio_in[19]                             0.200000    0.510592   -0.310592 (VIOLATED)
mprj/gpio_analog_pol[22]                0.200000    0.509884   -0.309884 (VIOLATED)
mprj/gpio_dm0[7]                        0.200000    0.508942   -0.308942 (VIOLATED)
mprj/gpio_analog_pol[28]                0.200000    0.507083   -0.307083 (VIOLATED)
gpio_in[17]                             0.200000    0.506292   -0.306292 (VIOLATED)
mprj/gpio_inp_dis[21]                   0.200000    0.506225   -0.306225 (VIOLATED)
mprj/gpio_out[9]                        0.200000    0.504191   -0.304191 (VIOLATED)
mprj/gpio_analog_pol[8]                 0.200000    0.499243   -0.299243 (VIOLATED)
gpio_in[4]                              0.200000    0.497818   -0.297818 (VIOLATED)
mprj/gpio_holdover[18]                  0.200000    0.496490   -0.296490 (VIOLATED)
mprj/gpio_inp_dis[0]                    0.200000    0.493715   -0.293715 (VIOLATED)
mprj/gpio_dm1[5]                        0.200000    0.490792   -0.290792 (VIOLATED)
gpio_in[25]                             0.200000    0.490736   -0.290736 (VIOLATED)
mprj/gpio_holdover[5]                   0.200000    0.490596   -0.290596 (VIOLATED)
mprj/gpio_dm1[6]                        0.200000    0.490187   -0.290187 (VIOLATED)
mprj/gpio_inp_dis[23]                   0.200000    0.488842   -0.288842 (VIOLATED)
mprj/gpio_dm0[18]                       0.200000    0.488190   -0.288190 (VIOLATED)
mprj/gpio_vtrip_sel[25]                 0.200000    0.487347   -0.287347 (VIOLATED)
mprj/gpio_dm0[4]                        0.200000    0.487189   -0.287189 (VIOLATED)
mprj/gpio_inp_dis[4]                    0.200000    0.486220   -0.286220 (VIOLATED)
mprj/gpio_vtrip_sel[7]                  0.200000    0.485247   -0.285247 (VIOLATED)
mprj/gpio_dm0[27]                       0.200000    0.481219   -0.281219 (VIOLATED)
gpio_in[26]                             0.200000    0.479789   -0.279789 (VIOLATED)
mprj/gpio_analog_sel[21]                0.200000    0.478981   -0.278981 (VIOLATED)
mprj/gpio_dm2[22]                       0.200000    0.478804   -0.278804 (VIOLATED)
mprj/gpio_analog_sel[4]                 0.200000    0.478605   -0.278605 (VIOLATED)
mprj/gpio_inp_dis[28]                   0.200000    0.478587   -0.278587 (VIOLATED)
mprj/gpio_analog_sel[18]                0.200000    0.476365   -0.276365 (VIOLATED)
mprj/gpio_out[27]                       0.200000    0.475901   -0.275901 (VIOLATED)
mprj/gpio_inp_dis[3]                    0.200000    0.475575   -0.275575 (VIOLATED)
mprj/gpio_analog_sel[17]                0.200000    0.474925   -0.274925 (VIOLATED)
mprj/gpio_slow_sel[18]                  0.200000    0.474844   -0.274844 (VIOLATED)
mprj/gpio_analog_pol[23]                0.200000    0.474747   -0.274747 (VIOLATED)
mprj/gpio_analog_pol[41]                0.200000    0.472571   -0.272571 (VIOLATED)
mprj/gpio_oeb[22]                       0.200000    0.472509   -0.272509 (VIOLATED)
mprj/gpio_ib_mode_sel[1]                0.200000    0.472262   -0.272262 (VIOLATED)
mprj/gpio_dm1[25]                       0.200000    0.472160   -0.272160 (VIOLATED)
mprj/gpio_ib_mode_sel[23]               0.200000    0.470877   -0.270877 (VIOLATED)
mprj/gpio_dm1[4]                        0.200000    0.469407   -0.269407 (VIOLATED)
mprj/gpio_out[43]                       0.200000    0.468380   -0.268380 (VIOLATED)
mprj/gpio_dm1[27]                       0.200000    0.468023   -0.268023 (VIOLATED)
mprj/gpio_slow_sel[8]                   0.200000    0.467598   -0.267598 (VIOLATED)
mprj/gpio_analog_pol[1]                 0.200000    0.467402   -0.267402 (VIOLATED)
mprj/gpio_inp_dis[22]                   0.200000    0.466940   -0.266940 (VIOLATED)
mprj/gpio_dm1[1]                        0.200000    0.465534   -0.265534 (VIOLATED)
mprj/gpio_analog_en[5]                  0.200000    0.464995   -0.264995 (VIOLATED)
mprj/gpio_out[28]                       0.200000    0.462950   -0.262950 (VIOLATED)
mprj/gpio_out[6]                        0.200000    0.460620   -0.260620 (VIOLATED)
mprj/gpio_out[0]                        0.200000    0.459293   -0.259293 (VIOLATED)
mprj/gpio_dm1[43]                       0.200000    0.458944   -0.258944 (VIOLATED)
mprj/gpio_dm1[3]                        0.200000    0.456963   -0.256963 (VIOLATED)
mprj/gpio_dm0[28]                       0.200000    0.456113   -0.256113 (VIOLATED)
mprj/gpio_vtrip_sel[18]                 0.200000    0.454682   -0.254682 (VIOLATED)
mprj/gpio_dm2[18]                       0.200000    0.454385   -0.254385 (VIOLATED)
mprj/gpio_analog_en[2]                  0.200000    0.454340   -0.254340 (VIOLATED)
mprj/gpio_ib_mode_sel[0]                0.200000    0.453843   -0.253843 (VIOLATED)
mprj/gpio_slow_sel[7]                   0.200000    0.453811   -0.253811 (VIOLATED)
mprj/gpio_inp_dis[9]                    0.200000    0.449707   -0.249707 (VIOLATED)
mprj/gpio_holdover[19]                  0.200000    0.447047   -0.247047 (VIOLATED)
mprj/gpio_analog_en[27]                 0.200000    0.445983   -0.245983 (VIOLATED)
mprj/gpio_out[1]                        0.200000    0.445449   -0.245449 (VIOLATED)
mprj/gpio_analog_sel[30]                0.200000    0.444591   -0.244591 (VIOLATED)
mprj/gpio_vtrip_sel[24]                 0.200000    0.443355   -0.243355 (VIOLATED)
mprj/gpio_analog_sel[7]                 0.200000    0.442918   -0.242918 (VIOLATED)
mprj/gpio_vtrip_sel[42]                 0.200000    0.442711   -0.242711 (VIOLATED)
mprj/gpio_oeb[3]                        0.200000    0.441692   -0.241692 (VIOLATED)
mprj/gpio_slow_sel[3]                   0.200000    0.439717   -0.239717 (VIOLATED)
mprj/gpio_dm0[30]                       0.200000    0.437533   -0.237533 (VIOLATED)
mprj/gpio_inp_dis[27]                   0.200000    0.436988   -0.236988 (VIOLATED)
mprj/gpio_analog_sel[25]                0.200000    0.436239   -0.236239 (VIOLATED)
mprj/gpio_dm2[41]                       0.200000    0.436176   -0.236176 (VIOLATED)
mprj/gpio_dm0[22]                       0.200000    0.435530   -0.235530 (VIOLATED)
mprj/gpio_out[7]                        0.200000    0.435122   -0.235122 (VIOLATED)
mprj/gpio_slow_sel[0]                   0.200000    0.434710   -0.234710 (VIOLATED)
mprj/gpio_oeb[24]                       0.200000    0.433700   -0.233700 (VIOLATED)
mprj/gpio_dm1[21]                       0.200000    0.433598   -0.233598 (VIOLATED)
mprj/gpio_ib_mode_sel[2]                0.200000    0.433061   -0.233061 (VIOLATED)
mprj/gpio_ib_mode_sel[3]                0.200000    0.428296   -0.228296 (VIOLATED)
mprj/gpio_ib_mode_sel[27]               0.200000    0.427747   -0.227747 (VIOLATED)
mprj/gpio_slow_sel[2]                   0.200000    0.426490   -0.226490 (VIOLATED)
mprj/gpio_dm0[21]                       0.200000    0.426454   -0.226454 (VIOLATED)
mprj/gpio_out[24]                       0.200000    0.425982   -0.225982 (VIOLATED)
mprj/gpio_holdover[22]                  0.200000    0.422567   -0.222567 (VIOLATED)
mprj/gpio_dm1[19]                       0.200000    0.421989   -0.221989 (VIOLATED)
mprj/gpio_dm2[5]                        0.200000    0.421835   -0.221835 (VIOLATED)
mprj/gpio_vtrip_sel[19]                 0.200000    0.421275   -0.221275 (VIOLATED)
mprj/gpio_vtrip_sel[0]                  0.200000    0.420853   -0.220853 (VIOLATED)
mprj/gpio_analog_pol[20]                0.200000    0.420401   -0.220401 (VIOLATED)
mprj/gpio_inp_dis[42]                   0.200000    0.419060   -0.219060 (VIOLATED)
mprj/gpio_inp_dis[20]                   0.200000    0.417990   -0.217990 (VIOLATED)
mprj/gpio_dm2[19]                       0.200000    0.417344   -0.217344 (VIOLATED)
mprj/gpio_dm2[1]                        0.200000    0.416715   -0.216715 (VIOLATED)
mprj/gpio_oeb[2]                        0.200000    0.415057   -0.215057 (VIOLATED)
mprj/gpio_ib_mode_sel[6]                0.200000    0.414850   -0.214850 (VIOLATED)
mprj/gpio_dm1[42]                       0.200000    0.413624   -0.213624 (VIOLATED)
gpio_in[6]                              0.200000    0.413089   -0.213089 (VIOLATED)
mprj/gpio_dm1[41]                       0.200000    0.412107   -0.212107 (VIOLATED)
mprj/gpio_holdover[1]                   0.200000    0.411911   -0.211911 (VIOLATED)
mprj/gpio_slow_sel[19]                  0.200000    0.411777   -0.211777 (VIOLATED)
gpio_in[27]                             0.200000    0.411229   -0.211229 (VIOLATED)
mprj/gpio_dm0[19]                       0.200000    0.410970   -0.210970 (VIOLATED)
mprj/gpio_holdover[42]                  0.200000    0.408948   -0.208948 (VIOLATED)
gpio_in[29]                             0.200000    0.408782   -0.208782 (VIOLATED)
mprj/gpio_vtrip_sel[1]                  0.200000    0.408118   -0.208118 (VIOLATED)
mprj/gpio_holdover[27]                  0.200000    0.407811   -0.207811 (VIOLATED)
mprj/gpio_holdover[30]                  0.200000    0.405626   -0.205626 (VIOLATED)
mprj/gpio_out[3]                        0.200000    0.404736   -0.204736 (VIOLATED)
mprj/gpio_analog_pol[27]                0.200000    0.403533   -0.203533 (VIOLATED)
mprj/gpio_analog_en[29]                 0.200000    0.403247   -0.203247 (VIOLATED)
mprj/gpio_analog_en[42]                 0.200000    0.402699   -0.202699 (VIOLATED)
mprj/gpio_ib_mode_sel[29]               0.200000    0.401333   -0.201333 (VIOLATED)
mprj/gpio_analog_pol[30]                0.200000    0.401280   -0.201280 (VIOLATED)
mprj/gpio_inp_dis[29]                   0.200000    0.397963   -0.197963 (VIOLATED)
mprj/gpio_analog_en[25]                 0.200000    0.397540   -0.197540 (VIOLATED)
mprj/gpio_dm0[3]                        0.200000    0.397456   -0.197456 (VIOLATED)
mprj/gpio_dm1[20]                       0.200000    0.396871   -0.196871 (VIOLATED)
mprj/gpio_analog_sel[28]                0.200000    0.395613   -0.195613 (VIOLATED)
gpio_in[5]                              0.200000    0.391753   -0.191753 (VIOLATED)
mprj/gpio_analog_sel[29]                0.200000    0.390831   -0.190831 (VIOLATED)
mprj/gpio_analog_pol[29]                0.200000    0.389956   -0.189956 (VIOLATED)
mprj/gpio_slow_sel[1]                   0.200000    0.389543   -0.189543 (VIOLATED)
mprj/gpio_oeb[23]                       0.200000    0.389337   -0.189337 (VIOLATED)
mprj/gpio_dm1[28]                       0.200000    0.389182   -0.189182 (VIOLATED)
mprj/gpio_ib_mode_sel[43]               0.200000    0.389146   -0.189146 (VIOLATED)
mprj/gpio_analog_en[0]                  0.200000    0.389061   -0.189061 (VIOLATED)
mprj/gpio_dm1[0]                        0.200000    0.389031   -0.189031 (VIOLATED)
mprj/gpio_analog_pol[21]                0.200000    0.388960   -0.188960 (VIOLATED)
mprj/gpio_out[23]                       0.200000    0.388433   -0.188433 (VIOLATED)
mprj/gpio_ib_mode_sel[25]               0.200000    0.387103   -0.187103 (VIOLATED)
mprj/gpio_analog_sel[31]                0.200000    0.386801   -0.186801 (VIOLATED)
mprj/gpio_ib_mode_sel[28]               0.200000    0.386014   -0.186014 (VIOLATED)
gpio_in[3]                              0.200000    0.385392   -0.185392 (VIOLATED)
mprj/gpio_dm1[30]                       0.200000    0.384864   -0.184864 (VIOLATED)
mprj/gpio_vtrip_sel[28]                 0.200000    0.384568   -0.184568 (VIOLATED)
mprj/gpio_holdover[28]                  0.200000    0.384548   -0.184548 (VIOLATED)
mprj/gpio_inp_dis[19]                   0.200000    0.384135   -0.184135 (VIOLATED)
mprj/gpio_ib_mode_sel[5]                0.200000    0.382739   -0.182739 (VIOLATED)
mprj/gpio_dm0[1]                        0.200000    0.381466   -0.181466 (VIOLATED)
mprj/gpio_analog_en[4]                  0.200000    0.380515   -0.180515 (VIOLATED)
gpio_in[28]                             0.200000    0.377698   -0.177698 (VIOLATED)
mprj/gpio_vtrip_sel[23]                 0.200000    0.377365   -0.177365 (VIOLATED)
mprj/gpio_slow_sel[40]                  0.200000    0.373467   -0.173467 (VIOLATED)
mprj/gpio_out[22]                       0.200000    0.371236   -0.171236 (VIOLATED)
mprj/gpio_slow_sel[6]                   0.200000    0.369862   -0.169862 (VIOLATED)
mprj/gpio_slow_sel[4]                   0.200000    0.368547   -0.168547 (VIOLATED)
mprj/gpio_holdover[31]                  0.200000    0.365901   -0.165901 (VIOLATED)
mprj/gpio_dm0[31]                       0.200000    0.365125   -0.165125 (VIOLATED)
mprj/gpio_vtrip_sel[3]                  0.200000    0.364793   -0.164793 (VIOLATED)
gpio_in[30]                             0.200000    0.364003   -0.164003 (VIOLATED)
mprj/gpio_analog_en[1]                  0.200000    0.363672   -0.163672 (VIOLATED)
mprj/gpio_oeb[27]                       0.200000    0.362244   -0.162244 (VIOLATED)
mprj/gpio_ib_mode_sel[40]               0.200000    0.360763   -0.160763 (VIOLATED)
mprj/gpio_ib_mode_sel[21]               0.200000    0.360316   -0.160316 (VIOLATED)
mprj/gpio_dm2[28]                       0.200000    0.358110   -0.158110 (VIOLATED)
mprj/gpio_holdover[32]                  0.200000    0.357860   -0.157860 (VIOLATED)
mprj/gpio_analog_sel[0]                 0.200000    0.357532   -0.157532 (VIOLATED)
mprj/gpio_analog_sel[1]                 0.200000    0.355166   -0.155165 (VIOLATED)
mprj/gpio_inp_dis[5]                    0.200000    0.355117   -0.155117 (VIOLATED)
mprj/gpio_slow_sel[25]                  0.200000    0.351730   -0.151730 (VIOLATED)
mprj/gpio_dm2[20]                       0.200000    0.350703   -0.150703 (VIOLATED)
mprj/gpio_inp_dis[1]                    0.200000    0.350083   -0.150083 (VIOLATED)
mprj/gpio_dm0[6]                        0.200000    0.349504   -0.149504 (VIOLATED)
mprj/gpio_analog_en[40]                 0.200000    0.348401   -0.148401 (VIOLATED)
mprj/gpio_dm0[43]                       0.200000    0.347697   -0.147697 (VIOLATED)
mprj/gpio_inp_dis[43]                   0.200000    0.347531   -0.147531 (VIOLATED)
mprj/gpio_vtrip_sel[26]                 0.200000    0.347527   -0.147527 (VIOLATED)
mprj/gpio_out[31]                       0.200000    0.347446   -0.147446 (VIOLATED)
mprj/gpio_slow_sel[23]                  0.200000    0.347211   -0.147211 (VIOLATED)
mprj/gpio_slow_sel[22]                  0.200000    0.346916   -0.146916 (VIOLATED)
mprj/gpio_out[26]                       0.200000    0.346739   -0.146739 (VIOLATED)
mprj/gpio_analog_pol[26]                0.200000    0.345378   -0.145378 (VIOLATED)
mprj/gpio_dm2[2]                        0.200000    0.344706   -0.144706 (VIOLATED)
mprj/gpio_oeb[43]                       0.200000    0.344195   -0.144195 (VIOLATED)
mprj/gpio_oeb[40]                       0.200000    0.343236   -0.143236 (VIOLATED)
mprj/gpio_out[29]                       0.200000    0.342920   -0.142920 (VIOLATED)
gpio_in[31]                             0.200000    0.341354   -0.141354 (VIOLATED)
mprj/gpio_analog_sel[41]                0.200000    0.338379   -0.138379 (VIOLATED)
mprj/gpio_slow_sel[41]                  0.200000    0.338153   -0.138153 (VIOLATED)
mprj/gpio_analog_en[30]                 0.200000    0.337855   -0.137855 (VIOLATED)
mprj/gpio_dm2[29]                       0.200000    0.336786   -0.136786 (VIOLATED)
mprj/gpio_slow_sel[26]                  0.200000    0.335766   -0.135766 (VIOLATED)
gpio_in[2]                              0.200000    0.333439   -0.133439 (VIOLATED)
mprj/gpio_holdover[0]                   0.200000    0.332939   -0.132939 (VIOLATED)
mprj/gpio_dm2[43]                       0.200000    0.332669   -0.132669 (VIOLATED)
mprj/gpio_oeb[4]                        0.200000    0.331863   -0.131863 (VIOLATED)
mprj/gpio_out[30]                       0.200000    0.331289   -0.131289 (VIOLATED)
mprj/gpio_vtrip_sel[31]                 0.200000    0.331127   -0.131127 (VIOLATED)
mprj/gpio_vtrip_sel[27]                 0.200000    0.330111   -0.130111 (VIOLATED)
mprj/gpio_analog_sel[5]                 0.200000    0.329665   -0.129665 (VIOLATED)
mprj/gpio_oeb[41]                       0.200000    0.329502   -0.129502 (VIOLATED)
mprj/gpio_analog_sel[42]                0.200000    0.328828   -0.128828 (VIOLATED)
mprj/gpio_dm0[2]                        0.200000    0.328755   -0.128755 (VIOLATED)
mprj/gpio_out[25]                       0.200000    0.328597   -0.128597 (VIOLATED)
mprj/gpio_slow_sel[5]                   0.200000    0.328302   -0.128302 (VIOLATED)
mprj/gpio_dm0[32]                       0.200000    0.328010   -0.128010 (VIOLATED)
mprj/gpio_vtrip_sel[29]                 0.200000    0.327688   -0.127688 (VIOLATED)
mprj/gpio_ib_mode_sel[32]               0.200000    0.325999   -0.125999 (VIOLATED)
mprj/gpio_analog_pol[5]                 0.200000    0.324854   -0.124854 (VIOLATED)
mprj/gpio_holdover[3]                   0.200000    0.324021   -0.124021 (VIOLATED)
mprj/gpio_analog_pol[3]                 0.200000    0.321123   -0.121123 (VIOLATED)
mprj/gpio_dm0[0]                        0.200000    0.320979   -0.120979 (VIOLATED)
mprj/gpio_ib_mode_sel[4]                0.200000    0.320923   -0.120923 (VIOLATED)
mprj/gpio_holdover[43]                  0.200000    0.320784   -0.120784 (VIOLATED)
mprj/gpio_inp_dis[41]                   0.200000    0.320466   -0.120466 (VIOLATED)
mprj/gpio_ib_mode_sel[30]               0.200000    0.319238   -0.119238 (VIOLATED)
mprj/gpio_analog_sel[43]                0.200000    0.317745   -0.117745 (VIOLATED)
mprj/gpio_inp_dis[2]                    0.200000    0.313556   -0.113556 (VIOLATED)
gpio_in[0]                              0.200000    0.313114   -0.113114 (VIOLATED)
mprj/gpio_ib_mode_sel[42]               0.200000    0.312952   -0.112952 (VIOLATED)
mprj/gpio_oeb[42]                       0.200000    0.310285   -0.110285 (VIOLATED)
mprj/gpio_slow_sel[39]                  0.200000    0.309938   -0.109938 (VIOLATED)
mprj/gpio_analog_pol[4]                 0.200000    0.309340   -0.109340 (VIOLATED)
mprj/gpio_ib_mode_sel[31]               0.200000    0.306481   -0.106481 (VIOLATED)
mprj/gpio_dm0[29]                       0.200000    0.304541   -0.104541 (VIOLATED)
mprj/gpio_analog_en[41]                 0.200000    0.303700   -0.103700 (VIOLATED)
mprj/gpio_vtrip_sel[41]                 0.200000    0.302116   -0.102116 (VIOLATED)
mprj/gpio_oeb[29]                       0.200000    0.300931   -0.100931 (VIOLATED)
mprj/gpio_dm1[2]                        0.200000    0.300438   -0.100438 (VIOLATED)
mprj/gpio_analog_en[43]                 0.200000    0.299612   -0.099612 (VIOLATED)
mprj/gpio_oeb[25]                       0.200000    0.298436   -0.098436 (VIOLATED)
mprj/gpio_slow_sel[27]                  0.200000    0.297905   -0.097905 (VIOLATED)
mprj/gpio_analog_pol[31]                0.200000    0.296638   -0.096638 (VIOLATED)
mprj/gpio_out[41]                       0.200000    0.296469   -0.096469 (VIOLATED)
mprj/gpio_out[33]                       0.200000    0.296217   -0.096217 (VIOLATED)
mprj/gpio_dm2[31]                       0.200000    0.295440   -0.095440 (VIOLATED)
mprj/gpio_inp_dis[31]                   0.200000    0.295073   -0.095073 (VIOLATED)
mprj/gpio_ib_mode_sel[37]               0.200000    0.293276   -0.093276 (VIOLATED)
mprj/gpio_vtrip_sel[43]                 0.200000    0.289202   -0.089202 (VIOLATED)
mprj/gpio_dm2[35]                       0.200000    0.289019   -0.089019 (VIOLATED)
mprj/gpio_dm0[42]                       0.200000    0.288136   -0.088136 (VIOLATED)
gpio_in[1]                              0.200000    0.284335   -0.084335 (VIOLATED)
mprj/gpio_dm2[33]                       0.200000    0.283588   -0.083588 (VIOLATED)
mprj/gpio_dm2[30]                       0.200000    0.282960   -0.082960 (VIOLATED)
mprj/gpio_slow_sel[43]                  0.200000    0.282152   -0.082152 (VIOLATED)
mprj/gpio_holdover[41]                  0.200000    0.282009   -0.082009 (VIOLATED)
mprj/gpio_analog_sel[32]                0.200000    0.281061   -0.081061 (VIOLATED)
mprj/gpio_oeb[26]                       0.200000    0.276442   -0.076442 (VIOLATED)
mprj/gpio_analog_pol[42]                0.200000    0.274986   -0.074986 (VIOLATED)
mprj/gpio_dm1[32]                       0.200000    0.273698   -0.073698 (VIOLATED)
mprj/gpio_out[32]                       0.200000    0.273626   -0.073626 (VIOLATED)
mprj/gpio_dm1[31]                       0.200000    0.273082   -0.073082 (VIOLATED)
mprj/gpio_analog_pol[32]                0.200000    0.272978   -0.072978 (VIOLATED)
mprj/gpio_out[40]                       0.200000    0.271762   -0.071762 (VIOLATED)
mprj/gpio_analog_pol[43]                0.200000    0.264979   -0.064979 (VIOLATED)
mprj/gpio_dm2[36]                       0.200000    0.264873   -0.064873 (VIOLATED)
mprj/gpio_vtrip_sel[30]                 0.200000    0.263094   -0.063094 (VIOLATED)
mprj/gpio_slow_sel[28]                  0.200000    0.261242   -0.061242 (VIOLATED)
mprj/gpio_vtrip_sel[35]                 0.200000    0.260094   -0.060094 (VIOLATED)
mprj/gpio_slow_sel[29]                  0.200000    0.258109   -0.058109 (VIOLATED)
mprj/gpio_inp_dis[33]                   0.200000    0.257451   -0.057451 (VIOLATED)
mprj/gpio_dm2[42]                       0.200000    0.256956   -0.056956 (VIOLATED)
gpio_in[32]                             0.200000    0.254965   -0.054965 (VIOLATED)
mprj/gpio_vtrip_sel[34]                 0.200000    0.253842   -0.053842 (VIOLATED)
mprj/gpio_inp_dis[30]                   0.200000    0.253101   -0.053101 (VIOLATED)
mprj/gpio_inp_dis[35]                   0.200000    0.252603   -0.052603 (VIOLATED)
mprj/gpio_vtrip_sel[33]                 0.200000    0.252116   -0.052116 (VIOLATED)
mprj/gpio_dm1[35]                       0.200000    0.251844   -0.051844 (VIOLATED)
mprj/gpio_analog_pol[34]                0.200000    0.251500   -0.051500 (VIOLATED)
mprj/gpio_analog_en[31]                 0.200000    0.248403   -0.048403 (VIOLATED)
mprj/gpio_slow_sel[37]                  0.200000    0.246194   -0.046194 (VIOLATED)
mprj/gpio_analog_en[32]                 0.200000    0.245986   -0.045986 (VIOLATED)
mprj/gpio_inp_dis[40]                   0.200000    0.244118   -0.044118 (VIOLATED)
mprj/gpio_out[42]                       0.200000    0.243395   -0.043395 (VIOLATED)
mprj/gpio_slow_sel[42]                  0.200000    0.242304   -0.042304 (VIOLATED)
mprj/gpio_dm2[32]                       0.200000    0.241884   -0.041884 (VIOLATED)
mprj/gpio_dm1[33]                       0.200000    0.240797   -0.040797 (VIOLATED)
mprj/gpio_analog_sel[35]                0.200000    0.238672   -0.038672 (VIOLATED)
mprj/gpio_ib_mode_sel[41]               0.200000    0.237757   -0.037757 (VIOLATED)
mprj/gpio_vtrip_sel[39]                 0.200000    0.236415   -0.036415 (VIOLATED)
gpio_in[33]                             0.200000    0.236287   -0.036287 (VIOLATED)
mprj/gpio_dm0[33]                       0.200000    0.235712   -0.035712 (VIOLATED)
gpio_in[38]                             0.200000    0.234605   -0.034605 (VIOLATED)
mprj/gpio_analog_en[35]                 0.200000    0.232374   -0.032374 (VIOLATED)
mprj/gpio_analog_en[33]                 0.200000    0.232148   -0.032148 (VIOLATED)
mprj/gpio_dm2[40]                       0.200000    0.232017   -0.032017 (VIOLATED)
mprj/gpio_oeb[28]                       0.200000    0.228993   -0.028993 (VIOLATED)
mprj/gpio_slow_sel[30]                  0.200000    0.228264   -0.028264 (VIOLATED)
mprj/gpio_oeb[31]                       0.200000    0.224574   -0.024574 (VIOLATED)
gpio_in[35]                             0.200000    0.222016   -0.022016 (VIOLATED)
mprj/gpio_analog_sel[40]                0.200000    0.219668   -0.019668 (VIOLATED)
mprj/gpio_oeb[36]                       0.200000    0.217544   -0.017544 (VIOLATED)
mprj/gpio_slow_sel[35]                  0.200000    0.217308   -0.017308 (VIOLATED)
mprj/gpio_holdover[33]                  0.200000    0.216960   -0.016960 (VIOLATED)
mprj/gpio_analog_sel[33]                0.200000    0.216189   -0.016189 (VIOLATED)
mprj/gpio_ib_mode_sel[35]               0.200000    0.216129   -0.016129 (VIOLATED)
gpio_in[34]                             0.200000    0.215073   -0.015073 (VIOLATED)
mprj/gpio_analog_pol[33]                0.200000    0.212714   -0.012714 (VIOLATED)
mprj/gpio_vtrip_sel[40]                 0.200000    0.212345   -0.012345 (VIOLATED)
mprj/gpio_inp_dis[34]                   0.200000    0.211619   -0.011619 (VIOLATED)
mprj/gpio_oeb[30]                       0.200000    0.211171   -0.011171 (VIOLATED)
mprj/gpio_inp_dis[32]                   0.200000    0.210947   -0.010947 (VIOLATED)
mprj/gpio_holdover[38]                  0.200000    0.210796   -0.010796 (VIOLATED)
mprj/gpio_holdover[35]                  0.200000    0.209055   -0.009055 (VIOLATED)
mprj/gpio_analog_en[39]                 0.200000    0.207437   -0.007437 (VIOLATED)
mprj/gpio_dm0[34]                       0.200000    0.207151   -0.007151 (VIOLATED)
mprj/gpio_ib_mode_sel[33]               0.200000    0.207041   -0.007041 (VIOLATED)
gpio_in[36]                             0.200000    0.205386   -0.005386 (VIOLATED)
gpio_in[43]                             0.200000    0.204490   -0.004490 (VIOLATED)
mprj/gpio_slow_sel[31]                  0.200000    0.202875   -0.002875 (VIOLATED)



===========================================================================
report_parasitic_annotation -report_unannotated
============================================================================
Found 256 unannotated drivers.
 analog_io[0]
 analog_io[10]
 analog_io[11]
 analog_io[12]
 analog_io[13]
 analog_io[14]
 analog_io[15]
 analog_io[16]
 analog_io[17]
 analog_io[18]
 analog_io[19]
 analog_io[1]
 analog_io[20]
 analog_io[21]
 analog_io[22]
 analog_io[23]
 analog_io[24]
 analog_io[25]
 analog_io[26]
 analog_io[27]
 analog_io[28]
 analog_io[29]
 analog_io[2]
 analog_io[30]
 analog_io[31]
 analog_io[32]
 analog_io[33]
 analog_io[34]
 analog_io[35]
 analog_io[36]
 analog_io[37]
 analog_io[38]
 analog_io[39]
 analog_io[3]
 analog_io[40]
 analog_io[41]
 analog_io[42]
 analog_io[43]
 analog_io[4]
 analog_io[5]
 analog_io[6]
 analog_io[7]
 analog_io[8]
 analog_io[9]
 analog_noesd_io[0]
 analog_noesd_io[10]
 analog_noesd_io[11]
 analog_noesd_io[12]
 analog_noesd_io[13]
 analog_noesd_io[14]
 analog_noesd_io[15]
 analog_noesd_io[16]
 analog_noesd_io[17]
 analog_noesd_io[18]
 analog_noesd_io[19]
 analog_noesd_io[1]
 analog_noesd_io[20]
 analog_noesd_io[21]
 analog_noesd_io[22]
 analog_noesd_io[23]
 analog_noesd_io[24]
 analog_noesd_io[25]
 analog_noesd_io[26]
 analog_noesd_io[27]
 analog_noesd_io[28]
 analog_noesd_io[29]
 analog_noesd_io[2]
 analog_noesd_io[30]
 analog_noesd_io[31]
 analog_noesd_io[32]
 analog_noesd_io[33]
 analog_noesd_io[34]
 analog_noesd_io[35]
 analog_noesd_io[36]
 analog_noesd_io[37]
 analog_noesd_io[38]
 analog_noesd_io[39]
 analog_noesd_io[3]
 analog_noesd_io[40]
 analog_noesd_io[41]
 analog_noesd_io[42]
 analog_noesd_io[43]
 analog_noesd_io[4]
 analog_noesd_io[5]
 analog_noesd_io[6]
 analog_noesd_io[7]
 analog_noesd_io[8]
 analog_noesd_io[9]
 gpio_in_h[0]
 gpio_in_h[10]
 gpio_in_h[11]
 gpio_in_h[12]
 gpio_in_h[13]
 gpio_in_h[14]
 gpio_in_h[15]
 gpio_in_h[16]
 gpio_in_h[17]
 gpio_in_h[18]
 gpio_in_h[19]
 gpio_in_h[1]
 gpio_in_h[20]
 gpio_in_h[21]
 gpio_in_h[22]
 gpio_in_h[23]
 gpio_in_h[24]
 gpio_in_h[25]
 gpio_in_h[26]
 gpio_in_h[27]
 gpio_in_h[28]
 gpio_in_h[29]
 gpio_in_h[2]
 gpio_in_h[30]
 gpio_in_h[31]
 gpio_in_h[32]
 gpio_in_h[33]
 gpio_in_h[34]
 gpio_in_h[35]
 gpio_in_h[36]
 gpio_in_h[37]
 gpio_in_h[38]
 gpio_in_h[39]
 gpio_in_h[3]
 gpio_in_h[40]
 gpio_in_h[41]
 gpio_in_h[42]
 gpio_in_h[43]
 gpio_in_h[4]
 gpio_in_h[5]
 gpio_in_h[6]
 gpio_in_h[7]
 gpio_in_h[8]
 gpio_in_h[9]
 gpio_loopback_one[0]
 gpio_loopback_one[10]
 gpio_loopback_one[11]
 gpio_loopback_one[12]
 gpio_loopback_one[13]
 gpio_loopback_one[14]
 gpio_loopback_one[15]
 gpio_loopback_one[16]
 gpio_loopback_one[17]
 gpio_loopback_one[18]
 gpio_loopback_one[19]
 gpio_loopback_one[1]
 gpio_loopback_one[20]
 gpio_loopback_one[21]
 gpio_loopback_one[22]
 gpio_loopback_one[23]
 gpio_loopback_one[24]
 gpio_loopback_one[25]
 gpio_loopback_one[26]
 gpio_loopback_one[27]
 gpio_loopback_one[28]
 gpio_loopback_one[29]
 gpio_loopback_one[2]
 gpio_loopback_one[30]
 gpio_loopback_one[31]
 gpio_loopback_one[32]
 gpio_loopback_one[33]
 gpio_loopback_one[34]
 gpio_loopback_one[35]
 gpio_loopback_one[36]
 gpio_loopback_one[37]
 gpio_loopback_one[38]
 gpio_loopback_one[39]
 gpio_loopback_one[3]
 gpio_loopback_one[40]
 gpio_loopback_one[41]
 gpio_loopback_one[42]
 gpio_loopback_one[43]
 gpio_loopback_one[4]
 gpio_loopback_one[5]
 gpio_loopback_one[6]
 gpio_loopback_one[7]
 gpio_loopback_one[8]
 gpio_loopback_one[9]
 gpio_loopback_zero[0]
 gpio_loopback_zero[10]
 gpio_loopback_zero[11]
 gpio_loopback_zero[12]
 gpio_loopback_zero[13]
 gpio_loopback_zero[14]
 gpio_loopback_zero[15]
 gpio_loopback_zero[16]
 gpio_loopback_zero[17]
 gpio_loopback_zero[18]
 gpio_loopback_zero[19]
 gpio_loopback_zero[1]
 gpio_loopback_zero[20]
 gpio_loopback_zero[21]
 gpio_loopback_zero[22]
 gpio_loopback_zero[23]
 gpio_loopback_zero[24]
 gpio_loopback_zero[25]
 gpio_loopback_zero[26]
 gpio_loopback_zero[27]
 gpio_loopback_zero[28]
 gpio_loopback_zero[29]
 gpio_loopback_zero[2]
 gpio_loopback_zero[30]
 gpio_loopback_zero[31]
 gpio_loopback_zero[32]
 gpio_loopback_zero[33]
 gpio_loopback_zero[34]
 gpio_loopback_zero[35]
 gpio_loopback_zero[36]
 gpio_loopback_zero[37]
 gpio_loopback_zero[38]
 gpio_loopback_zero[39]
 gpio_loopback_zero[3]
 gpio_loopback_zero[40]
 gpio_loopback_zero[41]
 gpio_loopback_zero[42]
 gpio_loopback_zero[43]
 gpio_loopback_zero[4]
 gpio_loopback_zero[5]
 gpio_loopback_zero[6]
 gpio_loopback_zero[7]
 gpio_loopback_zero[8]
 gpio_loopback_zero[9]
 mask_rev[0]
 mask_rev[10]
 mask_rev[11]
 mask_rev[12]
 mask_rev[13]
 mask_rev[14]
 mask_rev[15]
 mask_rev[16]
 mask_rev[17]
 mask_rev[18]
 mask_rev[19]
 mask_rev[1]
 mask_rev[20]
 mask_rev[21]
 mask_rev[22]
 mask_rev[23]
 mask_rev[24]
 mask_rev[25]
 mask_rev[26]
 mask_rev[27]
 mask_rev[28]
 mask_rev[29]
 mask_rev[2]
 mask_rev[30]
 mask_rev[31]
 mask_rev[3]
 mask_rev[4]
 mask_rev[5]
 mask_rev[6]
 mask_rev[7]
 mask_rev[8]
 mask_rev[9]
 por_l
 porb_h
 porb_l
 resetb_h
Found 0 partially unannotated drivers.

===========================================================================
max slew violation count 350
max fanout violation count 0
max cap violation count 544
============================================================================

===========================================================================
check_setup -verbose -unconstrained_endpoints -multiple_clock -no_clock -no_input_delay -loops -generated_clocks
===========================================================================
Warning: There is 1 unclocked register/latch pin.
  mprj/gpio_in[38]
Warning: There are 657 unconstrained endpoints.
  analog_io[0]
  analog_io[10]
  analog_io[11]
  analog_io[12]
  analog_io[13]
  analog_io[14]
  analog_io[15]
  analog_io[16]
  analog_io[17]
  analog_io[18]
  analog_io[19]
  analog_io[1]
  analog_io[20]
  analog_io[21]
  analog_io[22]
  analog_io[23]
  analog_io[24]
  analog_io[25]
  analog_io[26]
  analog_io[27]
  analog_io[28]
  analog_io[29]
  analog_io[2]
  analog_io[30]
  analog_io[31]
  analog_io[32]
  analog_io[33]
  analog_io[34]
  analog_io[35]
  analog_io[36]
  analog_io[37]
  analog_io[38]
  analog_io[39]
  analog_io[3]
  analog_io[40]
  analog_io[41]
  analog_io[42]
  analog_io[43]
  analog_io[4]
  analog_io[5]
  analog_io[6]
  analog_io[7]
  analog_io[8]
  analog_io[9]
  analog_noesd_io[0]
  analog_noesd_io[10]
  analog_noesd_io[11]
  analog_noesd_io[12]
  analog_noesd_io[13]
  analog_noesd_io[14]
  analog_noesd_io[15]
  analog_noesd_io[16]
  analog_noesd_io[17]
  analog_noesd_io[18]
  analog_noesd_io[19]
  analog_noesd_io[1]
  analog_noesd_io[20]
  analog_noesd_io[21]
  analog_noesd_io[22]
  analog_noesd_io[23]
  analog_noesd_io[24]
  analog_noesd_io[25]
  analog_noesd_io[26]
  analog_noesd_io[27]
  analog_noesd_io[28]
  analog_noesd_io[29]
  analog_noesd_io[2]
  analog_noesd_io[30]
  analog_noesd_io[31]
  analog_noesd_io[32]
  analog_noesd_io[33]
  analog_noesd_io[34]
  analog_noesd_io[35]
  analog_noesd_io[36]
  analog_noesd_io[37]
  analog_noesd_io[38]
  analog_noesd_io[39]
  analog_noesd_io[3]
  analog_noesd_io[40]
  analog_noesd_io[41]
  analog_noesd_io[42]
  analog_noesd_io[43]
  analog_noesd_io[4]
  analog_noesd_io[5]
  analog_noesd_io[6]
  analog_noesd_io[7]
  analog_noesd_io[8]
  analog_noesd_io[9]
  gpio_analog_en[0]
  gpio_analog_en[10]
  gpio_analog_en[11]
  gpio_analog_en[12]
  gpio_analog_en[13]
  gpio_analog_en[14]
  gpio_analog_en[15]
  gpio_analog_en[16]
  gpio_analog_en[17]
  gpio_analog_en[18]
  gpio_analog_en[19]
  gpio_analog_en[1]
  gpio_analog_en[20]
  gpio_analog_en[21]
  gpio_analog_en[22]
  gpio_analog_en[23]
  gpio_analog_en[24]
  gpio_analog_en[25]
  gpio_analog_en[26]
  gpio_analog_en[27]
  gpio_analog_en[28]
  gpio_analog_en[29]
  gpio_analog_en[2]
  gpio_analog_en[30]
  gpio_analog_en[31]
  gpio_analog_en[32]
  gpio_analog_en[33]
  gpio_analog_en[34]
  gpio_analog_en[35]
  gpio_analog_en[36]
  gpio_analog_en[37]
  gpio_analog_en[38]
  gpio_analog_en[39]
  gpio_analog_en[3]
  gpio_analog_en[40]
  gpio_analog_en[41]
  gpio_analog_en[42]
  gpio_analog_en[43]
  gpio_analog_en[4]
  gpio_analog_en[5]
  gpio_analog_en[6]
  gpio_analog_en[7]
  gpio_analog_en[8]
  gpio_analog_en[9]
  gpio_analog_pol[0]
  gpio_analog_pol[10]
  gpio_analog_pol[11]
  gpio_analog_pol[12]
  gpio_analog_pol[13]
  gpio_analog_pol[14]
  gpio_analog_pol[15]
  gpio_analog_pol[16]
  gpio_analog_pol[17]
  gpio_analog_pol[18]
  gpio_analog_pol[19]
  gpio_analog_pol[1]
  gpio_analog_pol[20]
  gpio_analog_pol[21]
  gpio_analog_pol[22]
  gpio_analog_pol[23]
  gpio_analog_pol[24]
  gpio_analog_pol[25]
  gpio_analog_pol[26]
  gpio_analog_pol[27]
  gpio_analog_pol[28]
  gpio_analog_pol[29]
  gpio_analog_pol[2]
  gpio_analog_pol[30]
  gpio_analog_pol[31]
  gpio_analog_pol[32]
  gpio_analog_pol[33]
  gpio_analog_pol[34]
  gpio_analog_pol[35]
  gpio_analog_pol[36]
  gpio_analog_pol[37]
  gpio_analog_pol[38]
  gpio_analog_pol[39]
  gpio_analog_pol[3]
  gpio_analog_pol[40]
  gpio_analog_pol[41]
  gpio_analog_pol[42]
  gpio_analog_pol[43]
  gpio_analog_pol[4]
  gpio_analog_pol[5]
  gpio_analog_pol[6]
  gpio_analog_pol[7]
  gpio_analog_pol[8]
  gpio_analog_pol[9]
  gpio_analog_sel[0]
  gpio_analog_sel[10]
  gpio_analog_sel[11]
  gpio_analog_sel[12]
  gpio_analog_sel[13]
  gpio_analog_sel[14]
  gpio_analog_sel[15]
  gpio_analog_sel[16]
  gpio_analog_sel[17]
  gpio_analog_sel[18]
  gpio_analog_sel[19]
  gpio_analog_sel[1]
  gpio_analog_sel[20]
  gpio_analog_sel[21]
  gpio_analog_sel[22]
  gpio_analog_sel[23]
  gpio_analog_sel[24]
  gpio_analog_sel[25]
  gpio_analog_sel[26]
  gpio_analog_sel[27]
  gpio_analog_sel[28]
  gpio_analog_sel[29]
  gpio_analog_sel[2]
  gpio_analog_sel[30]
  gpio_analog_sel[31]
  gpio_analog_sel[32]
  gpio_analog_sel[33]
  gpio_analog_sel[34]
  gpio_analog_sel[35]
  gpio_analog_sel[36]
  gpio_analog_sel[37]
  gpio_analog_sel[38]
  gpio_analog_sel[39]
  gpio_analog_sel[3]
  gpio_analog_sel[40]
  gpio_analog_sel[41]
  gpio_analog_sel[42]
  gpio_analog_sel[43]
  gpio_analog_sel[4]
  gpio_analog_sel[5]
  gpio_analog_sel[6]
  gpio_analog_sel[7]
  gpio_analog_sel[8]
  gpio_analog_sel[9]
  gpio_dm0[0]
  gpio_dm0[10]
  gpio_dm0[11]
  gpio_dm0[12]
  gpio_dm0[13]
  gpio_dm0[14]
  gpio_dm0[15]
  gpio_dm0[16]
  gpio_dm0[17]
  gpio_dm0[18]
  gpio_dm0[19]
  gpio_dm0[1]
  gpio_dm0[20]
  gpio_dm0[21]
  gpio_dm0[22]
  gpio_dm0[23]
  gpio_dm0[24]
  gpio_dm0[25]
  gpio_dm0[26]
  gpio_dm0[27]
  gpio_dm0[28]
  gpio_dm0[29]
  gpio_dm0[2]
  gpio_dm0[30]
  gpio_dm0[31]
  gpio_dm0[32]
  gpio_dm0[33]
  gpio_dm0[34]
  gpio_dm0[35]
  gpio_dm0[36]
  gpio_dm0[37]
  gpio_dm0[38]
  gpio_dm0[39]
  gpio_dm0[3]
  gpio_dm0[40]
  gpio_dm0[41]
  gpio_dm0[42]
  gpio_dm0[43]
  gpio_dm0[4]
  gpio_dm0[5]
  gpio_dm0[6]
  gpio_dm0[7]
  gpio_dm0[8]
  gpio_dm0[9]
  gpio_dm1[0]
  gpio_dm1[10]
  gpio_dm1[11]
  gpio_dm1[12]
  gpio_dm1[13]
  gpio_dm1[14]
  gpio_dm1[15]
  gpio_dm1[16]
  gpio_dm1[17]
  gpio_dm1[18]
  gpio_dm1[19]
  gpio_dm1[1]
  gpio_dm1[20]
  gpio_dm1[21]
  gpio_dm1[22]
  gpio_dm1[23]
  gpio_dm1[24]
  gpio_dm1[25]
  gpio_dm1[26]
  gpio_dm1[27]
  gpio_dm1[28]
  gpio_dm1[29]
  gpio_dm1[2]
  gpio_dm1[30]
  gpio_dm1[31]
  gpio_dm1[32]
  gpio_dm1[33]
  gpio_dm1[34]
  gpio_dm1[35]
  gpio_dm1[36]
  gpio_dm1[37]
  gpio_dm1[38]
  gpio_dm1[39]
  gpio_dm1[3]
  gpio_dm1[40]
  gpio_dm1[41]
  gpio_dm1[42]
  gpio_dm1[43]
  gpio_dm1[4]
  gpio_dm1[5]
  gpio_dm1[6]
  gpio_dm1[7]
  gpio_dm1[8]
  gpio_dm1[9]
  gpio_dm2[0]
  gpio_dm2[10]
  gpio_dm2[11]
  gpio_dm2[12]
  gpio_dm2[13]
  gpio_dm2[14]
  gpio_dm2[15]
  gpio_dm2[16]
  gpio_dm2[17]
  gpio_dm2[18]
  gpio_dm2[19]
  gpio_dm2[1]
  gpio_dm2[20]
  gpio_dm2[21]
  gpio_dm2[22]
  gpio_dm2[23]
  gpio_dm2[24]
  gpio_dm2[25]
  gpio_dm2[26]
  gpio_dm2[27]
  gpio_dm2[28]
  gpio_dm2[29]
  gpio_dm2[2]
  gpio_dm2[30]
  gpio_dm2[31]
  gpio_dm2[32]
  gpio_dm2[33]
  gpio_dm2[34]
  gpio_dm2[35]
  gpio_dm2[36]
  gpio_dm2[37]
  gpio_dm2[38]
  gpio_dm2[39]
  gpio_dm2[3]
  gpio_dm2[40]
  gpio_dm2[41]
  gpio_dm2[42]
  gpio_dm2[43]
  gpio_dm2[4]
  gpio_dm2[5]
  gpio_dm2[6]
  gpio_dm2[7]
  gpio_dm2[8]
  gpio_dm2[9]
  gpio_holdover[0]
  gpio_holdover[10]
  gpio_holdover[11]
  gpio_holdover[12]
  gpio_holdover[13]
  gpio_holdover[14]
  gpio_holdover[15]
  gpio_holdover[16]
  gpio_holdover[17]
  gpio_holdover[18]
  gpio_holdover[19]
  gpio_holdover[1]
  gpio_holdover[20]
  gpio_holdover[21]
  gpio_holdover[22]
  gpio_holdover[23]
  gpio_holdover[24]
  gpio_holdover[25]
  gpio_holdover[26]
  gpio_holdover[27]
  gpio_holdover[28]
  gpio_holdover[29]
  gpio_holdover[2]
  gpio_holdover[30]
  gpio_holdover[31]
  gpio_holdover[32]
  gpio_holdover[33]
  gpio_holdover[34]
  gpio_holdover[35]
  gpio_holdover[36]
  gpio_holdover[37]
  gpio_holdover[38]
  gpio_holdover[39]
  gpio_holdover[3]
  gpio_holdover[40]
  gpio_holdover[41]
  gpio_holdover[42]
  gpio_holdover[43]
  gpio_holdover[4]
  gpio_holdover[5]
  gpio_holdover[6]
  gpio_holdover[7]
  gpio_holdover[8]
  gpio_holdover[9]
  gpio_ib_mode_sel[0]
  gpio_ib_mode_sel[10]
  gpio_ib_mode_sel[11]
  gpio_ib_mode_sel[12]
  gpio_ib_mode_sel[13]
  gpio_ib_mode_sel[14]
  gpio_ib_mode_sel[15]
  gpio_ib_mode_sel[16]
  gpio_ib_mode_sel[17]
  gpio_ib_mode_sel[18]
  gpio_ib_mode_sel[19]
  gpio_ib_mode_sel[1]
  gpio_ib_mode_sel[20]
  gpio_ib_mode_sel[21]
  gpio_ib_mode_sel[22]
  gpio_ib_mode_sel[23]
  gpio_ib_mode_sel[24]
  gpio_ib_mode_sel[25]
  gpio_ib_mode_sel[26]
  gpio_ib_mode_sel[27]
  gpio_ib_mode_sel[28]
  gpio_ib_mode_sel[29]
  gpio_ib_mode_sel[2]
  gpio_ib_mode_sel[30]
  gpio_ib_mode_sel[31]
  gpio_ib_mode_sel[32]
  gpio_ib_mode_sel[33]
  gpio_ib_mode_sel[34]
  gpio_ib_mode_sel[35]
  gpio_ib_mode_sel[36]
  gpio_ib_mode_sel[37]
  gpio_ib_mode_sel[38]
  gpio_ib_mode_sel[39]
  gpio_ib_mode_sel[3]
  gpio_ib_mode_sel[40]
  gpio_ib_mode_sel[41]
  gpio_ib_mode_sel[42]
  gpio_ib_mode_sel[43]
  gpio_ib_mode_sel[4]
  gpio_ib_mode_sel[5]
  gpio_ib_mode_sel[6]
  gpio_ib_mode_sel[7]
  gpio_ib_mode_sel[8]
  gpio_ib_mode_sel[9]
  gpio_inp_dis[0]
  gpio_inp_dis[10]
  gpio_inp_dis[11]
  gpio_inp_dis[12]
  gpio_inp_dis[13]
  gpio_inp_dis[14]
  gpio_inp_dis[15]
  gpio_inp_dis[16]
  gpio_inp_dis[17]
  gpio_inp_dis[18]
  gpio_inp_dis[19]
  gpio_inp_dis[1]
  gpio_inp_dis[20]
  gpio_inp_dis[21]
  gpio_inp_dis[22]
  gpio_inp_dis[23]
  gpio_inp_dis[24]
  gpio_inp_dis[25]
  gpio_inp_dis[26]
  gpio_inp_dis[27]
  gpio_inp_dis[28]
  gpio_inp_dis[29]
  gpio_inp_dis[2]
  gpio_inp_dis[30]
  gpio_inp_dis[31]
  gpio_inp_dis[32]
  gpio_inp_dis[33]
  gpio_inp_dis[34]
  gpio_inp_dis[35]
  gpio_inp_dis[36]
  gpio_inp_dis[37]
  gpio_inp_dis[38]
  gpio_inp_dis[39]
  gpio_inp_dis[3]
  gpio_inp_dis[40]
  gpio_inp_dis[41]
  gpio_inp_dis[42]
  gpio_inp_dis[43]
  gpio_inp_dis[4]
  gpio_inp_dis[5]
  gpio_inp_dis[6]
  gpio_inp_dis[7]
  gpio_inp_dis[8]
  gpio_inp_dis[9]
  gpio_oeb[0]
  gpio_oeb[10]
  gpio_oeb[11]
  gpio_oeb[12]
  gpio_oeb[13]
  gpio_oeb[14]
  gpio_oeb[15]
  gpio_oeb[16]
  gpio_oeb[17]
  gpio_oeb[1]
  gpio_oeb[22]
  gpio_oeb[23]
  gpio_oeb[24]
  gpio_oeb[25]
  gpio_oeb[26]
  gpio_oeb[27]
  gpio_oeb[28]
  gpio_oeb[29]
  gpio_oeb[2]
  gpio_oeb[30]
  gpio_oeb[31]
  gpio_oeb[32]
  gpio_oeb[33]
  gpio_oeb[34]
  gpio_oeb[35]
  gpio_oeb[36]
  gpio_oeb[37]
  gpio_oeb[38]
  gpio_oeb[39]
  gpio_oeb[3]
  gpio_oeb[40]
  gpio_oeb[41]
  gpio_oeb[42]
  gpio_oeb[43]
  gpio_oeb[4]
  gpio_oeb[5]
  gpio_oeb[6]
  gpio_oeb[7]
  gpio_oeb[8]
  gpio_oeb[9]
  gpio_out[0]
  gpio_out[10]
  gpio_out[11]
  gpio_out[12]
  gpio_out[13]
  gpio_out[14]
  gpio_out[15]
  gpio_out[16]
  gpio_out[17]
  gpio_out[18]
  gpio_out[19]
  gpio_out[1]
  gpio_out[20]
  gpio_out[21]
  gpio_out[22]
  gpio_out[23]
  gpio_out[24]
  gpio_out[25]
  gpio_out[26]
  gpio_out[27]
  gpio_out[28]
  gpio_out[29]
  gpio_out[2]
  gpio_out[30]
  gpio_out[31]
  gpio_out[32]
  gpio_out[33]
  gpio_out[34]
  gpio_out[35]
  gpio_out[36]
  gpio_out[37]
  gpio_out[38]
  gpio_out[39]
  gpio_out[3]
  gpio_out[40]
  gpio_out[41]
  gpio_out[42]
  gpio_out[43]
  gpio_out[4]
  gpio_out[5]
  gpio_out[6]
  gpio_out[7]
  gpio_out[8]
  gpio_out[9]
  gpio_slow_sel[0]
  gpio_slow_sel[10]
  gpio_slow_sel[11]
  gpio_slow_sel[12]
  gpio_slow_sel[13]
  gpio_slow_sel[14]
  gpio_slow_sel[15]
  gpio_slow_sel[16]
  gpio_slow_sel[17]
  gpio_slow_sel[18]
  gpio_slow_sel[19]
  gpio_slow_sel[1]
  gpio_slow_sel[20]
  gpio_slow_sel[21]
  gpio_slow_sel[22]
  gpio_slow_sel[23]
  gpio_slow_sel[24]
  gpio_slow_sel[25]
  gpio_slow_sel[26]
  gpio_slow_sel[27]
  gpio_slow_sel[28]
  gpio_slow_sel[29]
  gpio_slow_sel[2]
  gpio_slow_sel[30]
  gpio_slow_sel[31]
  gpio_slow_sel[32]
  gpio_slow_sel[33]
  gpio_slow_sel[34]
  gpio_slow_sel[35]
  gpio_slow_sel[36]
  gpio_slow_sel[37]
  gpio_slow_sel[38]
  gpio_slow_sel[39]
  gpio_slow_sel[3]
  gpio_slow_sel[40]
  gpio_slow_sel[41]
  gpio_slow_sel[42]
  gpio_slow_sel[43]
  gpio_slow_sel[4]
  gpio_slow_sel[5]
  gpio_slow_sel[6]
  gpio_slow_sel[7]
  gpio_slow_sel[8]
  gpio_slow_sel[9]
  gpio_vtrip_sel[0]
  gpio_vtrip_sel[10]
  gpio_vtrip_sel[11]
  gpio_vtrip_sel[12]
  gpio_vtrip_sel[13]
  gpio_vtrip_sel[14]
  gpio_vtrip_sel[15]
  gpio_vtrip_sel[16]
  gpio_vtrip_sel[17]
  gpio_vtrip_sel[18]
  gpio_vtrip_sel[19]
  gpio_vtrip_sel[1]
  gpio_vtrip_sel[20]
  gpio_vtrip_sel[21]
  gpio_vtrip_sel[22]
  gpio_vtrip_sel[23]
  gpio_vtrip_sel[24]
  gpio_vtrip_sel[25]
  gpio_vtrip_sel[26]
  gpio_vtrip_sel[27]
  gpio_vtrip_sel[28]
  gpio_vtrip_sel[29]
  gpio_vtrip_sel[2]
  gpio_vtrip_sel[30]
  gpio_vtrip_sel[31]
  gpio_vtrip_sel[32]
  gpio_vtrip_sel[33]
  gpio_vtrip_sel[34]
  gpio_vtrip_sel[35]
  gpio_vtrip_sel[36]
  gpio_vtrip_sel[37]
  gpio_vtrip_sel[38]
  gpio_vtrip_sel[39]
  gpio_vtrip_sel[3]
  gpio_vtrip_sel[40]
  gpio_vtrip_sel[41]
  gpio_vtrip_sel[42]
  gpio_vtrip_sel[43]
  gpio_vtrip_sel[4]
  gpio_vtrip_sel[5]
  gpio_vtrip_sel[6]
  gpio_vtrip_sel[7]
  gpio_vtrip_sel[8]
  gpio_vtrip_sel[9]
  mprj/resetb_l
