
===========================================================================
report_checks -path_delay min (Hold)
============================================================================
======================= min_ss_100C_1v60 Corner ===================================

Startpoint: gpio_in[0] (input port clocked by __VIRTUAL_CLK__)
Endpoint: gpio_oeb[20] (output port clocked by __VIRTUAL_CLK__)
Path Group: __VIRTUAL_CLK__
Path Type: min

Fanout         Cap        Slew       Delay        Time   Description
---------------------------------------------------------------------------------------------
                      0.000000    0.000000    0.000000   clock __VIRTUAL_CLK__ (rise edge)
                                  0.000000    0.000000   clock network delay (ideal)
                                  2.000000    2.000000 ^ input external delay
     1    0.313114    2.215555    1.598874    3.598874 ^ gpio_in[0] (in)
                                                         gpio_in[0] (net)
                      2.217815    0.000000    3.598874 ^ mprj/gpio_in[0] (counter_gpio_config_example)
     1    0.597555    1.336789    1.517576    5.116450 v mprj/gpio_oeb[20] (counter_gpio_config_example)
                                                         gpio_oeb[20] (net)
                      1.394177    0.216867    5.333317 v gpio_oeb[20] (out)
                                              5.333317   data arrival time

                      0.000000    0.000000    0.000000   clock __VIRTUAL_CLK__ (rise edge)
                                  0.000000    0.000000   clock network delay (ideal)
                                  0.250000    0.250000   clock uncertainty
                                  0.000000    0.250000   clock reconvergence pessimism
                                 -2.000000   -1.750000   output external delay
                                             -1.750000   data required time
---------------------------------------------------------------------------------------------
                                             -1.750000   data required time
                                             -5.333317   data arrival time
---------------------------------------------------------------------------------------------
                                              7.083317   slack (MET)


Startpoint: gpio_in[0] (input port clocked by __VIRTUAL_CLK__)
Endpoint: gpio_oeb[19] (output port clocked by __VIRTUAL_CLK__)
Path Group: __VIRTUAL_CLK__
Path Type: min

Fanout         Cap        Slew       Delay        Time   Description
---------------------------------------------------------------------------------------------
                      0.000000    0.000000    0.000000   clock __VIRTUAL_CLK__ (rise edge)
                                  0.000000    0.000000   clock network delay (ideal)
                                  2.000000    2.000000 ^ input external delay
     1    0.313114    2.215555    1.598874    3.598874 ^ gpio_in[0] (in)
                                                         gpio_in[0] (net)
                      2.217815    0.000000    3.598874 ^ mprj/gpio_in[0] (counter_gpio_config_example)
     1    0.628576    1.257485    1.336596    4.935470 v mprj/gpio_oeb[19] (counter_gpio_config_example)
                                                         gpio_oeb[19] (net)
                      2.007483    0.783140    5.718610 v gpio_oeb[19] (out)
                                              5.718610   data arrival time

                      0.000000    0.000000    0.000000   clock __VIRTUAL_CLK__ (rise edge)
                                  0.000000    0.000000   clock network delay (ideal)
                                  0.250000    0.250000   clock uncertainty
                                  0.000000    0.250000   clock reconvergence pessimism
                                 -2.000000   -1.750000   output external delay
                                             -1.750000   data required time
---------------------------------------------------------------------------------------------
                                             -1.750000   data required time
                                             -5.718610   data arrival time
---------------------------------------------------------------------------------------------
                                              7.468610   slack (MET)


Startpoint: gpio_in[0] (input port clocked by __VIRTUAL_CLK__)
Endpoint: gpio_oeb[18] (output port clocked by __VIRTUAL_CLK__)
Path Group: __VIRTUAL_CLK__
Path Type: min

Fanout         Cap        Slew       Delay        Time   Description
---------------------------------------------------------------------------------------------
                      0.000000    0.000000    0.000000   clock __VIRTUAL_CLK__ (rise edge)
                                  0.000000    0.000000   clock network delay (ideal)
                                  2.000000    2.000000 ^ input external delay
     1    0.313114    2.215555    1.598874    3.598874 ^ gpio_in[0] (in)
                                                         gpio_in[0] (net)
                      2.217815    0.000000    3.598874 ^ mprj/gpio_in[0] (counter_gpio_config_example)
     1    0.620657    1.211703    1.102751    4.701625 v mprj/gpio_oeb[18] (counter_gpio_config_example)
                                                         gpio_oeb[18] (net)
                      2.570108    1.183841    5.885467 v gpio_oeb[18] (out)
                                              5.885467   data arrival time

                      0.000000    0.000000    0.000000   clock __VIRTUAL_CLK__ (rise edge)
                                  0.000000    0.000000   clock network delay (ideal)
                                  0.250000    0.250000   clock uncertainty
                                  0.000000    0.250000   clock reconvergence pessimism
                                 -2.000000   -1.750000   output external delay
                                             -1.750000   data required time
---------------------------------------------------------------------------------------------
                                             -1.750000   data required time
                                             -5.885467   data arrival time
---------------------------------------------------------------------------------------------
                                              7.635467   slack (MET)


Startpoint: gpio_in[0] (input port clocked by __VIRTUAL_CLK__)
Endpoint: gpio_oeb[21] (output port clocked by __VIRTUAL_CLK__)
Path Group: __VIRTUAL_CLK__
Path Type: min

Fanout         Cap        Slew       Delay        Time   Description
---------------------------------------------------------------------------------------------
                      0.000000    0.000000    0.000000   clock __VIRTUAL_CLK__ (rise edge)
                                  0.000000    0.000000   clock network delay (ideal)
                                  2.000000    2.000000 ^ input external delay
     1    0.313114    2.215555    1.598874    3.598874 ^ gpio_in[0] (in)
                                                         gpio_in[0] (net)
                      2.217815    0.000000    3.598874 ^ mprj/gpio_in[0] (counter_gpio_config_example)
     1    0.629412    0.949479    1.184269    4.783144 v mprj/gpio_oeb[21] (counter_gpio_config_example)
                                                         gpio_oeb[21] (net)
                      2.764497    1.266264    6.049408 v gpio_oeb[21] (out)
                                              6.049408   data arrival time

                      0.000000    0.000000    0.000000   clock __VIRTUAL_CLK__ (rise edge)
                                  0.000000    0.000000   clock network delay (ideal)
                                  0.250000    0.250000   clock uncertainty
                                  0.000000    0.250000   clock reconvergence pessimism
                                 -2.000000   -1.750000   output external delay
                                             -1.750000   data required time
---------------------------------------------------------------------------------------------
                                             -1.750000   data required time
                                             -6.049408   data arrival time
---------------------------------------------------------------------------------------------
                                              7.799407   slack (MET)



