Clock: gpio_in[38]
Sources: gpio_in[38] 
Generated: no
Virtual: yes
Propagated: no
Period: 25.000000

===========================================================================
report_clock_properties
============================================================================
Clock                   Period          Waveform
----------------------------------------------------
gpio_in[38]          25.000000    0.000000 12.500000

===========================================================================
report_clock_latency
============================================================================
Clock gpio_in[38]
rise -> rise
    min     max
0.000000 0.000000 source latency
0.741860         network latency _106_/CLK
        0.751915 network latency _100_/CLK
---------------
0.741860 0.751915 latency
        0.010054 skew

fall -> fall
    min     max
0.000000 0.000000 source latency
0.588282         network latency _106_/CLK
        0.595954 network latency _100_/CLK
---------------
0.588282 0.595954 latency
        0.007672 skew



===========================================================================
report_clock_min_period
============================================================================
gpio_in[38] period_min = 3.35 fmax = 298.10
