
===========================================================================
 report_power
============================================================================
======================= min_tt_025C_1v80 Corner ===================================

Group                    Internal    Switching      Leakage        Total
                            Power        Power        Power        Power (Watts)
------------------------------------------------------------------------
Sequential           3.232268e-05 0.000000e+00 2.611664e-10 3.232294e-05  33.9%
Combinational        1.056413e-06 3.514019e-06 2.388905e-09 4.572822e-06   4.8%
Clock                3.200713e-05 2.644929e-05 2.377946e-09 5.845879e-05  61.3%
Macro                0.000000e+00 0.000000e+00 0.000000e+00 0.000000e+00   0.0%
Pad                  0.000000e+00 0.000000e+00 0.000000e+00 0.000000e+00   0.0%
------------------------------------------------------------------------
Total                6.538622e-05 2.996330e-05 5.028033e-09 9.535455e-05 100.0%
                            68.6%        31.4%         0.0%

