Clock: gpio_in[38]
Sources: gpio_in[38] 
Generated: no
Virtual: yes
Propagated: no
Period: 25.000000

===========================================================================
report_clock_properties
============================================================================
Clock                   Period          Waveform
----------------------------------------------------
gpio_in[38]          25.000000    0.000000 12.500000

===========================================================================
report_clock_latency
============================================================================
Clock gpio_in[38]
rise -> rise
    min     max
0.000000 0.000000 source latency
0.512563         network latency _106_/CLK
        0.520578 network latency _100_/CLK
---------------
0.512563 0.520578 latency
        0.008015 skew

fall -> fall
    min     max
0.000000 0.000000 source latency
0.408371         network latency _106_/CLK
        0.414485 network latency _100_/CLK
---------------
0.408371 0.414485 latency
        0.006114 skew



===========================================================================
report_clock_min_period
============================================================================
gpio_in[38] period_min = 2.27 fmax = 440.85
