Clock: gpio_in[38]
Sources: gpio_in[38] 
Generated: no
Virtual: yes
Propagated: no
Period: 25.000000

===========================================================================
report_clock_properties
============================================================================
Clock                   Period          Waveform
----------------------------------------------------
gpio_in[38]          25.000000    0.000000 12.500000

===========================================================================
report_clock_latency
============================================================================
Clock gpio_in[38]
rise -> rise
    min     max
0.000000 0.000000 source latency
0.782861         network latency _106_/CLK
        0.794533 network latency _100_/CLK
---------------
0.782861 0.794533 latency
        0.011672 skew

fall -> fall
    min     max
0.000000 0.000000 source latency
0.619275         network latency _103_/CLK
        0.628093 network latency _100_/CLK
---------------
0.619275 0.628093 latency
        0.008818 skew



===========================================================================
report_clock_min_period
============================================================================
gpio_in[38] period_min = 3.42 fmax = 292.72
