Clock: gpio_in[38]
Sources: gpio_in[38] 
Generated: no
Virtual: yes
Propagated: no
Period: 25.000000

===========================================================================
report_clock_properties
============================================================================
Clock                   Period          Waveform
----------------------------------------------------
gpio_in[38]          25.000000    0.000000 12.500000

===========================================================================
report_clock_latency
============================================================================
Clock gpio_in[38]
rise -> rise
    min     max
0.000000 0.000000 source latency
0.560142         network latency _103_/CLK
        0.571738 network latency _100_/CLK
---------------
0.560142 0.571738 latency
        0.011597 skew

fall -> fall
    min     max
0.000000 0.000000 source latency
0.450028         network latency _103_/CLK
        0.459587 network latency _100_/CLK
---------------
0.450028 0.459587 latency
        0.009559 skew



===========================================================================
report_clock_min_period
============================================================================
gpio_in[38] period_min = 2.35 fmax = 425.21
