
===========================================================================
 report_power
============================================================================
======================= max_ff_n40C_1v95 Corner ===================================

Group                    Internal    Switching      Leakage        Total
                            Power        Power        Power        Power (Watts)
------------------------------------------------------------------------
Sequential           3.760737e-05 0.000000e+00 3.310147e-10 3.760770e-05  32.9%
Combinational        1.194230e-06 4.474607e-06 3.809082e-09 5.672646e-06   5.0%
Clock                3.669700e-05 3.440088e-05 3.000096e-09 7.110088e-05  62.2%
Macro                0.000000e+00 0.000000e+00 0.000000e+00 0.000000e+00   0.0%
Pad                  0.000000e+00 0.000000e+00 0.000000e+00 0.000000e+00   0.0%
------------------------------------------------------------------------
Total                7.549860e-05 3.887549e-05 7.140068e-09 1.143812e-04 100.0%
                            66.0%        34.0%         0.0%

