
===========================================================================
report_checks -path_delay max (Setup)
============================================================================
======================= nom_ss_100C_1v60 Corner ===================================

Startpoint: gpio_in[0] (input port clocked by __VIRTUAL_CLK__)
Endpoint: gpio_oeb[21] (output port clocked by __VIRTUAL_CLK__)
Path Group: __VIRTUAL_CLK__
Path Type: max

Fanout         Cap        Slew       Delay        Time   Description
---------------------------------------------------------------------------------------------
                      0.000000    0.000000    0.000000   clock __VIRTUAL_CLK__ (rise edge)
                                  0.000000    0.000000   clock network delay (ideal)
                                  2.000000    2.000000 v input external delay
     1    0.340760    1.419480    1.069966    3.069966 v gpio_in[0] (in)
                                                         gpio_in[0] (net)
                      1.425940    0.000000    3.069966 v mprj/gpio_in[0] (counter_gpio_config_example)
     1    0.682193    2.875967    2.153290    5.223256 ^ mprj/gpio_oeb[21] (counter_gpio_config_example)
                                                         gpio_oeb[21] (net)
                      4.489691    1.701233    6.924489 ^ gpio_oeb[21] (out)
                                              6.924489   data arrival time

                      0.000000   10.000000   10.000000   clock __VIRTUAL_CLK__ (rise edge)
                                  0.000000   10.000000   clock network delay (ideal)
                                 -0.250000    9.750000   clock uncertainty
                                  0.000000    9.750000   clock reconvergence pessimism
                                 -2.000000    7.750000   output external delay
                                              7.750000   data required time
---------------------------------------------------------------------------------------------
                                              7.750000   data required time
                                             -6.924489   data arrival time
---------------------------------------------------------------------------------------------
                                              0.825511   slack (MET)


Startpoint: gpio_in[0] (input port clocked by __VIRTUAL_CLK__)
Endpoint: gpio_oeb[18] (output port clocked by __VIRTUAL_CLK__)
Path Group: __VIRTUAL_CLK__
Path Type: max

Fanout         Cap        Slew       Delay        Time   Description
---------------------------------------------------------------------------------------------
                      0.000000    0.000000    0.000000   clock __VIRTUAL_CLK__ (rise edge)
                                  0.000000    0.000000   clock network delay (ideal)
                                  2.000000    2.000000 v input external delay
     1    0.340760    1.419480    1.069966    3.069966 v gpio_in[0] (in)
                                                         gpio_in[0] (net)
                      1.425940    0.000000    3.069966 v mprj/gpio_in[0] (counter_gpio_config_example)
     1    0.667591    3.092712    2.145852    5.215818 ^ mprj/gpio_oeb[18] (counter_gpio_config_example)
                                                         gpio_oeb[18] (net)
                      4.197183    1.481994    6.697813 ^ gpio_oeb[18] (out)
                                              6.697813   data arrival time

                      0.000000   10.000000   10.000000   clock __VIRTUAL_CLK__ (rise edge)
                                  0.000000   10.000000   clock network delay (ideal)
                                 -0.250000    9.750000   clock uncertainty
                                  0.000000    9.750000   clock reconvergence pessimism
                                 -2.000000    7.750000   output external delay
                                              7.750000   data required time
---------------------------------------------------------------------------------------------
                                              7.750000   data required time
                                             -6.697813   data arrival time
---------------------------------------------------------------------------------------------
                                              1.052187   slack (MET)


Startpoint: gpio_in[0] (input port clocked by __VIRTUAL_CLK__)
Endpoint: gpio_oeb[19] (output port clocked by __VIRTUAL_CLK__)
Path Group: __VIRTUAL_CLK__
Path Type: max

Fanout         Cap        Slew       Delay        Time   Description
---------------------------------------------------------------------------------------------
                      0.000000    0.000000    0.000000   clock __VIRTUAL_CLK__ (rise edge)
                                  0.000000    0.000000   clock network delay (ideal)
                                  2.000000    2.000000 v input external delay
     1    0.340760    1.419480    1.069966    3.069966 v gpio_in[0] (in)
                                                         gpio_in[0] (net)
                      1.425940    0.000000    3.069966 v mprj/gpio_in[0] (counter_gpio_config_example)
     1    0.673281    3.105934    2.455152    5.525118 ^ mprj/gpio_oeb[19] (counter_gpio_config_example)
                                                         gpio_oeb[19] (net)
                      3.704447    1.030941    6.556059 ^ gpio_oeb[19] (out)
                                              6.556059   data arrival time

                      0.000000   10.000000   10.000000   clock __VIRTUAL_CLK__ (rise edge)
                                  0.000000   10.000000   clock network delay (ideal)
                                 -0.250000    9.750000   clock uncertainty
                                  0.000000    9.750000   clock reconvergence pessimism
                                 -2.000000    7.750000   output external delay
                                              7.750000   data required time
---------------------------------------------------------------------------------------------
                                              7.750000   data required time
                                             -6.556059   data arrival time
---------------------------------------------------------------------------------------------
                                              1.193941   slack (MET)


Startpoint: gpio_in[0] (input port clocked by __VIRTUAL_CLK__)
Endpoint: gpio_oeb[20] (output port clocked by __VIRTUAL_CLK__)
Path Group: __VIRTUAL_CLK__
Path Type: max

Fanout         Cap        Slew       Delay        Time   Description
---------------------------------------------------------------------------------------------
                      0.000000    0.000000    0.000000   clock __VIRTUAL_CLK__ (rise edge)
                                  0.000000    0.000000   clock network delay (ideal)
                                  2.000000    2.000000 v input external delay
     1    0.340760    1.419480    1.069966    3.069966 v gpio_in[0] (in)
                                                         gpio_in[0] (net)
                      1.425940    0.000000    3.069966 v mprj/gpio_in[0] (counter_gpio_config_example)
     1    0.638575    3.038938    2.675610    5.745576 ^ mprj/gpio_oeb[20] (counter_gpio_config_example)
                                                         gpio_oeb[20] (net)
                      3.083458    0.295245    6.040821 ^ gpio_oeb[20] (out)
                                              6.040821   data arrival time

                      0.000000   10.000000   10.000000   clock __VIRTUAL_CLK__ (rise edge)
                                  0.000000   10.000000   clock network delay (ideal)
                                 -0.250000    9.750000   clock uncertainty
                                  0.000000    9.750000   clock reconvergence pessimism
                                 -2.000000    7.750000   output external delay
                                              7.750000   data required time
---------------------------------------------------------------------------------------------
                                              7.750000   data required time
                                             -6.040821   data arrival time
---------------------------------------------------------------------------------------------
                                              1.709179   slack (MET)



