Clock: gpio_in[38]
Sources: gpio_in[38] 
Generated: no
Virtual: yes
Propagated: no
Period: 25.000000

===========================================================================
report_clock_properties
============================================================================
Clock                   Period          Waveform
----------------------------------------------------
gpio_in[38]          25.000000    0.000000 12.500000

===========================================================================
report_clock_latency
============================================================================
Clock gpio_in[38]
rise -> rise
    min     max
0.000000 0.000000 source latency
0.808731         network latency _103_/CLK
        0.823025 network latency _100_/CLK
---------------
0.808731 0.823025 latency
        0.014294 skew

fall -> fall
    min     max
0.000000 0.000000 source latency
0.640103         network latency _103_/CLK
        0.651363 network latency _100_/CLK
---------------
0.640103 0.651363 latency
        0.011259 skew



===========================================================================
report_clock_min_period
============================================================================
gpio_in[38] period_min = 3.48 fmax = 287.40
