
===========================================================================
 report_power
============================================================================
======================= max_tt_025C_1v80 Corner ===================================

Group                    Internal    Switching      Leakage        Total
                            Power        Power        Power        Power (Watts)
------------------------------------------------------------------------
Sequential           3.233596e-05 0.000000e+00 2.611664e-10 3.233622e-05  32.8%
Combinational        1.056025e-06 3.828332e-06 2.388905e-09 4.886745e-06   5.0%
Clock                3.208477e-05 2.939674e-05 2.377946e-09 6.148389e-05  62.3%
Macro                0.000000e+00 0.000000e+00 0.000000e+00 0.000000e+00   0.0%
Pad                  0.000000e+00 0.000000e+00 0.000000e+00 0.000000e+00   0.0%
------------------------------------------------------------------------
Total                6.547674e-05 3.322507e-05 5.028033e-09 9.870684e-05 100.0%
                            66.3%        33.7%         0.0%

